Archive member included to satisfy reference by file (symbol)

c:/st/stm32cubeide_1.8.0/stm32cubeide/plugins/com.st.stm32cube.ide.mcu.externaltools.gnu-tools-for-stm32.9-2020-q2-update.win32_2.0.0.202105311346/tools/bin/../lib/gcc/arm-none-eabi/9.3.1/../../../../arm-none-eabi/lib/thumb/v7e-m+dp/hard\libc_nano.a(lib_a-errno.o)
                              ./Core/Src/syscalls.o (__errno)
c:/st/stm32cubeide_1.8.0/stm32cubeide/plugins/com.st.stm32cube.ide.mcu.externaltools.gnu-tools-for-stm32.9-2020-q2-update.win32_2.0.0.202105311346/tools/bin/../lib/gcc/arm-none-eabi/9.3.1/../../../../arm-none-eabi/lib/thumb/v7e-m+dp/hard\libc_nano.a(lib_a-exit.o)
                              c:/st/stm32cubeide_1.8.0/stm32cubeide/plugins/com.st.stm32cube.ide.mcu.externaltools.gnu-tools-for-stm32.9-2020-q2-update.win32_2.0.0.202105311346/tools/bin/../lib/gcc/arm-none-eabi/9.3.1/../../../../arm-none-eabi/lib/thumb/v7e-m+dp/hard/crt0.o (exit)
c:/st/stm32cubeide_1.8.0/stm32cubeide/plugins/com.st.stm32cube.ide.mcu.externaltools.gnu-tools-for-stm32.9-2020-q2-update.win32_2.0.0.202105311346/tools/bin/../lib/gcc/arm-none-eabi/9.3.1/../../../../arm-none-eabi/lib/thumb/v7e-m+dp/hard\libc_nano.a(lib_a-impure.o)
                              c:/st/stm32cubeide_1.8.0/stm32cubeide/plugins/com.st.stm32cube.ide.mcu.externaltools.gnu-tools-for-stm32.9-2020-q2-update.win32_2.0.0.202105311346/tools/bin/../lib/gcc/arm-none-eabi/9.3.1/../../../../arm-none-eabi/lib/thumb/v7e-m+dp/hard\libc_nano.a(lib_a-exit.o) (_global_impure_ptr)
c:/st/stm32cubeide_1.8.0/stm32cubeide/plugins/com.st.stm32cube.ide.mcu.externaltools.gnu-tools-for-stm32.9-2020-q2-update.win32_2.0.0.202105311346/tools/bin/../lib/gcc/arm-none-eabi/9.3.1/../../../../arm-none-eabi/lib/thumb/v7e-m+dp/hard\libc_nano.a(lib_a-init.o)
                              c:/st/stm32cubeide_1.8.0/stm32cubeide/plugins/com.st.stm32cube.ide.mcu.externaltools.gnu-tools-for-stm32.9-2020-q2-update.win32_2.0.0.202105311346/tools/bin/../lib/gcc/arm-none-eabi/9.3.1/../../../../arm-none-eabi/lib/thumb/v7e-m+dp/hard/crt0.o (__libc_init_array)
c:/st/stm32cubeide_1.8.0/stm32cubeide/plugins/com.st.stm32cube.ide.mcu.externaltools.gnu-tools-for-stm32.9-2020-q2-update.win32_2.0.0.202105311346/tools/bin/../lib/gcc/arm-none-eabi/9.3.1/../../../../arm-none-eabi/lib/thumb/v7e-m+dp/hard\libc_nano.a(lib_a-memcpy-stub.o)
                              ./Drivers/STM32H7xx_HAL_Driver/Src/stm32h7xx_hal_fdcan.o (memcpy)
c:/st/stm32cubeide_1.8.0/stm32cubeide/plugins/com.st.stm32cube.ide.mcu.externaltools.gnu-tools-for-stm32.9-2020-q2-update.win32_2.0.0.202105311346/tools/bin/../lib/gcc/arm-none-eabi/9.3.1/../../../../arm-none-eabi/lib/thumb/v7e-m+dp/hard\libc_nano.a(lib_a-memset.o)
                              c:/st/stm32cubeide_1.8.0/stm32cubeide/plugins/com.st.stm32cube.ide.mcu.externaltools.gnu-tools-for-stm32.9-2020-q2-update.win32_2.0.0.202105311346/tools/bin/../lib/gcc/arm-none-eabi/9.3.1/../../../../arm-none-eabi/lib/thumb/v7e-m+dp/hard/crt0.o (memset)
c:/st/stm32cubeide_1.8.0/stm32cubeide/plugins/com.st.stm32cube.ide.mcu.externaltools.gnu-tools-for-stm32.9-2020-q2-update.win32_2.0.0.202105311346/tools/bin/../lib/gcc/arm-none-eabi/9.3.1/thumb/v7e-m+dp/hard\libgcc.a(_aeabi_uldivmod.o)
                              ./Drivers/STM32H7xx_HAL_Driver/Src/stm32h7xx_hal_uart.o (__aeabi_uldivmod)
c:/st/stm32cubeide_1.8.0/stm32cubeide/plugins/com.st.stm32cube.ide.mcu.externaltools.gnu-tools-for-stm32.9-2020-q2-update.win32_2.0.0.202105311346/tools/bin/../lib/gcc/arm-none-eabi/9.3.1/thumb/v7e-m+dp/hard\libgcc.a(_udivmoddi4.o)
                              c:/st/stm32cubeide_1.8.0/stm32cubeide/plugins/com.st.stm32cube.ide.mcu.externaltools.gnu-tools-for-stm32.9-2020-q2-update.win32_2.0.0.202105311346/tools/bin/../lib/gcc/arm-none-eabi/9.3.1/thumb/v7e-m+dp/hard\libgcc.a(_aeabi_uldivmod.o) (__udivmoddi4)
c:/st/stm32cubeide_1.8.0/stm32cubeide/plugins/com.st.stm32cube.ide.mcu.externaltools.gnu-tools-for-stm32.9-2020-q2-update.win32_2.0.0.202105311346/tools/bin/../lib/gcc/arm-none-eabi/9.3.1/thumb/v7e-m+dp/hard\libgcc.a(_dvmd_tls.o)
                              c:/st/stm32cubeide_1.8.0/stm32cubeide/plugins/com.st.stm32cube.ide.mcu.externaltools.gnu-tools-for-stm32.9-2020-q2-update.win32_2.0.0.202105311346/tools/bin/../lib/gcc/arm-none-eabi/9.3.1/thumb/v7e-m+dp/hard\libgcc.a(_aeabi_uldivmod.o) (__aeabi_ldiv0)

Allocating common symbols
Common symbol       size              file

sFilterConfig       0x20              ./Core/Src/main.o
huart3              0x90              ./Core/Src/main.o
uwTick              0x4               ./Drivers/STM32H7xx_HAL_Driver/Src/stm32h7xx_hal.o
pFlash              0x1c              ./Drivers/STM32H7xx_HAL_Driver/Src/stm32h7xx_hal_flash.o
RxData_From_Node1   0x8               ./Core/Src/main.o
hfdcan1             0xa0              ./Core/Src/main.o
RxData_From_Node2   0x8               ./Core/Src/main.o
data                0x32              ./Core/Src/main.o
[...]
Memory Configuration

Name             Origin             Length             Attributes
ITCMRAM          0x0000000000000000 0x0000000000010000 xrw
FLASH            0x0000000008000000 0x0000000000200000 xr
DTCMRAM1         0x0000000020000000 0x0000000000010000 xrw
DTCMRAM2         0x0000000020010000 0x0000000000010000 xrw
RAM              0x0000000024000000 0x0000000000100000 xrw
RAM_CD           0x0000000030000000 0x0000000000020000 xrw
RAM_SRD          0x0000000038000000 0x0000000000008000 xrw
*default*        0x0000000000000000 0xffffffffffffffff

Linker script and memory map

LOAD c:/st/stm32cubeide_1.8.0/stm32cubeide/plugins/com.st.stm32cube.ide.mcu.externaltools.gnu-tools-for-stm32.9-2020-q2-update.win32_2.0.0.202105311346/tools/bin/../lib/gcc/arm-none-eabi/9.3.1/thumb/v7e-m+dp/hard/crti.o
LOAD c:/st/stm32cubeide_1.8.0/stm32cubeide/plugins/com.st.stm32cube.ide.mcu.externaltools.gnu-tools-for-stm32.9-2020-q2-update.win32_2.0.0.202105311346/tools/bin/../lib/gcc/arm-none-eabi/9.3.1/thumb/v7e-m+dp/hard/crtbegin.o
LOAD c:/st/stm32cubeide_1.8.0/stm32cubeide/plugins/com.st.stm32cube.ide.mcu.externaltools.gnu-tools-for-stm32.9-2020-q2-update.win32_2.0.0.202105311346/tools/bin/../lib/gcc/arm-none-eabi/9.3.1/../../../../arm-none-eabi/lib/thumb/v7e-m+dp/hard/crt0.o
LOAD ./Core/Src/NRF24L01.o
LOAD ./Core/Src/main.o
LOAD ./Core/Src/stm32h7xx_hal_msp.o
LOAD ./Core/Src/stm32h7xx_it.o
LOAD ./Core/Src/syscalls.o
LOAD ./Core/Src/sysmem.o
LOAD ./Core/Src/system_stm32h7xx.o
LOAD ./Core/Startup/startup_stm32h7a3zitxq.o
LOAD ./Drivers/STM32H7xx_HAL_Driver/Src/stm32h7xx_hal.o
LOAD ./Drivers/STM32H7xx_HAL_Driver/Src/stm32h7xx_hal_cortex.o
LOAD ./Drivers/STM32H7xx_HAL_Driver/Src/stm32h7xx_hal_dma.o
LOAD ./Drivers/STM32H7xx_HAL_Driver/Src/stm32h7xx_hal_dma_ex.o
LOAD ./Drivers/STM32H7xx_HAL_Driver/Src/stm32h7xx_hal_exti.o
LOAD ./Drivers/STM32H7xx_HAL_Driver/Src/stm32h7xx_hal_fdcan.o
LOAD ./Drivers/STM32H7xx_HAL_Driver/Src/stm32h7xx_hal_flash.o
LOAD ./Drivers/STM32H7xx_HAL_Driver/Src/stm32h7xx_hal_flash_ex.o
LOAD ./Drivers/STM32H7xx_HAL_Driver/Src/stm32h7xx_hal_gpio.o
LOAD ./Drivers/STM32H7xx_HAL_Driver/Src/stm32h7xx_hal_hsem.o
LOAD ./Drivers/STM32H7xx_HAL_Driver/Src/stm32h7xx_hal_i2c.o
LOAD ./Drivers/STM32H7xx_HAL_Driver/Src/stm32h7xx_hal_i2c_ex.o
LOAD ./Drivers/STM32H7xx_HAL_Driver/Src/stm32h7xx_hal_mdma.o
LOAD ./Drivers/STM32H7xx_HAL_Driver/Src/stm32h7xx_hal_pwr.o
LOAD ./Drivers/STM32H7xx_HAL_Driver/Src/stm32h7xx_hal_pwr_ex.o
LOAD ./Drivers/STM32H7xx_HAL_Driver/Src/stm32h7xx_hal_rcc.o
LOAD ./Drivers/STM32H7xx_HAL_Driver/Src/stm32h7xx_hal_rcc_ex.o
LOAD ./Drivers/STM32H7xx_HAL_Driver/Src/stm32h7xx_hal_spi.o
LOAD ./Drivers/STM32H7xx_HAL_Driver/Src/stm32h7xx_hal_spi_ex.o
LOAD ./Drivers/STM32H7xx_HAL_Driver/Src/stm32h7xx_hal_tim.o
LOAD ./Drivers/STM32H7xx_HAL_Driver/Src/stm32h7xx_hal_tim_ex.o
LOAD ./Drivers/STM32H7xx_HAL_Driver/Src/stm32h7xx_hal_uart.o
LOAD ./Drivers/STM32H7xx_HAL_Driver/Src/stm32h7xx_hal_uart_ex.o
START GROUP
LOAD c:/st/stm32cubeide_1.8.0/stm32cubeide/plugins/com.st.stm32cube.ide.mcu.externaltools.gnu-tools-for-stm32.9-2020-q2-update.win32_2.0.0.202105311346/tools/bin/../lib/gcc/arm-none-eabi/9.3.1/../../../../arm-none-eabi/lib/thumb/v7e-m+dp/hard\libc_nano.a
LOAD c:/st/stm32cubeide_1.8.0/stm32cubeide/plugins/com.st.stm32cube.ide.mcu.externaltools.gnu-tools-for-stm32.9-2020-q2-update.win32_2.0.0.202105311346/tools/bin/../lib/gcc/arm-none-eabi/9.3.1/../../../../arm-none-eabi/lib/thumb/v7e-m+dp/hard\libm.a
END GROUP
START GROUP
LOAD c:/st/stm32cubeide_1.8.0/stm32cubeide/plugins/com.st.stm32cube.ide.mcu.externaltools.gnu-tools-for-stm32.9-2020-q2-update.win32_2.0.0.202105311346/tools/bin/../lib/gcc/arm-none-eabi/9.3.1/thumb/v7e-m+dp/hard\libgcc.a
LOAD c:/st/stm32cubeide_1.8.0/stm32cubeide/plugins/com.st.stm32cube.ide.mcu.externaltools.gnu-tools-for-stm32.9-2020-q2-update.win32_2.0.0.202105311346/tools/bin/../lib/gcc/arm-none-eabi/9.3.1/../../../../arm-none-eabi/lib/thumb/v7e-m+dp/hard\libc_nano.a
END GROUP
START GROUP
LOAD c:/st/stm32cubeide_1.8.0/stm32cubeide/plugins/com.st.stm32cube.ide.mcu.externaltools.gnu-tools-for-stm32.9-2020-q2-update.win32_2.0.0.202105311346/tools/bin/../lib/gcc/arm-none-eabi/9.3.1/thumb/v7e-m+dp/hard\libgcc.a
LOAD c:/st/stm32cubeide_1.8.0/stm32cubeide/plugins/com.st.stm32cube.ide.mcu.externaltools.gnu-tools-for-stm32.9-2020-q2-update.win32_2.0.0.202105311346/tools/bin/../lib/gcc/arm-none-eabi/9.3.1/../../../../arm-none-eabi/lib/thumb/v7e-m+dp/hard\libc_nano.a
LOAD c:/st/stm32cubeide_1.8.0/stm32cubeide/plugins/com.st.stm32cube.ide.mcu.externaltools.gnu-tools-for-stm32.9-2020-q2-update.win32_2.0.0.202105311346/tools/bin/../lib/gcc/arm-none-eabi/9.3.1/../../../../arm-none-eabi/lib/thumb/v7e-m+dp/hard\libnosys.a
END GROUP
START GROUP
LOAD c:/st/stm32cubeide_1.8.0/stm32cubeide/plugins/com.st.stm32cube.ide.mcu.externaltools.gnu-tools-for-stm32.9-2020-q2-update.win32_2.0.0.202105311346/tools/bin/../lib/gcc/arm-none-eabi/9.3.1/thumb/v7e-m+dp/hard\libgcc.a
LOAD c:/st/stm32cubeide_1.8.0/stm32cubeide/plugins/com.st.stm32cube.ide.mcu.externaltools.gnu-tools-for-stm32.9-2020-q2-update.win32_2.0.0.202105311346/tools/bin/../lib/gcc/arm-none-eabi/9.3.1/../../../../arm-none-eabi/lib/thumb/v7e-m+dp/hard\libc_nano.a
LOAD c:/st/stm32cubeide_1.8.0/stm32cubeide/plugins/com.st.stm32cube.ide.mcu.externaltools.gnu-tools-for-stm32.9-2020-q2-update.win32_2.0.0.202105311346/tools/bin/../lib/gcc/arm-none-eabi/9.3.1/../../../../arm-none-eabi/lib/thumb/v7e-m+dp/hard\libnosys.a
END GROUP
LOAD c:/st/stm32cubeide_1.8.0/stm32cubeide/plugins/com.st.stm32cube.ide.mcu.externaltools.gnu-tools-for-stm32.9-2020-q2-update.win32_2.0.0.202105311346/tools/bin/../lib/gcc/arm-none-eabi/9.3.1/thumb/v7e-m+dp/hard/crtend.o
LOAD c:/st/stm32cubeide_1.8.0/stm32cubeide/plugins/com.st.stm32cube.ide.mcu.externaltools.gnu-tools-for-stm32.9-2020-q2-update.win32_2.0.0.202105311346/tools/bin/../lib/gcc/arm-none-eabi/9.3.1/thumb/v7e-m+dp/hard/crtn.o
                0x0000000024100000                _estack = (ORIGIN (RAM) + LENGTH (RAM))
                0x0000000000000200                _Min_Heap_Size = 0x200
                0x0000000000000400                _Min_Stack_Size = 0x400

.isr_vector     0x0000000008000000      0x2ac
                0x0000000008000000                . = ALIGN (0x4)
 *(.isr_vector)
 .isr_vector    0x0000000008000000      0x2ac ./Core/Startup/startup_stm32h7a3zitxq.o
                0x0000000008000000                g_pfnVectors
                0x00000000080002ac                . = ALIGN (0x4)

.text           0x00000000080002ac     0x8c6c
                0x00000000080002ac                . = ALIGN (0x4)
 *(.text)
 .text          0x00000000080002ac       0x40 c:/st/stm32cubeide_1.8.0/stm32cubeide/plugins/com.st.stm32cube.ide.mcu.externaltools.gnu-tools-for-stm32.9-2020-q2-update.win32_2.0.0.202105311346/tools/bin/../lib/gcc/arm-none-eabi/9.3.1/thumb/v7e-m+dp/hard/crtbegin.o
 .text          0x00000000080002ec       0x30 c:/st/stm32cubeide_1.8.0/stm32cubeide/plugins/com.st.stm32cube.ide.mcu.externaltools.gnu-tools-for-stm32.9-2020-q2-update.win32_2.0.0.202105311346/tools/bin/../lib/gcc/arm-none-eabi/9.3.1/thumb/v7e-m+dp/hard\libgcc.a(_aeabi_uldivmod.o)
                0x00000000080002ec                __aeabi_uldivmod
 .text          0x000000000800031c      0x2c4 c:/st/stm32cubeide_1.8.0/stm32cubeide/plugins/com.st.stm32cube.ide.mcu.externaltools.gnu-tools-for-stm32.9-2020-q2-update.win32_2.0.0.202105311346/tools/bin/../lib/gcc/arm-none-eabi/9.3.1/thumb/v7e-m+dp/hard\libgcc.a(_udivmoddi4.o)
                0x000000000800031c                __udivmoddi4
 .text          0x00000000080005e0        0x4 c:/st/stm32cubeide_1.8.0/stm32cubeide/plugins/com.st.stm32cube.ide.mcu.externaltools.gnu-tools-for-stm32.9-2020-q2-update.win32_2.0.0.202105311346/tools/bin/../lib/gcc/arm-none-eabi/9.3.1/thumb/v7e-m+dp/hard\libgcc.a(_dvmd_tls.o)
                0x00000000080005e0                __aeabi_idiv0
                0x00000000080005e0                __aeabi_ldiv0
 *(.text*)
 .text.CS_Select
                0x00000000080005e4       0x18 ./Core/Src/NRF24L01.o
                0x00000000080005e4                CS_Select
 .text.CS_UnSelect
                0x00000000080005fc       0x18 ./Core/Src/NRF24L01.o
                0x00000000080005fc                CS_UnSelect
 .text.CE_Enable
                0x0000000008000614       0x18 ./Core/Src/NRF24L01.o
                0x0000000008000614                CE_Enable
 .text.CE_Disable
                0x000000000800062c       0x18 ./Core/Src/NRF24L01.o
                0x000000000800062c                CE_Disable
 .text.nrf24_WriteReg
                0x0000000008000644       0x44 ./Core/Src/NRF24L01.o
                0x0000000008000644                nrf24_WriteReg
 .text.nrf24_WriteRegMulti
                0x0000000008000688       0x4c ./Core/Src/NRF24L01.o
                0x0000000008000688                nrf24_WriteRegMulti
 .text.nrf24_ReadReg
                0x00000000080006d4       0x40 ./Core/Src/NRF24L01.o
                0x00000000080006d4                nrf24_ReadReg
 .text.nrf24_ReadReg_Multi
                0x0000000008000714       0x40 ./Core/Src/NRF24L01.o
                0x0000000008000714                nrf24_ReadReg_Multi
 .text.nrfsendCmd
                0x0000000008000754       0x2c ./Core/Src/NRF24L01.o
                0x0000000008000754                nrfsendCmd
 .text.nrf24_reset
                0x0000000008000780      0x14c ./Core/Src/NRF24L01.o
                0x0000000008000780                nrf24_reset
 .text.NRF24_Init
                0x00000000080008cc       0x4e ./Core/Src/NRF24L01.o
                0x00000000080008cc                NRF24_Init
 .text.NRF24_RxMode
                0x000000000800091a       0x7e ./Core/Src/NRF24L01.o
                0x000000000800091a                NRF24_RxMode
 .text.isDataAvailable
                0x0000000008000998       0x3e ./Core/Src/NRF24L01.o
                0x0000000008000998                isDataAvailable
 *fill*         0x00000000080009d6        0x2 
 .text.NRF24_Receive
                0x00000000080009d8       0x54 ./Core/Src/NRF24L01.o
                0x00000000080009d8                NRF24_Receive
 .text.NRF24_ReadAll
                0x0000000008000a2c       0xcc ./Core/Src/NRF24L01.o
                0x0000000008000a2c                NRF24_ReadAll
 .text.HAL_FDCAN_RxFifo0Callback
                0x0000000008000af8       0x48 ./Core/Src/main.o
                0x0000000008000af8                HAL_FDCAN_RxFifo0Callback
 .text.main     0x0000000008000b40      0x12c ./Core/Src/main.o
                0x0000000008000b40                main
 .text.SystemClock_Config
                0x0000000008000c6c       0xdc ./Core/Src/main.o
                0x0000000008000c6c                SystemClock_Config
 .text.MX_FDCAN1_Init
                0x0000000008000d48      0x130 ./Core/Src/main.o
 .text.MX_SPI1_Init
                0x0000000008000e78       0xac ./Core/Src/main.o
 .text.MX_TIM1_Init
                0x0000000008000f24      0x188 ./Core/Src/main.o
 .text.MX_USART3_UART_Init
                0x00000000080010ac       0x98 ./Core/Src/main.o
 .text.MX_GPIO_Init
                0x0000000008001144      0x204 ./Core/Src/main.o
 .text.Error_Handler
                0x0000000008001348        0xa ./Core/Src/main.o
                0x0000000008001348                Error_Handler
 *fill*         0x0000000008001352        0x2 
 .text.HAL_MspInit
                0x0000000008001354       0x34 ./Core/Src/stm32h7xx_hal_msp.o
                0x0000000008001354                HAL_MspInit
 .text.HAL_FDCAN_MspInit
                0x0000000008001388       0xdc ./Core/Src/stm32h7xx_hal_msp.o
                0x0000000008001388                HAL_FDCAN_MspInit
 .text.HAL_SPI_MspInit
                0x0000000008001464       0xc8 ./Core/Src/stm32h7xx_hal_msp.o
                0x0000000008001464                HAL_SPI_MspInit
 .text.HAL_TIM_Base_MspInit
                0x000000000800152c       0x44 ./Core/Src/stm32h7xx_hal_msp.o
                0x000000000800152c                HAL_TIM_Base_MspInit
 .text.HAL_TIM_MspPostInit
                0x0000000008001570       0x78 ./Core/Src/stm32h7xx_hal_msp.o
                0x0000000008001570                HAL_TIM_MspPostInit
 .text.HAL_UART_MspInit
                0x00000000080015e8       0xcc ./Core/Src/stm32h7xx_hal_msp.o
                0x00000000080015e8                HAL_UART_MspInit
 .text.NMI_Handler
                0x00000000080016b4        0x6 ./Core/Src/stm32h7xx_it.o
                0x00000000080016b4                NMI_Handler
 .text.HardFault_Handler
                0x00000000080016ba        0x6 ./Core/Src/stm32h7xx_it.o
                0x00000000080016ba                HardFault_Handler
 .text.MemManage_Handler
                0x00000000080016c0        0x6 ./Core/Src/stm32h7xx_it.o
                0x00000000080016c0                MemManage_Handler
 .text.BusFault_Handler
                0x00000000080016c6        0x6 ./Core/Src/stm32h7xx_it.o
                0x00000000080016c6                BusFault_Handler
 .text.UsageFault_Handler
                0x00000000080016cc        0x6 ./Core/Src/stm32h7xx_it.o
                0x00000000080016cc                UsageFault_Handler
 .text.SVC_Handler
                0x00000000080016d2        0xe ./Core/Src/stm32h7xx_it.o
                0x00000000080016d2                SVC_Handler
 .text.DebugMon_Handler
                0x00000000080016e0        0xe ./Core/Src/stm32h7xx_it.o
                0x00000000080016e0                DebugMon_Handler
 .text.PendSV_Handler
                0x00000000080016ee        0xe ./Core/Src/stm32h7xx_it.o
                0x00000000080016ee                PendSV_Handler
 .text.SysTick_Handler
                0x00000000080016fc        0xc ./Core/Src/stm32h7xx_it.o
                0x00000000080016fc                SysTick_Handler
 .text.FDCAN1_IT0_IRQHandler
                0x0000000008001708       0x14 ./Core/Src/stm32h7xx_it.o
                0x0000000008001708                FDCAN1_IT0_IRQHandler
 .text.SystemInit
                0x000000000800171c       0xf0 ./Core/Src/system_stm32h7xx.o
                0x000000000800171c                SystemInit
 .text.Reset_Handler
                0x000000000800180c       0x50 ./Core/Startup/startup_stm32h7a3zitxq.o
                0x000000000800180c                Reset_Handler
 .text.Default_Handler
                0x000000000800185c        0x2 ./Core/Startup/startup_stm32h7a3zitxq.o
                0x000000000800185c                RTC_Alarm_IRQHandler
                0x000000000800185c                EXTI2_IRQHandler
                0x000000000800185c                TIM8_CC_IRQHandler
                0x000000000800185c                UART8_IRQHandler
                0x000000000800185c                BDMA2_Channel1_IRQHandler
                0x000000000800185c                SPI4_IRQHandler
                0x000000000800185c                BDMA2_Channel0_IRQHandler
                0x000000000800185c                TIM1_CC_IRQHandler
                0x000000000800185c                DMA2_Stream5_IRQHandler
                0x000000000800185c                JPEG_IRQHandler
                0x000000000800185c                DMA1_Stream5_IRQHandler
                0x000000000800185c                EXTI3_IRQHandler
                0x000000000800185c                LPTIM4_IRQHandler
                0x000000000800185c                TIM8_TRG_COM_TIM14_IRQHandler
                0x000000000800185c                LPTIM2_IRQHandler
                0x000000000800185c                DFSDM1_FLT1_IRQHandler
                0x000000000800185c                DMAMUX2_OVR_IRQHandler
                0x000000000800185c                GFXMMU_IRQHandler
                0x000000000800185c                TIM8_UP_TIM13_IRQHandler
                0x000000000800185c                I2C3_ER_IRQHandler
                0x000000000800185c                DFSDM1_FLT2_IRQHandler
                0x000000000800185c                USART10_IRQHandler
                0x000000000800185c                MDMA_IRQHandler
                0x000000000800185c                LPTIM3_IRQHandler
                0x000000000800185c                BDMA2_Channel3_IRQHandler
                0x000000000800185c                HSEM1_IRQHandler
                0x000000000800185c                EXTI0_IRQHandler
                0x000000000800185c                I2C2_EV_IRQHandler
                0x000000000800185c                DAC2_IRQHandler
                0x000000000800185c                DMA1_Stream2_IRQHandler
                0x000000000800185c                FPU_IRQHandler
                0x000000000800185c                OTG_HS_WKUP_IRQHandler
                0x000000000800185c                FDCAN1_IT1_IRQHandler
                0x000000000800185c                LTDC_ER_IRQHandler
                0x000000000800185c                DMA2_Stream2_IRQHandler
                0x000000000800185c                SPI1_IRQHandler
                0x000000000800185c                OCTOSPI1_IRQHandler
                0x000000000800185c                TIM6_DAC_IRQHandler
                0x000000000800185c                BDMA2_Channel6_IRQHandler
                0x000000000800185c                DMA2_Stream3_IRQHandler
                0x000000000800185c                OCTOSPI2_IRQHandler
                0x000000000800185c                SAI2_IRQHandler
                0x000000000800185c                BDMA1_IRQHandler
                0x000000000800185c                DFSDM1_FLT3_IRQHandler
                0x000000000800185c                USART6_IRQHandler
                0x000000000800185c                TIM17_IRQHandler
                0x000000000800185c                USART3_IRQHandler
                0x000000000800185c                LPTIM5_IRQHandler
                0x000000000800185c                UART5_IRQHandler
                0x000000000800185c                DMA2_Stream0_IRQHandler
                0x000000000800185c                TIM4_IRQHandler
                0x000000000800185c                I2C1_EV_IRQHandler
                0x000000000800185c                DMA1_Stream6_IRQHandler
                0x000000000800185c                DMAMUX1_OVR_IRQHandler
                0x000000000800185c                DMA1_Stream1_IRQHandler
                0x000000000800185c                TIM16_IRQHandler
                0x000000000800185c                UART4_IRQHandler
                0x000000000800185c                TIM3_IRQHandler
                0x000000000800185c                RCC_IRQHandler
                0x000000000800185c                UART9_IRQHandler
                0x000000000800185c                TIM8_BRK_TIM12_IRQHandler
                0x000000000800185c                TIM1_TRG_COM_IRQHandler
                0x000000000800185c                Default_Handler
                0x000000000800185c                ECC_IRQHandler
                0x000000000800185c                BDMA2_Channel2_IRQHandler
                0x000000000800185c                CEC_IRQHandler
                0x000000000800185c                EXTI15_10_IRQHandler
                0x000000000800185c                DFSDM1_FLT4_IRQHandler
                0x000000000800185c                ADC_IRQHandler
                0x000000000800185c                DMA1_Stream7_IRQHandler
                0x000000000800185c                SPI5_IRQHandler
                0x000000000800185c                TIM7_IRQHandler
                0x000000000800185c                SDMMC1_IRQHandler
                0x000000000800185c                TIM5_IRQHandler
                0x000000000800185c                DMA2_Stream7_IRQHandler
                0x000000000800185c                TIM15_IRQHandler
                0x000000000800185c                I2C3_EV_IRQHandler
                0x000000000800185c                DFSDM2_IRQHandler
                0x000000000800185c                EXTI9_5_IRQHandler
                0x000000000800185c                RTC_WKUP_IRQHandler
                0x000000000800185c                LTDC_IRQHandler
                0x000000000800185c                SPDIF_RX_IRQHandler
                0x000000000800185c                PVD_PVM_IRQHandler
                0x000000000800185c                SPI2_IRQHandler
                0x000000000800185c                OTG_HS_EP1_IN_IRQHandler
                0x000000000800185c                DFSDM1_FLT5_IRQHandler
                0x000000000800185c                DMA1_Stream0_IRQHandler
                0x000000000800185c                CRS_IRQHandler
                0x000000000800185c                EXTI4_IRQHandler
                0x000000000800185c                DFSDM1_FLT6_IRQHandler
                0x000000000800185c                RNG_IRQHandler
                0x000000000800185c                FDCAN2_IT1_IRQHandler
                0x000000000800185c                COMP_IRQHandler
                0x000000000800185c                TIM1_UP_IRQHandler
                0x000000000800185c                OTG_HS_EP1_OUT_IRQHandler
                0x000000000800185c                WWDG_IRQHandler
                0x000000000800185c                SPI6_IRQHandler
                0x000000000800185c                MDIOS_IRQHandler
                0x000000000800185c                I2C4_EV_IRQHandler
                0x000000000800185c                FDCAN2_IT0_IRQHandler
                0x000000000800185c                LPUART1_IRQHandler
                0x000000000800185c                TIM2_IRQHandler
                0x000000000800185c                BDMA2_Channel5_IRQHandler
                0x000000000800185c                OTG_HS_IRQHandler
                0x000000000800185c                DMA2D_IRQHandler
                0x000000000800185c                TIM1_BRK_IRQHandler
                0x000000000800185c                EXTI1_IRQHandler
                0x000000000800185c                SDMMC2_IRQHandler
                0x000000000800185c                DTS_IRQHandler
                0x000000000800185c                UART7_IRQHandler
                0x000000000800185c                MDIOS_WKUP_IRQHandler
                0x000000000800185c                USART2_IRQHandler
                0x000000000800185c                DFSDM1_FLT0_IRQHandler
                0x000000000800185c                I2C2_ER_IRQHandler
                0x000000000800185c                DMA2_Stream1_IRQHandler
                0x000000000800185c                DFSDM1_FLT7_IRQHandler
                0x000000000800185c                FLASH_IRQHandler
                0x000000000800185c                DMA2_Stream4_IRQHandler
                0x000000000800185c                USART1_IRQHandler
                0x000000000800185c                SPI3_IRQHandler
                0x000000000800185c                WAKEUP_PIN_IRQHandler
                0x000000000800185c                DMA1_Stream4_IRQHandler
                0x000000000800185c                I2C1_ER_IRQHandler
                0x000000000800185c                FMC_IRQHandler
                0x000000000800185c                BDMA2_Channel7_IRQHandler
                0x000000000800185c                FDCAN_CAL_IRQHandler
                0x000000000800185c                SWPMI1_IRQHandler
                0x000000000800185c                LPTIM1_IRQHandler
                0x000000000800185c                DCMI_PSSI_IRQHandler
                0x000000000800185c                I2C4_ER_IRQHandler
                0x000000000800185c                DMA2_Stream6_IRQHandler
                0x000000000800185c                SAI1_IRQHandler
                0x000000000800185c                DMA1_Stream3_IRQHandler
                0x000000000800185c                RTC_TAMP_STAMP_CSS_LSE_IRQHandler
                0x000000000800185c                BDMA2_Channel4_IRQHandler
 *fill*         0x000000000800185e        0x2 
 .text.HAL_Init
                0x0000000008001860       0x78 ./Drivers/STM32H7xx_HAL_Driver/Src/stm32h7xx_hal.o
                0x0000000008001860                HAL_Init
 .text.HAL_InitTick
                0x00000000080018d8       0x6c ./Drivers/STM32H7xx_HAL_Driver/Src/stm32h7xx_hal.o
                0x00000000080018d8                HAL_InitTick
 .text.HAL_IncTick
                0x0000000008001944       0x28 ./Drivers/STM32H7xx_HAL_Driver/Src/stm32h7xx_hal.o
                0x0000000008001944                HAL_IncTick
 .text.HAL_GetTick
                0x000000000800196c       0x18 ./Drivers/STM32H7xx_HAL_Driver/Src/stm32h7xx_hal.o
                0x000000000800196c                HAL_GetTick
 .text.HAL_Delay
                0x0000000008001984       0x48 ./Drivers/STM32H7xx_HAL_Driver/Src/stm32h7xx_hal.o
                0x0000000008001984                HAL_Delay
 .text.__NVIC_SetPriorityGrouping
                0x00000000080019cc       0x48 ./Drivers/STM32H7xx_HAL_Driver/Src/stm32h7xx_hal_cortex.o
 .text.__NVIC_GetPriorityGrouping
                0x0000000008001a14       0x1c ./Drivers/STM32H7xx_HAL_Driver/Src/stm32h7xx_hal_cortex.o
 .text.__NVIC_EnableIRQ
                0x0000000008001a30       0x3c ./Drivers/STM32H7xx_HAL_Driver/Src/stm32h7xx_hal_cortex.o
 .text.__NVIC_SetPriority
                0x0000000008001a6c       0x54 ./Drivers/STM32H7xx_HAL_Driver/Src/stm32h7xx_hal_cortex.o
 .text.NVIC_EncodePriority
                0x0000000008001ac0       0x66 ./Drivers/STM32H7xx_HAL_Driver/Src/stm32h7xx_hal_cortex.o
 *fill*         0x0000000008001b26        0x2 
 .text.SysTick_Config
                0x0000000008001b28       0x44 ./Drivers/STM32H7xx_HAL_Driver/Src/stm32h7xx_hal_cortex.o
 .text.HAL_NVIC_SetPriorityGrouping
                0x0000000008001b6c       0x16 ./Drivers/STM32H7xx_HAL_Driver/Src/stm32h7xx_hal_cortex.o
                0x0000000008001b6c                HAL_NVIC_SetPriorityGrouping
 .text.HAL_NVIC_SetPriority
                0x0000000008001b82       0x34 ./Drivers/STM32H7xx_HAL_Driver/Src/stm32h7xx_hal_cortex.o
                0x0000000008001b82                HAL_NVIC_SetPriority
 .text.HAL_NVIC_EnableIRQ
                0x0000000008001bb6       0x1c ./Drivers/STM32H7xx_HAL_Driver/Src/stm32h7xx_hal_cortex.o
                0x0000000008001bb6                HAL_NVIC_EnableIRQ
 .text.HAL_SYSTICK_Config
                0x0000000008001bd2       0x18 ./Drivers/STM32H7xx_HAL_Driver/Src/stm32h7xx_hal_cortex.o
                0x0000000008001bd2                HAL_SYSTICK_Config
 *fill*         0x0000000008001bea        0x2 
 .text.HAL_FDCAN_Init
                0x0000000008001bec      0x3c4 ./Drivers/STM32H7xx_HAL_Driver/Src/stm32h7xx_hal_fdcan.o
                0x0000000008001bec                HAL_FDCAN_Init
 .text.HAL_FDCAN_ConfigFilter
                0x0000000008001fb0       0xec ./Drivers/STM32H7xx_HAL_Driver/Src/stm32h7xx_hal_fdcan.o
                0x0000000008001fb0                HAL_FDCAN_ConfigFilter
 .text.HAL_FDCAN_Start
                0x000000000800209c       0x56 ./Drivers/STM32H7xx_HAL_Driver/Src/stm32h7xx_hal_fdcan.o
                0x000000000800209c                HAL_FDCAN_Start
 *fill*         0x00000000080020f2        0x2 
 .text.HAL_FDCAN_GetRxMessage
                0x00000000080020f4      0x2dc ./Drivers/STM32H7xx_HAL_Driver/Src/stm32h7xx_hal_fdcan.o
                0x00000000080020f4                HAL_FDCAN_GetRxMessage
 .text.HAL_FDCAN_ActivateNotification
                0x00000000080023d0       0xf4 ./Drivers/STM32H7xx_HAL_Driver/Src/stm32h7xx_hal_fdcan.o
                0x00000000080023d0                HAL_FDCAN_ActivateNotification
 .text.HAL_FDCAN_IRQHandler
                0x00000000080024c4      0x4bc ./Drivers/STM32H7xx_HAL_Driver/Src/stm32h7xx_hal_fdcan.o
                0x00000000080024c4                HAL_FDCAN_IRQHandler
 .text.HAL_FDCAN_ClockCalibrationCallback
                0x0000000008002980       0x16 ./Drivers/STM32H7xx_HAL_Driver/Src/stm32h7xx_hal_fdcan.o
                0x0000000008002980                HAL_FDCAN_ClockCalibrationCallback
 .text.HAL_FDCAN_TxEventFifoCallback
                0x0000000008002996       0x16 ./Drivers/STM32H7xx_HAL_Driver/Src/stm32h7xx_hal_fdcan.o
                0x0000000008002996                HAL_FDCAN_TxEventFifoCallback
 .text.HAL_FDCAN_RxFifo1Callback
                0x00000000080029ac       0x16 ./Drivers/STM32H7xx_HAL_Driver/Src/stm32h7xx_hal_fdcan.o
                0x00000000080029ac                HAL_FDCAN_RxFifo1Callback
 .text.HAL_FDCAN_TxFifoEmptyCallback
                0x00000000080029c2       0x14 ./Drivers/STM32H7xx_HAL_Driver/Src/stm32h7xx_hal_fdcan.o
                0x00000000080029c2                HAL_FDCAN_TxFifoEmptyCallback
 .text.HAL_FDCAN_TxBufferCompleteCallback
                0x00000000080029d6       0x16 ./Drivers/STM32H7xx_HAL_Driver/Src/stm32h7xx_hal_fdcan.o
                0x00000000080029d6                HAL_FDCAN_TxBufferCompleteCallback
 .text.HAL_FDCAN_TxBufferAbortCallback
                0x00000000080029ec       0x16 ./Drivers/STM32H7xx_HAL_Driver/Src/stm32h7xx_hal_fdcan.o
                0x00000000080029ec                HAL_FDCAN_TxBufferAbortCallback
 .text.HAL_FDCAN_RxBufferNewMessageCallback
                0x0000000008002a02       0x14 ./Drivers/STM32H7xx_HAL_Driver/Src/stm32h7xx_hal_fdcan.o
                0x0000000008002a02                HAL_FDCAN_RxBufferNewMessageCallback
 .text.HAL_FDCAN_TimestampWraparoundCallback
                0x0000000008002a16       0x14 ./Drivers/STM32H7xx_HAL_Driver/Src/stm32h7xx_hal_fdcan.o
                0x0000000008002a16                HAL_FDCAN_TimestampWraparoundCallback
 .text.HAL_FDCAN_TimeoutOccurredCallback
                0x0000000008002a2a       0x14 ./Drivers/STM32H7xx_HAL_Driver/Src/stm32h7xx_hal_fdcan.o
                0x0000000008002a2a                HAL_FDCAN_TimeoutOccurredCallback
 .text.HAL_FDCAN_HighPriorityMessageCallback
                0x0000000008002a3e       0x14 ./Drivers/STM32H7xx_HAL_Driver/Src/stm32h7xx_hal_fdcan.o
                0x0000000008002a3e                HAL_FDCAN_HighPriorityMessageCallback
 .text.HAL_FDCAN_ErrorCallback
                0x0000000008002a52       0x14 ./Drivers/STM32H7xx_HAL_Driver/Src/stm32h7xx_hal_fdcan.o
                0x0000000008002a52                HAL_FDCAN_ErrorCallback
 .text.HAL_FDCAN_ErrorStatusCallback
                0x0000000008002a66       0x16 ./Drivers/STM32H7xx_HAL_Driver/Src/stm32h7xx_hal_fdcan.o
                0x0000000008002a66                HAL_FDCAN_ErrorStatusCallback
 .text.HAL_FDCAN_TT_ScheduleSyncCallback
                0x0000000008002a7c       0x16 ./Drivers/STM32H7xx_HAL_Driver/Src/stm32h7xx_hal_fdcan.o
                0x0000000008002a7c                HAL_FDCAN_TT_ScheduleSyncCallback
 .text.HAL_FDCAN_TT_TimeMarkCallback
                0x0000000008002a92       0x16 ./Drivers/STM32H7xx_HAL_Driver/Src/stm32h7xx_hal_fdcan.o
                0x0000000008002a92                HAL_FDCAN_TT_TimeMarkCallback
 .text.HAL_FDCAN_TT_StopWatchCallback
                0x0000000008002aa8       0x18 ./Drivers/STM32H7xx_HAL_Driver/Src/stm32h7xx_hal_fdcan.o
                0x0000000008002aa8                HAL_FDCAN_TT_StopWatchCallback
 .text.HAL_FDCAN_TT_GlobalTimeCallback
                0x0000000008002ac0       0x16 ./Drivers/STM32H7xx_HAL_Driver/Src/stm32h7xx_hal_fdcan.o
                0x0000000008002ac0                HAL_FDCAN_TT_GlobalTimeCallback
 *fill*         0x0000000008002ad6        0x2 
 .text.FDCAN_CalcultateRamBlockAddresses
                0x0000000008002ad8      0x30c ./Drivers/STM32H7xx_HAL_Driver/Src/stm32h7xx_hal_fdcan.o
 .text.HAL_GPIO_Init
                0x0000000008002de4      0x360 ./Drivers/STM32H7xx_HAL_Driver/Src/stm32h7xx_hal_gpio.o
                0x0000000008002de4                HAL_GPIO_Init
 .text.HAL_GPIO_ReadPin
                0x0000000008003144       0x30 ./Drivers/STM32H7xx_HAL_Driver/Src/stm32h7xx_hal_gpio.o
                0x0000000008003144                HAL_GPIO_ReadPin
 .text.HAL_GPIO_WritePin
                0x0000000008003174       0x32 ./Drivers/STM32H7xx_HAL_Driver/Src/stm32h7xx_hal_gpio.o
                0x0000000008003174                HAL_GPIO_WritePin
 *fill*         0x00000000080031a6        0x2 
 .text.HAL_PWREx_ConfigSupply
                0x00000000080031a8       0xb4 ./Drivers/STM32H7xx_HAL_Driver/Src/stm32h7xx_hal_pwr_ex.o
                0x00000000080031a8                HAL_PWREx_ConfigSupply
 .text.HAL_RCC_OscConfig
                0x000000000800325c      0x808 ./Drivers/STM32H7xx_HAL_Driver/Src/stm32h7xx_hal_rcc.o
                0x000000000800325c                HAL_RCC_OscConfig
 .text.HAL_RCC_ClockConfig
                0x0000000008003a64      0x36c ./Drivers/STM32H7xx_HAL_Driver/Src/stm32h7xx_hal_rcc.o
                0x0000000008003a64                HAL_RCC_ClockConfig
 .text.HAL_RCC_GetSysClockFreq
                0x0000000008003dd0      0x2f4 ./Drivers/STM32H7xx_HAL_Driver/Src/stm32h7xx_hal_rcc.o
                0x0000000008003dd0                HAL_RCC_GetSysClockFreq
 .text.HAL_RCC_GetHCLKFreq
                0x00000000080040c4       0x60 ./Drivers/STM32H7xx_HAL_Driver/Src/stm32h7xx_hal_rcc.o
                0x00000000080040c4                HAL_RCC_GetHCLKFreq
 .text.HAL_RCC_GetPCLK1Freq
                0x0000000008004124       0x2c ./Drivers/STM32H7xx_HAL_Driver/Src/stm32h7xx_hal_rcc.o
                0x0000000008004124                HAL_RCC_GetPCLK1Freq
 .text.HAL_RCC_GetPCLK2Freq
                0x0000000008004150       0x2c ./Drivers/STM32H7xx_HAL_Driver/Src/stm32h7xx_hal_rcc.o
                0x0000000008004150                HAL_RCC_GetPCLK2Freq
 .text.HAL_RCCEx_PeriphCLKConfig
                0x000000000800417c      0xe18 ./Drivers/STM32H7xx_HAL_Driver/Src/stm32h7xx_hal_rcc_ex.o
                0x000000000800417c                HAL_RCCEx_PeriphCLKConfig
 .text.HAL_RCCEx_GetD3PCLK1Freq
                0x0000000008004f94       0x2c ./Drivers/STM32H7xx_HAL_Driver/Src/stm32h7xx_hal_rcc_ex.o
                0x0000000008004f94                HAL_RCCEx_GetD3PCLK1Freq
 .text.HAL_RCCEx_GetPLL2ClockFreq
                0x0000000008004fc0      0x2a8 ./Drivers/STM32H7xx_HAL_Driver/Src/stm32h7xx_hal_rcc_ex.o
                0x0000000008004fc0                HAL_RCCEx_GetPLL2ClockFreq
 .text.HAL_RCCEx_GetPLL3ClockFreq
                0x0000000008005268      0x2a8 ./Drivers/STM32H7xx_HAL_Driver/Src/stm32h7xx_hal_rcc_ex.o
                0x0000000008005268                HAL_RCCEx_GetPLL3ClockFreq
 .text.RCCEx_PLL2_Config
                0x0000000008005510      0x164 ./Drivers/STM32H7xx_HAL_Driver/Src/stm32h7xx_hal_rcc_ex.o
 .text.RCCEx_PLL3_Config
                0x0000000008005674      0x164 ./Drivers/STM32H7xx_HAL_Driver/Src/stm32h7xx_hal_rcc_ex.o
 .text.HAL_SPI_Init
                0x00000000080057d8      0x20c ./Drivers/STM32H7xx_HAL_Driver/Src/stm32h7xx_hal_spi.o
                0x00000000080057d8                HAL_SPI_Init
 .text.HAL_SPI_Transmit
                0x00000000080059e4      0x3e4 ./Drivers/STM32H7xx_HAL_Driver/Src/stm32h7xx_hal_spi.o
                0x00000000080059e4                HAL_SPI_Transmit
 .text.HAL_SPI_Receive
                0x0000000008005dc8      0x3e4 ./Drivers/STM32H7xx_HAL_Driver/Src/stm32h7xx_hal_spi.o
                0x0000000008005dc8                HAL_SPI_Receive
 .text.HAL_SPI_TransmitReceive
                0x00000000080061ac      0x5d8 ./Drivers/STM32H7xx_HAL_Driver/Src/stm32h7xx_hal_spi.o
                0x00000000080061ac                HAL_SPI_TransmitReceive
 .text.SPI_CloseTransfer
                0x0000000008006784      0x140 ./Drivers/STM32H7xx_HAL_Driver/Src/stm32h7xx_hal_spi.o
 .text.SPI_WaitOnFlagUntilTimeout
                0x00000000080068c4       0x5c ./Drivers/STM32H7xx_HAL_Driver/Src/stm32h7xx_hal_spi.o
 .text.SPI_GetPacketSize
                0x0000000008006920       0x36 ./Drivers/STM32H7xx_HAL_Driver/Src/stm32h7xx_hal_spi.o
 .text.HAL_TIM_Base_Init
                0x0000000008006956       0xae ./Drivers/STM32H7xx_HAL_Driver/Src/stm32h7xx_hal_tim.o
                0x0000000008006956                HAL_TIM_Base_Init
 .text.HAL_TIM_PWM_Init
                0x0000000008006a04       0xae ./Drivers/STM32H7xx_HAL_Driver/Src/stm32h7xx_hal_tim.o
                0x0000000008006a04                HAL_TIM_PWM_Init
 .text.HAL_TIM_PWM_MspInit
                0x0000000008006ab2       0x14 ./Drivers/STM32H7xx_HAL_Driver/Src/stm32h7xx_hal_tim.o
                0x0000000008006ab2                HAL_TIM_PWM_MspInit
 *fill*         0x0000000008006ac6        0x2 
 .text.HAL_TIM_PWM_Start
                0x0000000008006ac8      0x21c ./Drivers/STM32H7xx_HAL_Driver/Src/stm32h7xx_hal_tim.o
                0x0000000008006ac8                HAL_TIM_PWM_Start
 .text.HAL_TIM_PWM_ConfigChannel
                0x0000000008006ce4      0x228 ./Drivers/STM32H7xx_HAL_Driver/Src/stm32h7xx_hal_tim.o
                0x0000000008006ce4                HAL_TIM_PWM_ConfigChannel
 .text.HAL_TIM_ConfigClockSource
                0x0000000008006f0c      0x1f0 ./Drivers/STM32H7xx_HAL_Driver/Src/stm32h7xx_hal_tim.o
                0x0000000008006f0c                HAL_TIM_ConfigClockSource
 .text.TIM_Base_SetConfig
                0x00000000080070fc      0x134 ./Drivers/STM32H7xx_HAL_Driver/Src/stm32h7xx_hal_tim.o
                0x00000000080070fc                TIM_Base_SetConfig
 .text.TIM_OC1_SetConfig
                0x0000000008007230      0x120 ./Drivers/STM32H7xx_HAL_Driver/Src/stm32h7xx_hal_tim.o
 .text.TIM_OC2_SetConfig
                0x0000000008007350      0x114 ./Drivers/STM32H7xx_HAL_Driver/Src/stm32h7xx_hal_tim.o
                0x0000000008007350                TIM_OC2_SetConfig
 .text.TIM_OC3_SetConfig
                0x0000000008007464      0x110 ./Drivers/STM32H7xx_HAL_Driver/Src/stm32h7xx_hal_tim.o
 .text.TIM_OC4_SetConfig
                0x0000000008007574       0xd4 ./Drivers/STM32H7xx_HAL_Driver/Src/stm32h7xx_hal_tim.o
 .text.TIM_OC5_SetConfig
                0x0000000008007648       0xc8 ./Drivers/STM32H7xx_HAL_Driver/Src/stm32h7xx_hal_tim.o
 .text.TIM_OC6_SetConfig
                0x0000000008007710       0xcc ./Drivers/STM32H7xx_HAL_Driver/Src/stm32h7xx_hal_tim.o
 .text.TIM_TI1_ConfigInputStage
                0x00000000080077dc       0x5e ./Drivers/STM32H7xx_HAL_Driver/Src/stm32h7xx_hal_tim.o
 .text.TIM_TI2_ConfigInputStage
                0x000000000800783a       0x60 ./Drivers/STM32H7xx_HAL_Driver/Src/stm32h7xx_hal_tim.o
 *fill*         0x000000000800789a        0x2 
 .text.TIM_ITRx_SetConfig
                0x000000000800789c       0x3c ./Drivers/STM32H7xx_HAL_Driver/Src/stm32h7xx_hal_tim.o
 .text.TIM_ETR_SetConfig
                0x00000000080078d8       0x40 ./Drivers/STM32H7xx_HAL_Driver/Src/stm32h7xx_hal_tim.o
                0x00000000080078d8                TIM_ETR_SetConfig
 .text.TIM_CCxChannelCmd
                0x0000000008007918       0x4a ./Drivers/STM32H7xx_HAL_Driver/Src/stm32h7xx_hal_tim.o
                0x0000000008007918                TIM_CCxChannelCmd
 *fill*         0x0000000008007962        0x2 
 .text.HAL_TIMEx_MasterConfigSynchronization
                0x0000000008007964      0x11c ./Drivers/STM32H7xx_HAL_Driver/Src/stm32h7xx_hal_tim_ex.o
                0x0000000008007964                HAL_TIMEx_MasterConfigSynchronization
 .text.HAL_TIMEx_ConfigBreakDeadTime
                0x0000000008007a80      0x140 ./Drivers/STM32H7xx_HAL_Driver/Src/stm32h7xx_hal_tim_ex.o
                0x0000000008007a80                HAL_TIMEx_ConfigBreakDeadTime
 .text.HAL_UART_Init
                0x0000000008007bc0       0xa0 ./Drivers/STM32H7xx_HAL_Driver/Src/stm32h7xx_hal_uart.o
                0x0000000008007bc0                HAL_UART_Init
 .text.UART_SetConfig
                0x0000000008007c60      0xcbc ./Drivers/STM32H7xx_HAL_Driver/Src/stm32h7xx_hal_uart.o
                0x0000000008007c60                UART_SetConfig
 .text.UART_AdvFeatureConfig
                0x000000000800891c      0x144 ./Drivers/STM32H7xx_HAL_Driver/Src/stm32h7xx_hal_uart.o
                0x000000000800891c                UART_AdvFeatureConfig
 .text.UART_CheckIdleState
                0x0000000008008a60       0x96 ./Drivers/STM32H7xx_HAL_Driver/Src/stm32h7xx_hal_uart.o
                0x0000000008008a60                UART_CheckIdleState
 .text.UART_WaitOnFlagUntilTimeout
                0x0000000008008af6      0x190 ./Drivers/STM32H7xx_HAL_Driver/Src/stm32h7xx_hal_uart.o
                0x0000000008008af6                UART_WaitOnFlagUntilTimeout
 .text.HAL_UARTEx_DisableFifoMode
                0x0000000008008c86       0x72 ./Drivers/STM32H7xx_HAL_Driver/Src/stm32h7xx_hal_uart_ex.o
                0x0000000008008c86                HAL_UARTEx_DisableFifoMode
 .text.HAL_UARTEx_SetTxFifoThreshold
                0x0000000008008cf8       0x7c ./Drivers/STM32H7xx_HAL_Driver/Src/stm32h7xx_hal_uart_ex.o
                0x0000000008008cf8                HAL_UARTEx_SetTxFifoThreshold
 .text.HAL_UARTEx_SetRxFifoThreshold
                0x0000000008008d74       0x7c ./Drivers/STM32H7xx_HAL_Driver/Src/stm32h7xx_hal_uart_ex.o
                0x0000000008008d74                HAL_UARTEx_SetRxFifoThreshold
 .text.UARTEx_SetNbDataToProcess
                0x0000000008008df0       0x9c ./Drivers/STM32H7xx_HAL_Driver/Src/stm32h7xx_hal_uart_ex.o
 .text.__libc_init_array
                0x0000000008008e8c       0x48 c:/st/stm32cubeide_1.8.0/stm32cubeide/plugins/com.st.stm32cube.ide.mcu.externaltools.gnu-tools-for-stm32.9-2020-q2-update.win32_2.0.0.202105311346/tools/bin/../lib/gcc/arm-none-eabi/9.3.1/../../../../arm-none-eabi/lib/thumb/v7e-m+dp/hard\libc_nano.a(lib_a-init.o)
                0x0000000008008e8c                __libc_init_array
 .text.memcpy   0x0000000008008ed4       0x1c c:/st/stm32cubeide_1.8.0/stm32cubeide/plugins/com.st.stm32cube.ide.mcu.externaltools.gnu-tools-for-stm32.9-2020-q2-update.win32_2.0.0.202105311346/tools/bin/../lib/gcc/arm-none-eabi/9.3.1/../../../../arm-none-eabi/lib/thumb/v7e-m+dp/hard\libc_nano.a(lib_a-memcpy-stub.o)
                0x0000000008008ed4                memcpy
 .text.memset   0x0000000008008ef0       0x10 c:/st/stm32cubeide_1.8.0/stm32cubeide/plugins/com.st.stm32cube.ide.mcu.externaltools.gnu-tools-for-stm32.9-2020-q2-update.win32_2.0.0.202105311346/tools/bin/../lib/gcc/arm-none-eabi/9.3.1/../../../../arm-none-eabi/lib/thumb/v7e-m+dp/hard\libc_nano.a(lib_a-memset.o)
                0x0000000008008ef0                memset
 *(.glue_7)
 .glue_7        0x0000000008008f00        0x0 linker stubs
 *(.glue_7t)
 .glue_7t       0x0000000008008f00        0x0 linker stubs
 *(.eh_frame)
 .eh_frame      0x0000000008008f00        0x0 c:/st/stm32cubeide_1.8.0/stm32cubeide/plugins/com.st.stm32cube.ide.mcu.externaltools.gnu-tools-for-stm32.9-2020-q2-update.win32_2.0.0.202105311346/tools/bin/../lib/gcc/arm-none-eabi/9.3.1/thumb/v7e-m+dp/hard/crtbegin.o
 *(.init)
 .init          0x0000000008008f00        0x4 c:/st/stm32cubeide_1.8.0/stm32cubeide/plugins/com.st.stm32cube.ide.mcu.externaltools.gnu-tools-for-stm32.9-2020-q2-update.win32_2.0.0.202105311346/tools/bin/../lib/gcc/arm-none-eabi/9.3.1/thumb/v7e-m+dp/hard/crti.o
                0x0000000008008f00                _init
 .init          0x0000000008008f04        0x8 c:/st/stm32cubeide_1.8.0/stm32cubeide/plugins/com.st.stm32cube.ide.mcu.externaltools.gnu-tools-for-stm32.9-2020-q2-update.win32_2.0.0.202105311346/tools/bin/../lib/gcc/arm-none-eabi/9.3.1/thumb/v7e-m+dp/hard/crtn.o
 *(.fini)
 .fini          0x0000000008008f0c        0x4 c:/st/stm32cubeide_1.8.0/stm32cubeide/plugins/com.st.stm32cube.ide.mcu.externaltools.gnu-tools-for-stm32.9-2020-q2-update.win32_2.0.0.202105311346/tools/bin/../lib/gcc/arm-none-eabi/9.3.1/thumb/v7e-m+dp/hard/crti.o
                0x0000000008008f0c                _fini
 .fini          0x0000000008008f10        0x8 c:/st/stm32cubeide_1.8.0/stm32cubeide/plugins/com.st.stm32cube.ide.mcu.externaltools.gnu-tools-for-stm32.9-2020-q2-update.win32_2.0.0.202105311346/tools/bin/../lib/gcc/arm-none-eabi/9.3.1/thumb/v7e-m+dp/hard/crtn.o
                0x0000000008008f18                . = ALIGN (0x4)
                0x0000000008008f18                _etext = .

.vfp11_veneer   0x0000000008008f18        0x0
 .vfp11_veneer  0x0000000008008f18        0x0 linker stubs

.v4_bx          0x0000000008008f18        0x0
 .v4_bx         0x0000000008008f18        0x0 linker stubs

.iplt           0x0000000008008f18        0x0
 .iplt          0x0000000008008f18        0x0 c:/st/stm32cubeide_1.8.0/stm32cubeide/plugins/com.st.stm32cube.ide.mcu.externaltools.gnu-tools-for-stm32.9-2020-q2-update.win32_2.0.0.202105311346/tools/bin/../lib/gcc/arm-none-eabi/9.3.1/thumb/v7e-m+dp/hard/crtbegin.o

.rodata         0x0000000008008f18       0xa4
                0x0000000008008f18                . = ALIGN (0x4)
 *(.rodata)
 .rodata        0x0000000008008f18        0xd ./Core/Src/NRF24L01.o
 *fill*         0x0000000008008f25        0x3 
 .rodata        0x0000000008008f28       0x4c ./Drivers/STM32H7xx_HAL_Driver/Src/stm32h7xx_hal_fdcan.o
 *(.rodata*)
 .rodata.D1CorePrescTable
                0x0000000008008f74       0x10 ./Core/Src/system_stm32h7xx.o
                0x0000000008008f74                D1CorePrescTable
 .rodata.DLCtoBytes
                0x0000000008008f84       0x10 ./Drivers/STM32H7xx_HAL_Driver/Src/stm32h7xx_hal_fdcan.o
 .rodata.UARTPrescTable
                0x0000000008008f94       0x18 ./Drivers/STM32H7xx_HAL_Driver/Src/stm32h7xx_hal_uart.o
                0x0000000008008f94                UARTPrescTable
 .rodata.numerator.11473
                0x0000000008008fac        0x8 ./Drivers/STM32H7xx_HAL_Driver/Src/stm32h7xx_hal_uart_ex.o
 .rodata.denominator.11474
                0x0000000008008fb4        0x8 ./Drivers/STM32H7xx_HAL_Driver/Src/stm32h7xx_hal_uart_ex.o
                0x0000000008008fbc                . = ALIGN (0x4)

.ARM.extab
 *(.ARM.extab* .gnu.linkonce.armextab.*)

.ARM            0x0000000008008fbc        0x8
                0x0000000008008fbc                __exidx_start = .
 *(.ARM.exidx*)
 .ARM.exidx     0x0000000008008fbc        0x8 c:/st/stm32cubeide_1.8.0/stm32cubeide/plugins/com.st.stm32cube.ide.mcu.externaltools.gnu-tools-for-stm32.9-2020-q2-update.win32_2.0.0.202105311346/tools/bin/../lib/gcc/arm-none-eabi/9.3.1/thumb/v7e-m+dp/hard\libgcc.a(_udivmoddi4.o)
                0x0000000008008fc4                __exidx_end = .

.rel.dyn        0x0000000008008fc4        0x0
 .rel.iplt      0x0000000008008fc4        0x0 c:/st/stm32cubeide_1.8.0/stm32cubeide/plugins/com.st.stm32cube.ide.mcu.externaltools.gnu-tools-for-stm32.9-2020-q2-update.win32_2.0.0.202105311346/tools/bin/../lib/gcc/arm-none-eabi/9.3.1/thumb/v7e-m+dp/hard/crtbegin.o

.preinit_array  0x0000000008008fc4        0x0
                0x0000000008008fc4                PROVIDE (__preinit_array_start = .)
 *(.preinit_array*)
                0x0000000008008fc4                PROVIDE (__preinit_array_end = .)

.init_array     0x0000000008008fc4        0x4
                0x0000000008008fc4                PROVIDE (__init_array_start = .)
 *(SORT_BY_NAME(.init_array.*))
 *(.init_array*)
 .init_array    0x0000000008008fc4        0x4 c:/st/stm32cubeide_1.8.0/stm32cubeide/plugins/com.st.stm32cube.ide.mcu.externaltools.gnu-tools-for-stm32.9-2020-q2-update.win32_2.0.0.202105311346/tools/bin/../lib/gcc/arm-none-eabi/9.3.1/thumb/v7e-m+dp/hard/crtbegin.o
                0x0000000008008fc8                PROVIDE (__init_array_end = .)

.fini_array     0x0000000008008fc8        0x4
                [!provide]                        PROVIDE (__fini_array_start = .)
 *(SORT_BY_NAME(.fini_array.*))
 *(.fini_array*)
 .fini_array    0x0000000008008fc8        0x4 c:/st/stm32cubeide_1.8.0/stm32cubeide/plugins/com.st.stm32cube.ide.mcu.externaltools.gnu-tools-for-stm32.9-2020-q2-update.win32_2.0.0.202105311346/tools/bin/../lib/gcc/arm-none-eabi/9.3.1/thumb/v7e-m+dp/hard/crtbegin.o
                [!provide]                        PROVIDE (__fini_array_end = .)
                0x0000000008008fcc                _sidata = LOADADDR (.data)

.data           0x0000000024000000       0x18 load address 0x0000000008008fcc
                0x0000000024000000                . = ALIGN (0x4)
                0x0000000024000000                _sdata = .
 *(.data)
 *(.data*)
 .data.RxAddress
                0x0000000024000000        0x5 ./Core/Src/main.o
                0x0000000024000000                RxAddress
 *fill*         0x0000000024000005        0x3 
 .data.SystemCoreClock
                0x0000000024000008        0x4 ./Core/Src/system_stm32h7xx.o
                0x0000000024000008                SystemCoreClock
 .data.SystemD2Clock
                0x000000002400000c        0x4 ./Core/Src/system_stm32h7xx.o
                0x000000002400000c                SystemD2Clock
 .data.uwTickPrio
                0x0000000024000010        0x4 ./Drivers/STM32H7xx_HAL_Driver/Src/stm32h7xx_hal.o
                0x0000000024000010                uwTickPrio
 .data.uwTickFreq
                0x0000000024000014        0x1 ./Drivers/STM32H7xx_HAL_Driver/Src/stm32h7xx_hal.o
                0x0000000024000014                uwTickFreq
 *(.RamFunc)
 *(.RamFunc*)
                0x0000000024000018                . = ALIGN (0x4)
 *fill*         0x0000000024000015        0x3 
                0x0000000024000018                _edata = .

.igot.plt       0x0000000024000018        0x0 load address 0x0000000008008fe4
 .igot.plt      0x0000000024000018        0x0 c:/st/stm32cubeide_1.8.0/stm32cubeide/plugins/com.st.stm32cube.ide.mcu.externaltools.gnu-tools-for-stm32.9-2020-q2-update.win32_2.0.0.202105311346/tools/bin/../lib/gcc/arm-none-eabi/9.3.1/thumb/v7e-m+dp/hard/crtbegin.o
                0x0000000024000018                . = ALIGN (0x4)

.bss            0x0000000024000018      0x2d0 load address 0x0000000008008fe4
                0x0000000024000018                _sbss = .
                0x0000000024000018                __bss_start__ = _sbss
 *(.bss)
 .bss           0x0000000024000018       0x1c c:/st/stm32cubeide_1.8.0/stm32cubeide/plugins/com.st.stm32cube.ide.mcu.externaltools.gnu-tools-for-stm32.9-2020-q2-update.win32_2.0.0.202105311346/tools/bin/../lib/gcc/arm-none-eabi/9.3.1/thumb/v7e-m+dp/hard/crtbegin.o
 *(.bss*)
 *(COMMON)
 COMMON         0x0000000024000034      0x2b0 ./Core/Src/main.o
                0x0000000024000034                sFilterConfig
                0x0000000024000054                huart3
                0x00000000240000e4                RxData_From_Node1
                0x00000000240000ec                hfdcan1
                0x000000002400018c                RxData_From_Node2
                0x0000000024000194                data
                0x00000000240001c8                htim1
                0x0000000024000214                hspi1
                0x000000002400029c                RxData
                0x00000000240002bc                RxHeader
 COMMON         0x00000000240002e4        0x4 ./Drivers/STM32H7xx_HAL_Driver/Src/stm32h7xx_hal.o
                0x00000000240002e4                uwTick
                0x00000000240002e8                . = ALIGN (0x4)
                0x00000000240002e8                _ebss = .
                0x00000000240002e8                __bss_end__ = _ebss

._user_heap_stack
                0x00000000240002e8      0x600 load address 0x0000000008008fe4
                0x00000000240002e8                . = ALIGN (0x8)
                [!provide]                        PROVIDE (end = .)
                0x00000000240002e8                PROVIDE (_end = .)
                0x00000000240004e8                . = (. + _Min_Heap_Size)
 *fill*         0x00000000240002e8      0x200 
                0x00000000240008e8                . = (. + _Min_Stack_Size)
 *fill*         0x00000000240004e8      0x400 
                0x00000000240008e8                . = ALIGN (0x8)

/DISCARD/
 libc.a(*)
 libm.a(*)
 libgcc.a(*)

.ARM.attributes
                0x0000000000000000       0x2e
 *(.ARM.attributes)
 .ARM.attributes
                0x0000000000000000       0x1e c:/st/stm32cubeide_1.8.0/stm32cubeide/plugins/com.st.stm32cube.ide.mcu.externaltools.gnu-tools-for-stm32.9-2020-q2-update.win32_2.0.0.202105311346/tools/bin/../lib/gcc/arm-none-eabi/9.3.1/thumb/v7e-m+dp/hard/crti.o
 .ARM.attributes
                0x000000000000001e       0x32 c:/st/stm32cubeide_1.8.0/stm32cubeide/plugins/com.st.stm32cube.ide.mcu.externaltools.gnu-tools-for-stm32.9-2020-q2-update.win32_2.0.0.202105311346/tools/bin/../lib/gcc/arm-none-eabi/9.3.1/thumb/v7e-m+dp/hard/crtbegin.o
 .ARM.attributes
                0x0000000000000050       0x32 ./Core/Src/NRF24L01.o
 .ARM.attributes
                0x0000000000000082       0x32 ./Core/Src/main.o
 .ARM.attributes
                0x00000000000000b4       0x32 ./Core/Src/stm32h7xx_hal_msp.o
 .ARM.attributes
                0x00000000000000e6       0x32 ./Core/Src/stm32h7xx_it.o
 .ARM.attributes
                0x0000000000000118       0x32 ./Core/Src/system_stm32h7xx.o
 .ARM.attributes
                0x000000000000014a       0x21 ./Core/Startup/startup_stm32h7a3zitxq.o
 .ARM.attributes
                0x000000000000016b       0x32 ./Drivers/STM32H7xx_HAL_Driver/Src/stm32h7xx_hal.o
 .ARM.attributes
                0x000000000000019d       0x32 ./Drivers/STM32H7xx_HAL_Driver/Src/stm32h7xx_hal_cortex.o
 .ARM.attributes
                0x00000000000001cf       0x32 ./Drivers/STM32H7xx_HAL_Driver/Src/stm32h7xx_hal_fdcan.o
 .ARM.attributes
                0x0000000000000201       0x32 ./Drivers/STM32H7xx_HAL_Driver/Src/stm32h7xx_hal_gpio.o
 .ARM.attributes
                0x0000000000000233       0x32 ./Drivers/STM32H7xx_HAL_Driver/Src/stm32h7xx_hal_pwr_ex.o
 .ARM.attributes
                0x0000000000000265       0x32 ./Drivers/STM32H7xx_HAL_Driver/Src/stm32h7xx_hal_rcc.o
 .ARM.attributes
                0x0000000000000297       0x32 ./Drivers/STM32H7xx_HAL_Driver/Src/stm32h7xx_hal_rcc_ex.o
 .ARM.attributes
                0x00000000000002c9       0x32 ./Drivers/STM32H7xx_HAL_Driver/Src/stm32h7xx_hal_spi.o
 .ARM.attributes
                0x00000000000002fb       0x32 ./Drivers/STM32H7xx_HAL_Driver/Src/stm32h7xx_hal_tim.o
 .ARM.attributes
                0x000000000000032d       0x32 ./Drivers/STM32H7xx_HAL_Driver/Src/stm32h7xx_hal_tim_ex.o
 .ARM.attributes
                0x000000000000035f       0x32 ./Drivers/STM32H7xx_HAL_Driver/Src/stm32h7xx_hal_uart.o
 .ARM.attributes
                0x0000000000000391       0x32 ./Drivers/STM32H7xx_HAL_Driver/Src/stm32h7xx_hal_uart_ex.o
 .ARM.attributes
                0x00000000000003c3       0x32 c:/st/stm32cubeide_1.8.0/stm32cubeide/plugins/com.st.stm32cube.ide.mcu.externaltools.gnu-tools-for-stm32.9-2020-q2-update.win32_2.0.0.202105311346/tools/bin/../lib/gcc/arm-none-eabi/9.3.1/../../../../arm-none-eabi/lib/thumb/v7e-m+dp/hard\libc_nano.a(lib_a-init.o)
 .ARM.attributes
                0x00000000000003f5       0x32 c:/st/stm32cubeide_1.8.0/stm32cubeide/plugins/com.st.stm32cube.ide.mcu.externaltools.gnu-tools-for-stm32.9-2020-q2-update.win32_2.0.0.202105311346/tools/bin/../lib/gcc/arm-none-eabi/9.3.1/../../../../arm-none-eabi/lib/thumb/v7e-m+dp/hard\libc_nano.a(lib_a-memcpy-stub.o)
 .ARM.attributes
                0x0000000000000427       0x32 c:/st/stm32cubeide_1.8.0/stm32cubeide/plugins/com.st.stm32cube.ide.mcu.externaltools.gnu-tools-for-stm32.9-2020-q2-update.win32_2.0.0.202105311346/tools/bin/../lib/gcc/arm-none-eabi/9.3.1/../../../../arm-none-eabi/lib/thumb/v7e-m+dp/hard\libc_nano.a(lib_a-memset.o)
 .ARM.attributes
                0x0000000000000459       0x1e c:/st/stm32cubeide_1.8.0/stm32cubeide/plugins/com.st.stm32cube.ide.mcu.externaltools.gnu-tools-for-stm32.9-2020-q2-update.win32_2.0.0.202105311346/tools/bin/../lib/gcc/arm-none-eabi/9.3.1/thumb/v7e-m+dp/hard\libgcc.a(_aeabi_uldivmod.o)
 .ARM.attributes
                0x0000000000000477       0x32 c:/st/stm32cubeide_1.8.0/stm32cubeide/plugins/com.st.stm32cube.ide.mcu.externaltools.gnu-tools-for-stm32.9-2020-q2-update.win32_2.0.0.202105311346/tools/bin/../lib/gcc/arm-none-eabi/9.3.1/thumb/v7e-m+dp/hard\libgcc.a(_udivmoddi4.o)
 .ARM.attributes
                0x00000000000004a9       0x1e c:/st/stm32cubeide_1.8.0/stm32cubeide/plugins/com.st.stm32cube.ide.mcu.externaltools.gnu-tools-for-stm32.9-2020-q2-update.win32_2.0.0.202105311346/tools/bin/../lib/gcc/arm-none-eabi/9.3.1/thumb/v7e-m+dp/hard\libgcc.a(_dvmd_tls.o)
 .ARM.attributes
                0x00000000000004c7       0x1e c:/st/stm32cubeide_1.8.0/stm32cubeide/plugins/com.st.stm32cube.ide.mcu.externaltools.gnu-tools-for-stm32.9-2020-q2-update.win32_2.0.0.202105311346/tools/bin/../lib/gcc/arm-none-eabi/9.3.1/thumb/v7e-m+dp/hard/crtn.o
OUTPUT(nrf24l10p_2.elf elf32-littlearm)
LOAD linker stubs
LOAD c:/st/stm32cubeide_1.8.0/stm32cubeide/plugins/com.st.stm32cube.ide.mcu.externaltools.gnu-tools-for-stm32.9-2020-q2-update.win32_2.0.0.202105311346/tools/bin/../lib/gcc/arm-none-eabi/9.3.1/../../../../arm-none-eabi/lib/thumb/v7e-m+dp/hard\libc.a
LOAD c:/st/stm32cubeide_1.8.0/stm32cubeide/plugins/com.st.stm32cube.ide.mcu.externaltools.gnu-tools-for-stm32.9-2020-q2-update.win32_2.0.0.202105311346/tools/bin/../lib/gcc/arm-none-eabi/9.3.1/../../../../arm-none-eabi/lib/thumb/v7e-m+dp/hard\libm.a
LOAD c:/st/stm32cubeide_1.8.0/stm32cubeide/plugins/com.st.stm32cube.ide.mcu.externaltools.gnu-tools-for-stm32.9-2020-q2-update.win32_2.0.0.202105311346/tools/bin/../lib/gcc/arm-none-eabi/9.3.1/thumb/v7e-m+dp/hard\libgcc.a

.debug_info     0x0000000000000000    0x2633a
 .debug_info    0x0000000000000000     0x16b9 ./Core/Src/NRF24L01.o
 .debug_info    0x00000000000016b9     0x2f29 ./Core/Src/main.o
 .debug_info    0x00000000000045e2     0x2edb ./Core/Src/stm32h7xx_hal_msp.o
 .debug_info    0x00000000000074bd     0x13c0 ./Core/Src/stm32h7xx_it.o
 .debug_info    0x000000000000887d     0x170a ./Core/Src/system_stm32h7xx.o
 .debug_info    0x0000000000009f87       0x22 ./Core/Startup/startup_stm32h7a3zitxq.o
 .debug_info    0x0000000000009fa9     0x1e3c ./Drivers/STM32H7xx_HAL_Driver/Src/stm32h7xx_hal.o
 .debug_info    0x000000000000bde5     0x1bf5 ./Drivers/STM32H7xx_HAL_Driver/Src/stm32h7xx_hal_cortex.o
 .debug_info    0x000000000000d9da     0x37a7 ./Drivers/STM32H7xx_HAL_Driver/Src/stm32h7xx_hal_fdcan.o
 .debug_info    0x0000000000011181     0x16a5 ./Drivers/STM32H7xx_HAL_Driver/Src/stm32h7xx_hal_gpio.o
 .debug_info    0x0000000000012826     0x1a62 ./Drivers/STM32H7xx_HAL_Driver/Src/stm32h7xx_hal_pwr_ex.o
 .debug_info    0x0000000000014288     0x19a3 ./Drivers/STM32H7xx_HAL_Driver/Src/stm32h7xx_hal_rcc.o
 .debug_info    0x0000000000015c2b     0x1cf0 ./Drivers/STM32H7xx_HAL_Driver/Src/stm32h7xx_hal_rcc_ex.o
 .debug_info    0x000000000001791b     0x1fc7 ./Drivers/STM32H7xx_HAL_Driver/Src/stm32h7xx_hal_spi.o
 .debug_info    0x00000000000198e2     0x37ca ./Drivers/STM32H7xx_HAL_Driver/Src/stm32h7xx_hal_tim.o
 .debug_info    0x000000000001d0ac     0x2333 ./Drivers/STM32H7xx_HAL_Driver/Src/stm32h7xx_hal_tim_ex.o
 .debug_info    0x000000000001f3df     0x55b2 ./Drivers/STM32H7xx_HAL_Driver/Src/stm32h7xx_hal_uart.o
 .debug_info    0x0000000000024991     0x19a9 ./Drivers/STM32H7xx_HAL_Driver/Src/stm32h7xx_hal_uart_ex.o

.debug_abbrev   0x0000000000000000     0x3451
 .debug_abbrev  0x0000000000000000      0x2e3 ./Core/Src/NRF24L01.o
 .debug_abbrev  0x00000000000002e3      0x353 ./Core/Src/main.o
 .debug_abbrev  0x0000000000000636      0x2f0 ./Core/Src/stm32h7xx_hal_msp.o
 .debug_abbrev  0x0000000000000926      0x21e ./Core/Src/stm32h7xx_it.o
 .debug_abbrev  0x0000000000000b44      0x262 ./Core/Src/system_stm32h7xx.o
 .debug_abbrev  0x0000000000000da6       0x12 ./Core/Startup/startup_stm32h7a3zitxq.o
 .debug_abbrev  0x0000000000000db8      0x31b ./Drivers/STM32H7xx_HAL_Driver/Src/stm32h7xx_hal.o
 .debug_abbrev  0x00000000000010d3      0x409 ./Drivers/STM32H7xx_HAL_Driver/Src/stm32h7xx_hal_cortex.o
 .debug_abbrev  0x00000000000014dc      0x343 ./Drivers/STM32H7xx_HAL_Driver/Src/stm32h7xx_hal_fdcan.o
 .debug_abbrev  0x000000000000181f      0x2cb ./Drivers/STM32H7xx_HAL_Driver/Src/stm32h7xx_hal_gpio.o
 .debug_abbrev  0x0000000000001aea      0x33f ./Drivers/STM32H7xx_HAL_Driver/Src/stm32h7xx_hal_pwr_ex.o
 .debug_abbrev  0x0000000000001e29      0x322 ./Drivers/STM32H7xx_HAL_Driver/Src/stm32h7xx_hal_rcc.o
 .debug_abbrev  0x000000000000214b      0x32e ./Drivers/STM32H7xx_HAL_Driver/Src/stm32h7xx_hal_rcc_ex.o
 .debug_abbrev  0x0000000000002479      0x313 ./Drivers/STM32H7xx_HAL_Driver/Src/stm32h7xx_hal_spi.o
 .debug_abbrev  0x000000000000278c      0x2f9 ./Drivers/STM32H7xx_HAL_Driver/Src/stm32h7xx_hal_tim.o
 .debug_abbrev  0x0000000000002a85      0x301 ./Drivers/STM32H7xx_HAL_Driver/Src/stm32h7xx_hal_tim_ex.o
 .debug_abbrev  0x0000000000002d86      0x38e ./Drivers/STM32H7xx_HAL_Driver/Src/stm32h7xx_hal_uart.o
 .debug_abbrev  0x0000000000003114      0x33d ./Drivers/STM32H7xx_HAL_Driver/Src/stm32h7xx_hal_uart_ex.o

.debug_aranges  0x0000000000000000     0x1580
 .debug_aranges
                0x0000000000000000       0xa0 ./Core/Src/NRF24L01.o
 .debug_aranges
                0x00000000000000a0       0x70 ./Core/Src/main.o
 .debug_aranges
                0x0000000000000110       0x68 ./Core/Src/stm32h7xx_hal_msp.o
 .debug_aranges
                0x0000000000000178       0x68 ./Core/Src/stm32h7xx_it.o
 .debug_aranges
                0x00000000000001e0       0x28 ./Core/Src/system_stm32h7xx.o
 .debug_aranges
                0x0000000000000208       0x28 ./Core/Startup/startup_stm32h7a3zitxq.o
 .debug_aranges
                0x0000000000000230      0x1a0 ./Drivers/STM32H7xx_HAL_Driver/Src/stm32h7xx_hal.o
 .debug_aranges
                0x00000000000003d0      0x120 ./Drivers/STM32H7xx_HAL_Driver/Src/stm32h7xx_hal_cortex.o
 .debug_aranges
                0x00000000000004f0      0x338 ./Drivers/STM32H7xx_HAL_Driver/Src/stm32h7xx_hal_fdcan.o
 .debug_aranges
                0x0000000000000828       0x58 ./Drivers/STM32H7xx_HAL_Driver/Src/stm32h7xx_hal_gpio.o
 .debug_aranges
                0x0000000000000880      0x188 ./Drivers/STM32H7xx_HAL_Driver/Src/stm32h7xx_hal_pwr_ex.o
 .debug_aranges
                0x0000000000000a08       0x88 ./Drivers/STM32H7xx_HAL_Driver/Src/stm32h7xx_hal_rcc.o
 .debug_aranges
                0x0000000000000a90       0xf0 ./Drivers/STM32H7xx_HAL_Driver/Src/stm32h7xx_hal_rcc_ex.o
 .debug_aranges
                0x0000000000000b80      0x1a0 ./Drivers/STM32H7xx_HAL_Driver/Src/stm32h7xx_hal_spi.o
 .debug_aranges
                0x0000000000000d20      0x3e0 ./Drivers/STM32H7xx_HAL_Driver/Src/stm32h7xx_hal_tim.o
 .debug_aranges
                0x0000000000001100      0x198 ./Drivers/STM32H7xx_HAL_Driver/Src/stm32h7xx_hal_tim_ex.o
 .debug_aranges
                0x0000000000001298      0x248 ./Drivers/STM32H7xx_HAL_Driver/Src/stm32h7xx_hal_uart.o
 .debug_aranges
                0x00000000000014e0       0xa0 ./Drivers/STM32H7xx_HAL_Driver/Src/stm32h7xx_hal_uart_ex.o

.debug_ranges   0x0000000000000000     0x1498
 .debug_ranges  0x0000000000000000       0x90 ./Core/Src/NRF24L01.o
 .debug_ranges  0x0000000000000090       0x60 ./Core/Src/main.o
 .debug_ranges  0x00000000000000f0       0x58 ./Core/Src/stm32h7xx_hal_msp.o
 .debug_ranges  0x0000000000000148       0x58 ./Core/Src/stm32h7xx_it.o
 .debug_ranges  0x00000000000001a0       0x18 ./Core/Src/system_stm32h7xx.o
 .debug_ranges  0x00000000000001b8       0x20 ./Core/Startup/startup_stm32h7a3zitxq.o
 .debug_ranges  0x00000000000001d8      0x190 ./Drivers/STM32H7xx_HAL_Driver/Src/stm32h7xx_hal.o
 .debug_ranges  0x0000000000000368      0x110 ./Drivers/STM32H7xx_HAL_Driver/Src/stm32h7xx_hal_cortex.o
 .debug_ranges  0x0000000000000478      0x328 ./Drivers/STM32H7xx_HAL_Driver/Src/stm32h7xx_hal_fdcan.o
 .debug_ranges  0x00000000000007a0       0x48 ./Drivers/STM32H7xx_HAL_Driver/Src/stm32h7xx_hal_gpio.o
 .debug_ranges  0x00000000000007e8      0x178 ./Drivers/STM32H7xx_HAL_Driver/Src/stm32h7xx_hal_pwr_ex.o
 .debug_ranges  0x0000000000000960       0x78 ./Drivers/STM32H7xx_HAL_Driver/Src/stm32h7xx_hal_rcc.o
 .debug_ranges  0x00000000000009d8       0xe0 ./Drivers/STM32H7xx_HAL_Driver/Src/stm32h7xx_hal_rcc_ex.o
 .debug_ranges  0x0000000000000ab8      0x190 ./Drivers/STM32H7xx_HAL_Driver/Src/stm32h7xx_hal_spi.o
 .debug_ranges  0x0000000000000c48      0x3d0 ./Drivers/STM32H7xx_HAL_Driver/Src/stm32h7xx_hal_tim.o
 .debug_ranges  0x0000000000001018      0x188 ./Drivers/STM32H7xx_HAL_Driver/Src/stm32h7xx_hal_tim_ex.o
 .debug_ranges  0x00000000000011a0      0x268 ./Drivers/STM32H7xx_HAL_Driver/Src/stm32h7xx_hal_uart.o
 .debug_ranges  0x0000000000001408       0x90 ./Drivers/STM32H7xx_HAL_Driver/Src/stm32h7xx_hal_uart_ex.o

.debug_macro    0x0000000000000000    0x323db
 .debug_macro   0x0000000000000000      0x2f3 ./Core/Src/NRF24L01.o
 .debug_macro   0x00000000000002f3      0xac0 ./Core/Src/NRF24L01.o
 .debug_macro   0x0000000000000db3      0x244 ./Core/Src/NRF24L01.o
 .debug_macro   0x0000000000000ff7       0x2e ./Core/Src/NRF24L01.o
 .debug_macro   0x0000000000001025       0x42 ./Core/Src/NRF24L01.o
 .debug_macro   0x0000000000001067       0x22 ./Core/Src/NRF24L01.o
 .debug_macro   0x0000000000001089       0x8e ./Core/Src/NRF24L01.o
 .debug_macro   0x0000000000001117       0x51 ./Core/Src/NRF24L01.o
 .debug_macro   0x0000000000001168      0x103 ./Core/Src/NRF24L01.o
 .debug_macro   0x000000000000126b       0x6a ./Core/Src/NRF24L01.o
 .debug_macro   0x00000000000012d5      0x1df ./Core/Src/NRF24L01.o
 .debug_macro   0x00000000000014b4       0x1c ./Core/Src/NRF24L01.o
 .debug_macro   0x00000000000014d0       0x22 ./Core/Src/NRF24L01.o
 .debug_macro   0x00000000000014f2      0x101 ./Core/Src/NRF24L01.o
 .debug_macro   0x00000000000015f3     0x1305 ./Core/Src/NRF24L01.o
 .debug_macro   0x00000000000028f8      0x11f ./Core/Src/NRF24L01.o
 .debug_macro   0x0000000000002a17       0x27 ./Core/Src/NRF24L01.o
 .debug_macro   0x0000000000002a3e    0x1e8b9 ./Core/Src/NRF24L01.o
 .debug_macro   0x00000000000212f7       0x6d ./Core/Src/NRF24L01.o
 .debug_macro   0x0000000000021364     0x3d25 ./Core/Src/NRF24L01.o
 .debug_macro   0x0000000000025089      0x174 ./Core/Src/NRF24L01.o
 .debug_macro   0x00000000000251fd       0x52 ./Core/Src/NRF24L01.o
 .debug_macro   0x000000000002524f       0x17 ./Core/Src/NRF24L01.o
 .debug_macro   0x0000000000025266       0x3c ./Core/Src/NRF24L01.o
 .debug_macro   0x00000000000252a2       0x34 ./Core/Src/NRF24L01.o
 .debug_macro   0x00000000000252d6       0x16 ./Core/Src/NRF24L01.o
 .debug_macro   0x00000000000252ec       0x43 ./Core/Src/NRF24L01.o
 .debug_macro   0x000000000002532f       0x34 ./Core/Src/NRF24L01.o
 .debug_macro   0x0000000000025363       0x10 ./Core/Src/NRF24L01.o
 .debug_macro   0x0000000000025373       0x58 ./Core/Src/NRF24L01.o
 .debug_macro   0x00000000000253cb       0x71 ./Core/Src/NRF24L01.o
 .debug_macro   0x000000000002543c       0x1c ./Core/Src/NRF24L01.o
 .debug_macro   0x0000000000025458      0x12a ./Core/Src/NRF24L01.o
 .debug_macro   0x0000000000025582      0x333 ./Core/Src/NRF24L01.o
 .debug_macro   0x00000000000258b5      0x1a9 ./Core/Src/NRF24L01.o
 .debug_macro   0x0000000000025a5e       0x5d ./Core/Src/NRF24L01.o
 .debug_macro   0x0000000000025abb     0x24ee ./Core/Src/NRF24L01.o
 .debug_macro   0x0000000000027fa9     0x1010 ./Core/Src/NRF24L01.o
 .debug_macro   0x0000000000028fb9      0x14d ./Core/Src/NRF24L01.o
 .debug_macro   0x0000000000029106      0x114 ./Core/Src/NRF24L01.o
 .debug_macro   0x000000000002921a      0x3bf ./Core/Src/NRF24L01.o
 .debug_macro   0x00000000000295d9       0xac ./Core/Src/NRF24L01.o
 .debug_macro   0x0000000000029685      0x70a ./Core/Src/NRF24L01.o
 .debug_macro   0x0000000000029d8f      0x20c ./Core/Src/NRF24L01.o
 .debug_macro   0x0000000000029f9b       0x66 ./Core/Src/NRF24L01.o
 .debug_macro   0x000000000002a001      0x3c9 ./Core/Src/NRF24L01.o
 .debug_macro   0x000000000002a3ca      0x3eb ./Core/Src/NRF24L01.o
 .debug_macro   0x000000000002a7b5      0x275 ./Core/Src/NRF24L01.o
 .debug_macro   0x000000000002aa2a      0xe34 ./Core/Src/NRF24L01.o
 .debug_macro   0x000000000002b85e      0x6c8 ./Core/Src/NRF24L01.o
 .debug_macro   0x000000000002bf26      0x520 ./Core/Src/NRF24L01.o
 .debug_macro   0x000000000002c446       0x58 ./Core/Src/NRF24L01.o
 .debug_macro   0x000000000002c49e       0x4a ./Core/Src/NRF24L01.o
 .debug_macro   0x000000000002c4e8      0x22c ./Core/Src/NRF24L01.o
 .debug_macro   0x000000000002c714       0x67 ./Core/Src/NRF24L01.o
 .debug_macro   0x000000000002c77b       0xa5 ./Core/Src/NRF24L01.o
 .debug_macro   0x000000000002c820      0x1bd ./Core/Src/NRF24L01.o
 .debug_macro   0x000000000002c9dd      0x2dc ./Core/Src/NRF24L01.o
 .debug_macro   0x000000000002ccb9       0x35 ./Core/Src/NRF24L01.o
 .debug_macro   0x000000000002ccee      0x5e4 ./Core/Src/NRF24L01.o
 .debug_macro   0x000000000002d2d2       0x9e ./Core/Src/NRF24L01.o
 .debug_macro   0x000000000002d370      0xb01 ./Core/Src/NRF24L01.o
 .debug_macro   0x000000000002de71      0x29f ./Core/Src/NRF24L01.o
 .debug_macro   0x000000000002e110      0x67e ./Core/Src/NRF24L01.o
 .debug_macro   0x000000000002e78e       0xa6 ./Core/Src/NRF24L01.o
 .debug_macro   0x000000000002e834      0x5be ./Core/Src/NRF24L01.o
 .debug_macro   0x000000000002edf2       0xee ./Core/Src/NRF24L01.o
 .debug_macro   0x000000000002eee0      0x426 ./Core/Src/main.o
 .debug_macro   0x000000000002f306       0x28 ./Core/Src/main.o
 .debug_macro   0x000000000002f32e       0x16 ./Core/Src/main.o
 .debug_macro   0x000000000002f344       0x35 ./Core/Src/main.o
 .debug_macro   0x000000000002f379       0x20 ./Core/Src/main.o
 .debug_macro   0x000000000002f399       0x1c ./Core/Src/main.o
 .debug_macro   0x000000000002f3b5       0x10 ./Core/Src/main.o
 .debug_macro   0x000000000002f3c5       0x10 ./Core/Src/main.o
 .debug_macro   0x000000000002f3d5       0x1c ./Core/Src/main.o
 .debug_macro   0x000000000002f3f1       0x52 ./Core/Src/main.o
 .debug_macro   0x000000000002f443       0x22 ./Core/Src/main.o
 .debug_macro   0x000000000002f465       0x10 ./Core/Src/main.o
 .debug_macro   0x000000000002f475       0x40 ./Core/Src/main.o
 .debug_macro   0x000000000002f4b5       0xd5 ./Core/Src/main.o
 .debug_macro   0x000000000002f58a       0x1c ./Core/Src/main.o
 .debug_macro   0x000000000002f5a6       0x3d ./Core/Src/main.o
 .debug_macro   0x000000000002f5e3       0x16 ./Core/Src/main.o
 .debug_macro   0x000000000002f5f9      0x145 ./Core/Src/main.o
 .debug_macro   0x000000000002f73e       0x16 ./Core/Src/main.o
 .debug_macro   0x000000000002f754       0x16 ./Core/Src/main.o
 .debug_macro   0x000000000002f76a       0x29 ./Core/Src/main.o
 .debug_macro   0x000000000002f793       0x10 ./Core/Src/main.o
 .debug_macro   0x000000000002f7a3       0x5e ./Core/Src/main.o
 .debug_macro   0x000000000002f801      0x2db ./Core/Src/stm32h7xx_hal_msp.o
 .debug_macro   0x000000000002fadc      0x2e5 ./Core/Src/stm32h7xx_it.o
 .debug_macro   0x000000000002fdc1      0x2cc ./Core/Src/system_stm32h7xx.o
 .debug_macro   0x000000000003008d      0x2f6 ./Drivers/STM32H7xx_HAL_Driver/Src/stm32h7xx_hal.o
 .debug_macro   0x0000000000030383      0x2cc ./Drivers/STM32H7xx_HAL_Driver/Src/stm32h7xx_hal_cortex.o
 .debug_macro   0x000000000003064f      0x391 ./Drivers/STM32H7xx_HAL_Driver/Src/stm32h7xx_hal_fdcan.o
 .debug_macro   0x00000000000309e0      0x2d3 ./Drivers/STM32H7xx_HAL_Driver/Src/stm32h7xx_hal_gpio.o
 .debug_macro   0x0000000000030cb3      0x305 ./Drivers/STM32H7xx_HAL_Driver/Src/stm32h7xx_hal_pwr_ex.o
 .debug_macro   0x0000000000030fb8      0x2f0 ./Drivers/STM32H7xx_HAL_Driver/Src/stm32h7xx_hal_rcc.o
 .debug_macro   0x00000000000312a8      0x2ea ./Drivers/STM32H7xx_HAL_Driver/Src/stm32h7xx_hal_rcc_ex.o
 .debug_macro   0x0000000000031592      0x2db ./Drivers/STM32H7xx_HAL_Driver/Src/stm32h7xx_hal_spi.o
 .debug_macro   0x000000000003186d      0x2cd ./Drivers/STM32H7xx_HAL_Driver/Src/stm32h7xx_hal_tim.o
 .debug_macro   0x0000000000031b3a      0x2d2 ./Drivers/STM32H7xx_HAL_Driver/Src/stm32h7xx_hal_tim_ex.o
 .debug_macro   0x0000000000031e0c      0x2f7 ./Drivers/STM32H7xx_HAL_Driver/Src/stm32h7xx_hal_uart.o
 .debug_macro   0x0000000000032103      0x2d8 ./Drivers/STM32H7xx_HAL_Driver/Src/stm32h7xx_hal_uart_ex.o

.debug_line     0x0000000000000000    0x194c8
 .debug_line    0x0000000000000000      0xb9c ./Core/Src/NRF24L01.o
 .debug_line    0x0000000000000b9c      0xda4 ./Core/Src/main.o
 .debug_line    0x0000000000001940      0xa2f ./Core/Src/stm32h7xx_hal_msp.o
 .debug_line    0x000000000000236f      0x97f ./Core/Src/stm32h7xx_it.o
 .debug_line    0x0000000000002cee      0xa4c ./Core/Src/system_stm32h7xx.o
 .debug_line    0x000000000000373a       0x89 ./Core/Startup/startup_stm32h7a3zitxq.o
 .debug_line    0x00000000000037c3      0xe5f ./Drivers/STM32H7xx_HAL_Driver/Src/stm32h7xx_hal.o
 .debug_line    0x0000000000004622      0xe58 ./Drivers/STM32H7xx_HAL_Driver/Src/stm32h7xx_hal_cortex.o
 .debug_line    0x000000000000547a     0x279b ./Drivers/STM32H7xx_HAL_Driver/Src/stm32h7xx_hal_fdcan.o
 .debug_line    0x0000000000007c15      0xd15 ./Drivers/STM32H7xx_HAL_Driver/Src/stm32h7xx_hal_gpio.o
 .debug_line    0x000000000000892a      0xfe0 ./Drivers/STM32H7xx_HAL_Driver/Src/stm32h7xx_hal_pwr_ex.o
 .debug_line    0x000000000000990a     0x135c ./Drivers/STM32H7xx_HAL_Driver/Src/stm32h7xx_hal_rcc.o
 .debug_line    0x000000000000ac66     0x1a8a ./Drivers/STM32H7xx_HAL_Driver/Src/stm32h7xx_hal_rcc_ex.o
 .debug_line    0x000000000000c6f0     0x218b ./Drivers/STM32H7xx_HAL_Driver/Src/stm32h7xx_hal_spi.o
 .debug_line    0x000000000000e87b     0x3f10 ./Drivers/STM32H7xx_HAL_Driver/Src/stm32h7xx_hal_tim.o
 .debug_line    0x000000000001278b     0x1ef1 ./Drivers/STM32H7xx_HAL_Driver/Src/stm32h7xx_hal_tim_ex.o
 .debug_line    0x000000000001467c     0x3f1c ./Drivers/STM32H7xx_HAL_Driver/Src/stm32h7xx_hal_uart.o
 .debug_line    0x0000000000018598      0xf30 ./Drivers/STM32H7xx_HAL_Driver/Src/stm32h7xx_hal_uart_ex.o

.debug_str      0x0000000000000000   0x14e027
 .debug_str     0x0000000000000000   0x14527e ./Core/Src/NRF24L01.o
                                     0x14586d (size before relaxing)
 .debug_str     0x000000000014527e     0x236f ./Core/Src/main.o
                                     0x147b17 (size before relaxing)
 .debug_str     0x00000000001475ed      0xa9b ./Core/Src/stm32h7xx_hal_msp.o
                                     0x146cac (size before relaxing)
 .debug_str     0x0000000000148088       0xd3 ./Core/Src/stm32h7xx_it.o
                                     0x145462 (size before relaxing)
 .debug_str     0x000000000014815b      0x2df ./Core/Src/system_stm32h7xx.o
                                     0x145394 (size before relaxing)
 .debug_str     0x000000000014843a       0x37 ./Core/Startup/startup_stm32h7a3zitxq.o
                                         0x75 (size before relaxing)
 .debug_str     0x0000000000148471      0x750 ./Drivers/STM32H7xx_HAL_Driver/Src/stm32h7xx_hal.o
                                     0x146180 (size before relaxing)
 .debug_str     0x0000000000148bc1      0x398 ./Drivers/STM32H7xx_HAL_Driver/Src/stm32h7xx_hal_cortex.o
                                     0x145c95 (size before relaxing)
 .debug_str     0x0000000000148f59     0x1a8e ./Drivers/STM32H7xx_HAL_Driver/Src/stm32h7xx_hal_fdcan.o
                                     0x147034 (size before relaxing)
 .debug_str     0x000000000014a9e7      0x12a ./Drivers/STM32H7xx_HAL_Driver/Src/stm32h7xx_hal_gpio.o
                                     0x145372 (size before relaxing)
 .debug_str     0x000000000014ab11      0x745 ./Drivers/STM32H7xx_HAL_Driver/Src/stm32h7xx_hal_pwr_ex.o
                                     0x1458d9 (size before relaxing)
 .debug_str     0x000000000014b256      0x26c ./Drivers/STM32H7xx_HAL_Driver/Src/stm32h7xx_hal_rcc.o
                                     0x145727 (size before relaxing)
 .debug_str     0x000000000014b4c2      0x63d ./Drivers/STM32H7xx_HAL_Driver/Src/stm32h7xx_hal_rcc_ex.o
                                     0x145b94 (size before relaxing)
 .debug_str     0x000000000014baff      0x532 ./Drivers/STM32H7xx_HAL_Driver/Src/stm32h7xx_hal_spi.o
                                     0x1459d8 (size before relaxing)
 .debug_str     0x000000000014c031      0xd9c ./Drivers/STM32H7xx_HAL_Driver/Src/stm32h7xx_hal_tim.o
                                     0x14641e (size before relaxing)
 .debug_str     0x000000000014cdcd      0x59e ./Drivers/STM32H7xx_HAL_Driver/Src/stm32h7xx_hal_tim_ex.o
                                     0x145d7d (size before relaxing)
 .debug_str     0x000000000014d36b      0x9dc ./Drivers/STM32H7xx_HAL_Driver/Src/stm32h7xx_hal_uart.o
                                     0x146125 (size before relaxing)
 .debug_str     0x000000000014dd47      0x2e0 ./Drivers/STM32H7xx_HAL_Driver/Src/stm32h7xx_hal_uart_ex.o
                                     0x14572c (size before relaxing)

.comment        0x0000000000000000       0x53
 .comment       0x0000000000000000       0x53 ./Core/Src/NRF24L01.o
                                         0x54 (size before relaxing)
 .comment       0x0000000000000053       0x54 ./Core/Src/main.o
 .comment       0x0000000000000053       0x54 ./Core/Src/stm32h7xx_hal_msp.o
 .comment       0x0000000000000053       0x54 ./Core/Src/stm32h7xx_it.o
 .comment       0x0000000000000053       0x54 ./Core/Src/system_stm32h7xx.o
 .comment       0x0000000000000053       0x54 ./Drivers/STM32H7xx_HAL_Driver/Src/stm32h7xx_hal.o
 .comment       0x0000000000000053       0x54 ./Drivers/STM32H7xx_HAL_Driver/Src/stm32h7xx_hal_cortex.o
 .comment       0x0000000000000053       0x54 ./Drivers/STM32H7xx_HAL_Driver/Src/stm32h7xx_hal_fdcan.o
 .comment       0x0000000000000053       0x54 ./Drivers/STM32H7xx_HAL_Driver/Src/stm32h7xx_hal_gpio.o
 .comment       0x0000000000000053       0x54 ./Drivers/STM32H7xx_HAL_Driver/Src/stm32h7xx_hal_pwr_ex.o
 .comment       0x0000000000000053       0x54 ./Drivers/STM32H7xx_HAL_Driver/Src/stm32h7xx_hal_rcc.o
 .comment       0x0000000000000053       0x54 ./Drivers/STM32H7xx_HAL_Driver/Src/stm32h7xx_hal_rcc_ex.o
 .comment       0x0000000000000053       0x54 ./Drivers/STM32H7xx_HAL_Driver/Src/stm32h7xx_hal_spi.o
 .comment       0x0000000000000053       0x54 ./Drivers/STM32H7xx_HAL_Driver/Src/stm32h7xx_hal_tim.o
 .comment       0x0000000000000053       0x54 ./Drivers/STM32H7xx_HAL_Driver/Src/stm32h7xx_hal_tim_ex.o
 .comment       0x0000000000000053       0x54 ./Drivers/STM32H7xx_HAL_Driver/Src/stm32h7xx_hal_uart.o
 .comment       0x0000000000000053       0x54 ./Drivers/STM32H7xx_HAL_Driver/Src/stm32h7xx_hal_uart_ex.o

.debug_frame    0x0000000000000000     0x5dec
 .debug_frame   0x0000000000000000      0x250 ./Core/Src/NRF24L01.o
 .debug_frame   0x0000000000000250      0x170 ./Core/Src/main.o
 .debug_frame   0x00000000000003c0      0x190 ./Core/Src/stm32h7xx_hal_msp.o
 .debug_frame   0x0000000000000550      0x120 ./Core/Src/stm32h7xx_it.o
 .debug_frame   0x0000000000000670       0x58 ./Core/Src/system_stm32h7xx.o
 .debug_frame   0x00000000000006c8      0x6a8 ./Drivers/STM32H7xx_HAL_Driver/Src/stm32h7xx_hal.o
 .debug_frame   0x0000000000000d70      0x4b8 ./Drivers/STM32H7xx_HAL_Driver/Src/stm32h7xx_hal_cortex.o
 .debug_frame   0x0000000000001228      0xf9c ./Drivers/STM32H7xx_HAL_Driver/Src/stm32h7xx_hal_fdcan.o
 .debug_frame   0x00000000000021c4      0x14c ./Drivers/STM32H7xx_HAL_Driver/Src/stm32h7xx_hal_gpio.o
 .debug_frame   0x0000000000002310      0x660 ./Drivers/STM32H7xx_HAL_Driver/Src/stm32h7xx_hal_pwr_ex.o
 .debug_frame   0x0000000000002970      0x1fc ./Drivers/STM32H7xx_HAL_Driver/Src/stm32h7xx_hal_rcc.o
 .debug_frame   0x0000000000002b6c      0x3cc ./Drivers/STM32H7xx_HAL_Driver/Src/stm32h7xx_hal_rcc_ex.o
 .debug_frame   0x0000000000002f38      0x778 ./Drivers/STM32H7xx_HAL_Driver/Src/stm32h7xx_hal_spi.o
 .debug_frame   0x00000000000036b0     0x121c ./Drivers/STM32H7xx_HAL_Driver/Src/stm32h7xx_hal_tim.o
 .debug_frame   0x00000000000048cc      0x724 ./Drivers/STM32H7xx_HAL_Driver/Src/stm32h7xx_hal_tim_ex.o
 .debug_frame   0x0000000000004ff0      0xa8c ./Drivers/STM32H7xx_HAL_Driver/Src/stm32h7xx_hal_uart.o
 .debug_frame   0x0000000000005a7c      0x29c ./Drivers/STM32H7xx_HAL_Driver/Src/stm32h7xx_hal_uart_ex.o
 .debug_frame   0x0000000000005d18       0x2c c:/st/stm32cubeide_1.8.0/stm32cubeide/plugins/com.st.stm32cube.ide.mcu.externaltools.gnu-tools-for-stm32.9-2020-q2-update.win32_2.0.0.202105311346/tools/bin/../lib/gcc/arm-none-eabi/9.3.1/../../../../arm-none-eabi/lib/thumb/v7e-m+dp/hard\libc_nano.a(lib_a-init.o)
 .debug_frame   0x0000000000005d44       0x28 c:/st/stm32cubeide_1.8.0/stm32cubeide/plugins/com.st.stm32cube.ide.mcu.externaltools.gnu-tools-for-stm32.9-2020-q2-update.win32_2.0.0.202105311346/tools/bin/../lib/gcc/arm-none-eabi/9.3.1/../../../../arm-none-eabi/lib/thumb/v7e-m+dp/hard\libc_nano.a(lib_a-memcpy-stub.o)
 .debug_frame   0x0000000000005d6c       0x20 c:/st/stm32cubeide_1.8.0/stm32cubeide/plugins/com.st.stm32cube.ide.mcu.externaltools.gnu-tools-for-stm32.9-2020-q2-update.win32_2.0.0.202105311346/tools/bin/../lib/gcc/arm-none-eabi/9.3.1/../../../../arm-none-eabi/lib/thumb/v7e-m+dp/hard\libc_nano.a(lib_a-memset.o)
 .debug_frame   0x0000000000005d8c       0x2c c:/st/stm32cubeide_1.8.0/stm32cubeide/plugins/com.st.stm32cube.ide.mcu.externaltools.gnu-tools-for-stm32.9-2020-q2-update.win32_2.0.0.202105311346/tools/bin/../lib/gcc/arm-none-eabi/9.3.1/thumb/v7e-m+dp/hard\libgcc.a(_aeabi_uldivmod.o)
 .debug_frame   0x0000000000005db8       0x34 c:/st/stm32cubeide_1.8.0/stm32cubeide/plugins/com.st.stm32cube.ide.mcu.externaltools.gnu-tools-for-stm32.9-2020-q2-update.win32_2.0.0.202105311346/tools/bin/../lib/gcc/arm-none-eabi/9.3.1/thumb/v7e-m+dp/hard\libgcc.a(_udivmoddi4.o)
