main.c:72:1:__io_putchar	16	static
main.c:79:5:_write	24	static
main.c:112:6:delay	16	static
main.c:184:6:HAL_FDCAN_RxFifo0Callback	16	static
main.c:200:6:HAL_FDCAN_RxFifo1Callback	16	static
main.c:214:6:HAL_FDCAN_RxBufferNewMessageCallback	16	static
main.c:236:5:main	88	static
main.c:675:6:SystemClock_Config	120	static
main.c:735:13:MX_ADC1_Init	48	static
main.c:800:13:MX_FDCAN1_Init	8	static
main.c:925:13:MX_SPI1_Init	8	static
main.c:973:13:MX_TIM1_Init	120	static
main.c:1061:13:MX_TIM2_Init	64	static
main.c:1120:13:MX_TIM3_Init	64	static
main.c:1179:13:MX_USART3_UART_Init	8	static
main.c:1227:13:MX_GPIO_Init	64	static
main.c:1311:6:Error_Handler	4	static,ignoring_inline_asm
