main.c:72:1:__io_putchar	16	static
main.c:79:5:_write	24	static
main.c:109:6:delay	16	static
main.c:174:6:HAL_FDCAN_RxFifo0Callback	16	static
main.c:198:5:main	8	static
main.c:581:6:SystemClock_Config	120	static
main.c:641:13:MX_ADC1_Init	48	static
main.c:706:13:MX_FDCAN1_Init	8	static
main.c:794:13:MX_SPI1_Init	8	static
main.c:842:13:MX_TIM1_Init	120	static
main.c:930:13:MX_TIM2_Init	64	static
main.c:989:13:MX_TIM3_Init	64	static
main.c:1048:13:MX_USART3_UART_Init	8	static
main.c:1096:13:MX_GPIO_Init	64	static
main.c:1180:6:Error_Handler	4	static,ignoring_inline_asm
