Archive member included to satisfy reference by file (symbol)

c:/st/stm32cubeide_1.8.0/stm32cubeide/plugins/com.st.stm32cube.ide.mcu.externaltools.gnu-tools-for-stm32.9-2020-q2-update.win32_2.0.0.202105311346/tools/bin/../lib/gcc/arm-none-eabi/9.3.1/../../../../arm-none-eabi/lib/thumb/v7e-m+dp/hard\libc_nano.a(lib_a-errno.o)
                              ./Core/Src/syscalls.o (__errno)
c:/st/stm32cubeide_1.8.0/stm32cubeide/plugins/com.st.stm32cube.ide.mcu.externaltools.gnu-tools-for-stm32.9-2020-q2-update.win32_2.0.0.202105311346/tools/bin/../lib/gcc/arm-none-eabi/9.3.1/../../../../arm-none-eabi/lib/thumb/v7e-m+dp/hard\libc_nano.a(lib_a-exit.o)
                              c:/st/stm32cubeide_1.8.0/stm32cubeide/plugins/com.st.stm32cube.ide.mcu.externaltools.gnu-tools-for-stm32.9-2020-q2-update.win32_2.0.0.202105311346/tools/bin/../lib/gcc/arm-none-eabi/9.3.1/../../../../arm-none-eabi/lib/thumb/v7e-m+dp/hard/crt0.o (exit)
c:/st/stm32cubeide_1.8.0/stm32cubeide/plugins/com.st.stm32cube.ide.mcu.externaltools.gnu-tools-for-stm32.9-2020-q2-update.win32_2.0.0.202105311346/tools/bin/../lib/gcc/arm-none-eabi/9.3.1/../../../../arm-none-eabi/lib/thumb/v7e-m+dp/hard\libc_nano.a(lib_a-impure.o)
                              c:/st/stm32cubeide_1.8.0/stm32cubeide/plugins/com.st.stm32cube.ide.mcu.externaltools.gnu-tools-for-stm32.9-2020-q2-update.win32_2.0.0.202105311346/tools/bin/../lib/gcc/arm-none-eabi/9.3.1/../../../../arm-none-eabi/lib/thumb/v7e-m+dp/hard\libc_nano.a(lib_a-exit.o) (_global_impure_ptr)
c:/st/stm32cubeide_1.8.0/stm32cubeide/plugins/com.st.stm32cube.ide.mcu.externaltools.gnu-tools-for-stm32.9-2020-q2-update.win32_2.0.0.202105311346/tools/bin/../lib/gcc/arm-none-eabi/9.3.1/../../../../arm-none-eabi/lib/thumb/v7e-m+dp/hard\libc_nano.a(lib_a-init.o)
                              c:/st/stm32cubeide_1.8.0/stm32cubeide/plugins/com.st.stm32cube.ide.mcu.externaltools.gnu-tools-for-stm32.9-2020-q2-update.win32_2.0.0.202105311346/tools/bin/../lib/gcc/arm-none-eabi/9.3.1/../../../../arm-none-eabi/lib/thumb/v7e-m+dp/hard/crt0.o (__libc_init_array)
c:/st/stm32cubeide_1.8.0/stm32cubeide/plugins/com.st.stm32cube.ide.mcu.externaltools.gnu-tools-for-stm32.9-2020-q2-update.win32_2.0.0.202105311346/tools/bin/../lib/gcc/arm-none-eabi/9.3.1/../../../../arm-none-eabi/lib/thumb/v7e-m+dp/hard\libc_nano.a(lib_a-memcpy-stub.o)
                              ./Drivers/STM32H7xx_HAL_Driver/Src/stm32h7xx_hal_fdcan.o (memcpy)
c:/st/stm32cubeide_1.8.0/stm32cubeide/plugins/com.st.stm32cube.ide.mcu.externaltools.gnu-tools-for-stm32.9-2020-q2-update.win32_2.0.0.202105311346/tools/bin/../lib/gcc/arm-none-eabi/9.3.1/../../../../arm-none-eabi/lib/thumb/v7e-m+dp/hard\libc_nano.a(lib_a-memset.o)
                              c:/st/stm32cubeide_1.8.0/stm32cubeide/plugins/com.st.stm32cube.ide.mcu.externaltools.gnu-tools-for-stm32.9-2020-q2-update.win32_2.0.0.202105311346/tools/bin/../lib/gcc/arm-none-eabi/9.3.1/../../../../arm-none-eabi/lib/thumb/v7e-m+dp/hard/crt0.o (memset)
c:/st/stm32cubeide_1.8.0/stm32cubeide/plugins/com.st.stm32cube.ide.mcu.externaltools.gnu-tools-for-stm32.9-2020-q2-update.win32_2.0.0.202105311346/tools/bin/../lib/gcc/arm-none-eabi/9.3.1/thumb/v7e-m+dp/hard\libgcc.a(_aeabi_uldivmod.o)
                              ./Drivers/STM32H7xx_HAL_Driver/Src/stm32h7xx_hal_uart.o (__aeabi_uldivmod)
c:/st/stm32cubeide_1.8.0/stm32cubeide/plugins/com.st.stm32cube.ide.mcu.externaltools.gnu-tools-for-stm32.9-2020-q2-update.win32_2.0.0.202105311346/tools/bin/../lib/gcc/arm-none-eabi/9.3.1/thumb/v7e-m+dp/hard\libgcc.a(_udivmoddi4.o)
                              c:/st/stm32cubeide_1.8.0/stm32cubeide/plugins/com.st.stm32cube.ide.mcu.externaltools.gnu-tools-for-stm32.9-2020-q2-update.win32_2.0.0.202105311346/tools/bin/../lib/gcc/arm-none-eabi/9.3.1/thumb/v7e-m+dp/hard\libgcc.a(_aeabi_uldivmod.o) (__udivmoddi4)
c:/st/stm32cubeide_1.8.0/stm32cubeide/plugins/com.st.stm32cube.ide.mcu.externaltools.gnu-tools-for-stm32.9-2020-q2-update.win32_2.0.0.202105311346/tools/bin/../lib/gcc/arm-none-eabi/9.3.1/thumb/v7e-m+dp/hard\libgcc.a(_dvmd_tls.o)
                              c:/st/stm32cubeide_1.8.0/stm32cubeide/plugins/com.st.stm32cube.ide.mcu.externaltools.gnu-tools-for-stm32.9-2020-q2-update.win32_2.0.0.202105311346/tools/bin/../lib/gcc/arm-none-eabi/9.3.1/thumb/v7e-m+dp/hard\libgcc.a(_aeabi_uldivmod.o) (__aeabi_ldiv0)

Allocating common symbols
Common symbol       size              file

huart3              0x90              ./Core/Src/usart.o
uwTick              0x4               ./Drivers/STM32H7xx_HAL_Driver/Src/stm32h7xx_hal.o
pFlash              0x1c              ./Drivers/STM32H7xx_HAL_Driver/Src/stm32h7xx_hal_flash.o
htim3               0x4c              ./Core/Src/tim.o
hfdcan1             0xa0              ./Core/Src/fdcan.o
htim1               0x4c              ./Core/Src/tim.o
huart2              0x90              ./Core/Src/usart.o

Discarded input sections

[...]
Memory Configuration

Name             Origin             Length             Attributes
ITCMRAM          0x0000000000000000 0x0000000000010000 xrw
FLASH            0x0000000008000000 0x0000000000200000 xr
DTCMRAM1         0x0000000020000000 0x0000000000010000 xrw
DTCMRAM2         0x0000000020010000 0x0000000000010000 xrw
RAM              0x0000000024000000 0x0000000000100000 xrw
RAM_CD           0x0000000030000000 0x0000000000020000 xrw
RAM_SRD          0x0000000038000000 0x0000000000008000 xrw
*default*        0x0000000000000000 0xffffffffffffffff

Linker script and memory map

LOAD c:/st/stm32cubeide_1.8.0/stm32cubeide/plugins/com.st.stm32cube.ide.mcu.externaltools.gnu-tools-for-stm32.9-2020-q2-update.win32_2.0.0.202105311346/tools/bin/../lib/gcc/arm-none-eabi/9.3.1/thumb/v7e-m+dp/hard/crti.o
LOAD c:/st/stm32cubeide_1.8.0/stm32cubeide/plugins/com.st.stm32cube.ide.mcu.externaltools.gnu-tools-for-stm32.9-2020-q2-update.win32_2.0.0.202105311346/tools/bin/../lib/gcc/arm-none-eabi/9.3.1/thumb/v7e-m+dp/hard/crtbegin.o
LOAD c:/st/stm32cubeide_1.8.0/stm32cubeide/plugins/com.st.stm32cube.ide.mcu.externaltools.gnu-tools-for-stm32.9-2020-q2-update.win32_2.0.0.202105311346/tools/bin/../lib/gcc/arm-none-eabi/9.3.1/../../../../arm-none-eabi/lib/thumb/v7e-m+dp/hard/crt0.o
LOAD ./Core/Src/fdcan.o
LOAD ./Core/Src/gpio.o
LOAD ./Core/Src/main.o
LOAD ./Core/Src/stm32h7xx_hal_msp.o
LOAD ./Core/Src/stm32h7xx_it.o
LOAD ./Core/Src/syscalls.o
LOAD ./Core/Src/sysmem.o
LOAD ./Core/Src/system_stm32h7xx.o
LOAD ./Core/Src/tim.o
LOAD ./Core/Src/usart.o
LOAD ./Core/Src/usb_otg.o
LOAD ./Core/Startup/startup_stm32h7a3zitxq.o
LOAD ./Drivers/STM32H7xx_HAL_Driver/Src/stm32h7xx_hal.o
LOAD ./Drivers/STM32H7xx_HAL_Driver/Src/stm32h7xx_hal_cortex.o
LOAD ./Drivers/STM32H7xx_HAL_Driver/Src/stm32h7xx_hal_dma.o
LOAD ./Drivers/STM32H7xx_HAL_Driver/Src/stm32h7xx_hal_dma_ex.o
LOAD ./Drivers/STM32H7xx_HAL_Driver/Src/stm32h7xx_hal_exti.o
LOAD ./Drivers/STM32H7xx_HAL_Driver/Src/stm32h7xx_hal_fdcan.o
LOAD ./Drivers/STM32H7xx_HAL_Driver/Src/stm32h7xx_hal_flash.o
LOAD ./Drivers/STM32H7xx_HAL_Driver/Src/stm32h7xx_hal_flash_ex.o
LOAD ./Drivers/STM32H7xx_HAL_Driver/Src/stm32h7xx_hal_gpio.o
LOAD ./Drivers/STM32H7xx_HAL_Driver/Src/stm32h7xx_hal_hsem.o
LOAD ./Drivers/STM32H7xx_HAL_Driver/Src/stm32h7xx_hal_i2c.o
LOAD ./Drivers/STM32H7xx_HAL_Driver/Src/stm32h7xx_hal_i2c_ex.o
LOAD ./Drivers/STM32H7xx_HAL_Driver/Src/stm32h7xx_hal_mdma.o
LOAD ./Drivers/STM32H7xx_HAL_Driver/Src/stm32h7xx_hal_pwr.o
LOAD ./Drivers/STM32H7xx_HAL_Driver/Src/stm32h7xx_hal_pwr_ex.o
LOAD ./Drivers/STM32H7xx_HAL_Driver/Src/stm32h7xx_hal_rcc.o
LOAD ./Drivers/STM32H7xx_HAL_Driver/Src/stm32h7xx_hal_rcc_ex.o
LOAD ./Drivers/STM32H7xx_HAL_Driver/Src/stm32h7xx_hal_tim.o
LOAD ./Drivers/STM32H7xx_HAL_Driver/Src/stm32h7xx_hal_tim_ex.o
LOAD ./Drivers/STM32H7xx_HAL_Driver/Src/stm32h7xx_hal_uart.o
LOAD ./Drivers/STM32H7xx_HAL_Driver/Src/stm32h7xx_hal_uart_ex.o
START GROUP
LOAD c:/st/stm32cubeide_1.8.0/stm32cubeide/plugins/com.st.stm32cube.ide.mcu.externaltools.gnu-tools-for-stm32.9-2020-q2-update.win32_2.0.0.202105311346/tools/bin/../lib/gcc/arm-none-eabi/9.3.1/../../../../arm-none-eabi/lib/thumb/v7e-m+dp/hard\libc_nano.a
LOAD c:/st/stm32cubeide_1.8.0/stm32cubeide/plugins/com.st.stm32cube.ide.mcu.externaltools.gnu-tools-for-stm32.9-2020-q2-update.win32_2.0.0.202105311346/tools/bin/../lib/gcc/arm-none-eabi/9.3.1/../../../../arm-none-eabi/lib/thumb/v7e-m+dp/hard\libm.a
END GROUP
START GROUP
LOAD c:/st/stm32cubeide_1.8.0/stm32cubeide/plugins/com.st.stm32cube.ide.mcu.externaltools.gnu-tools-for-stm32.9-2020-q2-update.win32_2.0.0.202105311346/tools/bin/../lib/gcc/arm-none-eabi/9.3.1/thumb/v7e-m+dp/hard\libgcc.a
LOAD c:/st/stm32cubeide_1.8.0/stm32cubeide/plugins/com.st.stm32cube.ide.mcu.externaltools.gnu-tools-for-stm32.9-2020-q2-update.win32_2.0.0.202105311346/tools/bin/../lib/gcc/arm-none-eabi/9.3.1/../../../../arm-none-eabi/lib/thumb/v7e-m+dp/hard\libc_nano.a
END GROUP
START GROUP
LOAD c:/st/stm32cubeide_1.8.0/stm32cubeide/plugins/com.st.stm32cube.ide.mcu.externaltools.gnu-tools-for-stm32.9-2020-q2-update.win32_2.0.0.202105311346/tools/bin/../lib/gcc/arm-none-eabi/9.3.1/thumb/v7e-m+dp/hard\libgcc.a
LOAD c:/st/stm32cubeide_1.8.0/stm32cubeide/plugins/com.st.stm32cube.ide.mcu.externaltools.gnu-tools-for-stm32.9-2020-q2-update.win32_2.0.0.202105311346/tools/bin/../lib/gcc/arm-none-eabi/9.3.1/../../../../arm-none-eabi/lib/thumb/v7e-m+dp/hard\libc_nano.a
LOAD c:/st/stm32cubeide_1.8.0/stm32cubeide/plugins/com.st.stm32cube.ide.mcu.externaltools.gnu-tools-for-stm32.9-2020-q2-update.win32_2.0.0.202105311346/tools/bin/../lib/gcc/arm-none-eabi/9.3.1/../../../../arm-none-eabi/lib/thumb/v7e-m+dp/hard\libnosys.a
END GROUP
START GROUP
LOAD c:/st/stm32cubeide_1.8.0/stm32cubeide/plugins/com.st.stm32cube.ide.mcu.externaltools.gnu-tools-for-stm32.9-2020-q2-update.win32_2.0.0.202105311346/tools/bin/../lib/gcc/arm-none-eabi/9.3.1/thumb/v7e-m+dp/hard\libgcc.a
LOAD c:/st/stm32cubeide_1.8.0/stm32cubeide/plugins/com.st.stm32cube.ide.mcu.externaltools.gnu-tools-for-stm32.9-2020-q2-update.win32_2.0.0.202105311346/tools/bin/../lib/gcc/arm-none-eabi/9.3.1/../../../../arm-none-eabi/lib/thumb/v7e-m+dp/hard\libc_nano.a
LOAD c:/st/stm32cubeide_1.8.0/stm32cubeide/plugins/com.st.stm32cube.ide.mcu.externaltools.gnu-tools-for-stm32.9-2020-q2-update.win32_2.0.0.202105311346/tools/bin/../lib/gcc/arm-none-eabi/9.3.1/../../../../arm-none-eabi/lib/thumb/v7e-m+dp/hard\libnosys.a
END GROUP
LOAD c:/st/stm32cubeide_1.8.0/stm32cubeide/plugins/com.st.stm32cube.ide.mcu.externaltools.gnu-tools-for-stm32.9-2020-q2-update.win32_2.0.0.202105311346/tools/bin/../lib/gcc/arm-none-eabi/9.3.1/thumb/v7e-m+dp/hard/crtend.o
LOAD c:/st/stm32cubeide_1.8.0/stm32cubeide/plugins/com.st.stm32cube.ide.mcu.externaltools.gnu-tools-for-stm32.9-2020-q2-update.win32_2.0.0.202105311346/tools/bin/../lib/gcc/arm-none-eabi/9.3.1/thumb/v7e-m+dp/hard/crtn.o
                0x0000000024100000                _estack = (ORIGIN (RAM) + LENGTH (RAM))
                0x0000000000000200                _Min_Heap_Size = 0x200
                0x0000000000000400                _Min_Stack_Size = 0x400

.isr_vector     0x0000000008000000      0x2ac
                0x0000000008000000                . = ALIGN (0x4)
 *(.isr_vector)
 .isr_vector    0x0000000008000000      0x2ac ./Core/Startup/startup_stm32h7a3zitxq.o
                0x0000000008000000                g_pfnVectors
                0x00000000080002ac                . = ALIGN (0x4)

.text           0x00000000080002b0     0x7bd4
                0x00000000080002b0                . = ALIGN (0x4)
 *(.text)
 .text          0x00000000080002b0       0x40 c:/st/stm32cubeide_1.8.0/stm32cubeide/plugins/com.st.stm32cube.ide.mcu.externaltools.gnu-tools-for-stm32.9-2020-q2-update.win32_2.0.0.202105311346/tools/bin/../lib/gcc/arm-none-eabi/9.3.1/thumb/v7e-m+dp/hard/crtbegin.o
 .text          0x00000000080002f0       0x30 c:/st/stm32cubeide_1.8.0/stm32cubeide/plugins/com.st.stm32cube.ide.mcu.externaltools.gnu-tools-for-stm32.9-2020-q2-update.win32_2.0.0.202105311346/tools/bin/../lib/gcc/arm-none-eabi/9.3.1/thumb/v7e-m+dp/hard\libgcc.a(_aeabi_uldivmod.o)
                0x00000000080002f0                __aeabi_uldivmod
 .text          0x0000000008000320      0x2c4 c:/st/stm32cubeide_1.8.0/stm32cubeide/plugins/com.st.stm32cube.ide.mcu.externaltools.gnu-tools-for-stm32.9-2020-q2-update.win32_2.0.0.202105311346/tools/bin/../lib/gcc/arm-none-eabi/9.3.1/thumb/v7e-m+dp/hard\libgcc.a(_udivmoddi4.o)
                0x0000000008000320                __udivmoddi4
 .text          0x00000000080005e4        0x4 c:/st/stm32cubeide_1.8.0/stm32cubeide/plugins/com.st.stm32cube.ide.mcu.externaltools.gnu-tools-for-stm32.9-2020-q2-update.win32_2.0.0.202105311346/tools/bin/../lib/gcc/arm-none-eabi/9.3.1/thumb/v7e-m+dp/hard\libgcc.a(_dvmd_tls.o)
                0x00000000080005e4                __aeabi_idiv0
                0x00000000080005e4                __aeabi_ldiv0
 *(.text*)
 .text.MX_FDCAN1_Init
                0x00000000080005e8       0xcc ./Core/Src/fdcan.o
                0x00000000080005e8                MX_FDCAN1_Init
 .text.HAL_FDCAN_MspInit
                0x00000000080006b4       0xec ./Core/Src/fdcan.o
                0x00000000080006b4                HAL_FDCAN_MspInit
 .text.MX_GPIO_Init
                0x00000000080007a0      0x258 ./Core/Src/gpio.o
                0x00000000080007a0                MX_GPIO_Init
 .text.HAL_TIM_IC_CaptureCallback
                0x00000000080009f8      0x130 ./Core/Src/main.o
                0x00000000080009f8                HAL_TIM_IC_CaptureCallback
 .text.main     0x0000000008000b28       0x54 ./Core/Src/main.o
                0x0000000008000b28                main
 .text.SystemClock_Config
                0x0000000008000b7c       0xe0 ./Core/Src/main.o
                0x0000000008000b7c                SystemClock_Config
 .text.Error_Handler
                0x0000000008000c5c        0xa ./Core/Src/main.o
                0x0000000008000c5c                Error_Handler
 *fill*         0x0000000008000c66        0x2 
 .text.HAL_MspInit
                0x0000000008000c68       0x34 ./Core/Src/stm32h7xx_hal_msp.o
                0x0000000008000c68                HAL_MspInit
 .text.NMI_Handler
                0x0000000008000c9c        0x6 ./Core/Src/stm32h7xx_it.o
                0x0000000008000c9c                NMI_Handler
 .text.HardFault_Handler
                0x0000000008000ca2        0x6 ./Core/Src/stm32h7xx_it.o
                0x0000000008000ca2                HardFault_Handler
 .text.MemManage_Handler
                0x0000000008000ca8        0x6 ./Core/Src/stm32h7xx_it.o
                0x0000000008000ca8                MemManage_Handler
 .text.BusFault_Handler
                0x0000000008000cae        0x6 ./Core/Src/stm32h7xx_it.o
                0x0000000008000cae                BusFault_Handler
 .text.UsageFault_Handler
                0x0000000008000cb4        0x6 ./Core/Src/stm32h7xx_it.o
                0x0000000008000cb4                UsageFault_Handler
 .text.SVC_Handler
                0x0000000008000cba        0xe ./Core/Src/stm32h7xx_it.o
                0x0000000008000cba                SVC_Handler
 .text.DebugMon_Handler
                0x0000000008000cc8        0xe ./Core/Src/stm32h7xx_it.o
                0x0000000008000cc8                DebugMon_Handler
 .text.PendSV_Handler
                0x0000000008000cd6        0xe ./Core/Src/stm32h7xx_it.o
                0x0000000008000cd6                PendSV_Handler
 .text.SysTick_Handler
                0x0000000008000ce4        0xc ./Core/Src/stm32h7xx_it.o
                0x0000000008000ce4                SysTick_Handler
 .text.FDCAN1_IT0_IRQHandler
                0x0000000008000cf0       0x14 ./Core/Src/stm32h7xx_it.o
                0x0000000008000cf0                FDCAN1_IT0_IRQHandler
 .text.FDCAN1_IT1_IRQHandler
                0x0000000008000d04       0x14 ./Core/Src/stm32h7xx_it.o
                0x0000000008000d04                FDCAN1_IT1_IRQHandler
 .text.TIM3_IRQHandler
                0x0000000008000d18       0x14 ./Core/Src/stm32h7xx_it.o
                0x0000000008000d18                TIM3_IRQHandler
 .text.SystemInit
                0x0000000008000d2c       0xf0 ./Core/Src/system_stm32h7xx.o
                0x0000000008000d2c                SystemInit
 .text.MX_TIM1_Init
                0x0000000008000e1c      0x13c ./Core/Src/tim.o
                0x0000000008000e1c                MX_TIM1_Init
 .text.MX_TIM3_Init
                0x0000000008000f58       0xe4 ./Core/Src/tim.o
                0x0000000008000f58                MX_TIM3_Init
 .text.HAL_TIM_PWM_MspInit
                0x000000000800103c       0x44 ./Core/Src/tim.o
                0x000000000800103c                HAL_TIM_PWM_MspInit
 .text.HAL_TIM_Base_MspInit
                0x0000000008001080       0xa4 ./Core/Src/tim.o
                0x0000000008001080                HAL_TIM_Base_MspInit
 .text.HAL_TIM_MspPostInit
                0x0000000008001124       0x78 ./Core/Src/tim.o
                0x0000000008001124                HAL_TIM_MspPostInit
 .text.MX_USART2_UART_Init
                0x000000000800119c       0x98 ./Core/Src/usart.o
                0x000000000800119c                MX_USART2_UART_Init
 .text.MX_USART3_UART_Init
                0x0000000008001234       0x98 ./Core/Src/usart.o
                0x0000000008001234                MX_USART3_UART_Init
 .text.HAL_UART_MspInit
                0x00000000080012cc      0x164 ./Core/Src/usart.o
                0x00000000080012cc                HAL_UART_MspInit
 .text.MX_USB_OTG_HS_USB_Init
                0x0000000008001430        0xe ./Core/Src/usb_otg.o
                0x0000000008001430                MX_USB_OTG_HS_USB_Init
 *fill*         0x000000000800143e        0x2 
 .text.Reset_Handler
                0x0000000008001440       0x50 ./Core/Startup/startup_stm32h7a3zitxq.o
                0x0000000008001440                Reset_Handler
 .text.Default_Handler
                0x0000000008001490        0x2 ./Core/Startup/startup_stm32h7a3zitxq.o
                0x0000000008001490                RTC_Alarm_IRQHandler
                0x0000000008001490                EXTI2_IRQHandler
                0x0000000008001490                TIM8_CC_IRQHandler
                0x0000000008001490                UART8_IRQHandler
                0x0000000008001490                BDMA2_Channel1_IRQHandler
                0x0000000008001490                SPI4_IRQHandler
                0x0000000008001490                BDMA2_Channel0_IRQHandler
                0x0000000008001490                TIM1_CC_IRQHandler
                0x0000000008001490                DMA2_Stream5_IRQHandler
                0x0000000008001490                JPEG_IRQHandler
                0x0000000008001490                DMA1_Stream5_IRQHandler
                0x0000000008001490                EXTI3_IRQHandler
                0x0000000008001490                LPTIM4_IRQHandler
                0x0000000008001490                TIM8_TRG_COM_TIM14_IRQHandler
                0x0000000008001490                LPTIM2_IRQHandler
                0x0000000008001490                DFSDM1_FLT1_IRQHandler
                0x0000000008001490                DMAMUX2_OVR_IRQHandler
                0x0000000008001490                GFXMMU_IRQHandler
                0x0000000008001490                TIM8_UP_TIM13_IRQHandler
                0x0000000008001490                I2C3_ER_IRQHandler
                0x0000000008001490                DFSDM1_FLT2_IRQHandler
                0x0000000008001490                USART10_IRQHandler
                0x0000000008001490                MDMA_IRQHandler
                0x0000000008001490                LPTIM3_IRQHandler
                0x0000000008001490                BDMA2_Channel3_IRQHandler
                0x0000000008001490                HSEM1_IRQHandler
                0x0000000008001490                EXTI0_IRQHandler
                0x0000000008001490                I2C2_EV_IRQHandler
                0x0000000008001490                DAC2_IRQHandler
                0x0000000008001490                DMA1_Stream2_IRQHandler
                0x0000000008001490                FPU_IRQHandler
                0x0000000008001490                OTG_HS_WKUP_IRQHandler
                0x0000000008001490                LTDC_ER_IRQHandler
                0x0000000008001490                DMA2_Stream2_IRQHandler
                0x0000000008001490                SPI1_IRQHandler
                0x0000000008001490                OCTOSPI1_IRQHandler
                0x0000000008001490                TIM6_DAC_IRQHandler
                0x0000000008001490                BDMA2_Channel6_IRQHandler
                0x0000000008001490                DMA2_Stream3_IRQHandler
                0x0000000008001490                OCTOSPI2_IRQHandler
                0x0000000008001490                SAI2_IRQHandler
                0x0000000008001490                BDMA1_IRQHandler
                0x0000000008001490                DFSDM1_FLT3_IRQHandler
                0x0000000008001490                USART6_IRQHandler
                0x0000000008001490                TIM17_IRQHandler
                0x0000000008001490                USART3_IRQHandler
                0x0000000008001490                LPTIM5_IRQHandler
                0x0000000008001490                UART5_IRQHandler
                0x0000000008001490                DMA2_Stream0_IRQHandler
                0x0000000008001490                TIM4_IRQHandler
                0x0000000008001490                I2C1_EV_IRQHandler
                0x0000000008001490                DMA1_Stream6_IRQHandler
                0x0000000008001490                DMAMUX1_OVR_IRQHandler
                0x0000000008001490                DMA1_Stream1_IRQHandler
                0x0000000008001490                TIM16_IRQHandler
                0x0000000008001490                UART4_IRQHandler
                0x0000000008001490                RCC_IRQHandler
                0x0000000008001490                UART9_IRQHandler
                0x0000000008001490                TIM8_BRK_TIM12_IRQHandler
                0x0000000008001490                TIM1_TRG_COM_IRQHandler
                0x0000000008001490                Default_Handler
                0x0000000008001490                ECC_IRQHandler
                0x0000000008001490                BDMA2_Channel2_IRQHandler
                0x0000000008001490                CEC_IRQHandler
                0x0000000008001490                EXTI15_10_IRQHandler
                0x0000000008001490                DFSDM1_FLT4_IRQHandler
                0x0000000008001490                ADC_IRQHandler
                0x0000000008001490                DMA1_Stream7_IRQHandler
                0x0000000008001490                SPI5_IRQHandler
                0x0000000008001490                TIM7_IRQHandler
                0x0000000008001490                SDMMC1_IRQHandler
                0x0000000008001490                TIM5_IRQHandler
                0x0000000008001490                DMA2_Stream7_IRQHandler
                0x0000000008001490                TIM15_IRQHandler
                0x0000000008001490                I2C3_EV_IRQHandler
                0x0000000008001490                DFSDM2_IRQHandler
                0x0000000008001490                EXTI9_5_IRQHandler
                0x0000000008001490                RTC_WKUP_IRQHandler
                0x0000000008001490                LTDC_IRQHandler
                0x0000000008001490                SPDIF_RX_IRQHandler
                0x0000000008001490                PVD_PVM_IRQHandler
                0x0000000008001490                SPI2_IRQHandler
                0x0000000008001490                OTG_HS_EP1_IN_IRQHandler
                0x0000000008001490                DFSDM1_FLT5_IRQHandler
                0x0000000008001490                DMA1_Stream0_IRQHandler
                0x0000000008001490                CRS_IRQHandler
                0x0000000008001490                EXTI4_IRQHandler
                0x0000000008001490                DFSDM1_FLT6_IRQHandler
                0x0000000008001490                RNG_IRQHandler
                0x0000000008001490                FDCAN2_IT1_IRQHandler
                0x0000000008001490                COMP_IRQHandler
                0x0000000008001490                TIM1_UP_IRQHandler
                0x0000000008001490                OTG_HS_EP1_OUT_IRQHandler
                0x0000000008001490                WWDG_IRQHandler
                0x0000000008001490                SPI6_IRQHandler
                0x0000000008001490                MDIOS_IRQHandler
                0x0000000008001490                I2C4_EV_IRQHandler
                0x0000000008001490                FDCAN2_IT0_IRQHandler
                0x0000000008001490                LPUART1_IRQHandler
                0x0000000008001490                TIM2_IRQHandler
                0x0000000008001490                BDMA2_Channel5_IRQHandler
                0x0000000008001490                OTG_HS_IRQHandler
                0x0000000008001490                DMA2D_IRQHandler
                0x0000000008001490                TIM1_BRK_IRQHandler
                0x0000000008001490                EXTI1_IRQHandler
                0x0000000008001490                SDMMC2_IRQHandler
                0x0000000008001490                DTS_IRQHandler
                0x0000000008001490                UART7_IRQHandler
                0x0000000008001490                MDIOS_WKUP_IRQHandler
                0x0000000008001490                USART2_IRQHandler
                0x0000000008001490                DFSDM1_FLT0_IRQHandler
                0x0000000008001490                I2C2_ER_IRQHandler
                0x0000000008001490                DMA2_Stream1_IRQHandler
                0x0000000008001490                DFSDM1_FLT7_IRQHandler
                0x0000000008001490                FLASH_IRQHandler
                0x0000000008001490                DMA2_Stream4_IRQHandler
                0x0000000008001490                USART1_IRQHandler
                0x0000000008001490                SPI3_IRQHandler
                0x0000000008001490                WAKEUP_PIN_IRQHandler
                0x0000000008001490                DMA1_Stream4_IRQHandler
                0x0000000008001490                I2C1_ER_IRQHandler
                0x0000000008001490                FMC_IRQHandler
                0x0000000008001490                BDMA2_Channel7_IRQHandler
                0x0000000008001490                FDCAN_CAL_IRQHandler
                0x0000000008001490                SWPMI1_IRQHandler
                0x0000000008001490                LPTIM1_IRQHandler
                0x0000000008001490                DCMI_PSSI_IRQHandler
                0x0000000008001490                I2C4_ER_IRQHandler
                0x0000000008001490                DMA2_Stream6_IRQHandler
                0x0000000008001490                SAI1_IRQHandler
                0x0000000008001490                DMA1_Stream3_IRQHandler
                0x0000000008001490                RTC_TAMP_STAMP_CSS_LSE_IRQHandler
                0x0000000008001490                BDMA2_Channel4_IRQHandler
 *fill*         0x0000000008001492        0x2 
 .text.HAL_Init
                0x0000000008001494       0x78 ./Drivers/STM32H7xx_HAL_Driver/Src/stm32h7xx_hal.o
                0x0000000008001494                HAL_Init
 .text.HAL_InitTick
                0x000000000800150c       0x6c ./Drivers/STM32H7xx_HAL_Driver/Src/stm32h7xx_hal.o
                0x000000000800150c                HAL_InitTick
 .text.HAL_IncTick
                0x0000000008001578       0x28 ./Drivers/STM32H7xx_HAL_Driver/Src/stm32h7xx_hal.o
                0x0000000008001578                HAL_IncTick
 .text.HAL_GetTick
                0x00000000080015a0       0x18 ./Drivers/STM32H7xx_HAL_Driver/Src/stm32h7xx_hal.o
                0x00000000080015a0                HAL_GetTick
 .text.__NVIC_SetPriorityGrouping
                0x00000000080015b8       0x48 ./Drivers/STM32H7xx_HAL_Driver/Src/stm32h7xx_hal_cortex.o
 .text.__NVIC_GetPriorityGrouping
                0x0000000008001600       0x1c ./Drivers/STM32H7xx_HAL_Driver/Src/stm32h7xx_hal_cortex.o
 .text.__NVIC_EnableIRQ
                0x000000000800161c       0x3c ./Drivers/STM32H7xx_HAL_Driver/Src/stm32h7xx_hal_cortex.o
 .text.__NVIC_SetPriority
                0x0000000008001658       0x54 ./Drivers/STM32H7xx_HAL_Driver/Src/stm32h7xx_hal_cortex.o
 .text.NVIC_EncodePriority
                0x00000000080016ac       0x66 ./Drivers/STM32H7xx_HAL_Driver/Src/stm32h7xx_hal_cortex.o
 *fill*         0x0000000008001712        0x2 
 .text.SysTick_Config
                0x0000000008001714       0x44 ./Drivers/STM32H7xx_HAL_Driver/Src/stm32h7xx_hal_cortex.o
 .text.HAL_NVIC_SetPriorityGrouping
                0x0000000008001758       0x16 ./Drivers/STM32H7xx_HAL_Driver/Src/stm32h7xx_hal_cortex.o
                0x0000000008001758                HAL_NVIC_SetPriorityGrouping
 .text.HAL_NVIC_SetPriority
                0x000000000800176e       0x34 ./Drivers/STM32H7xx_HAL_Driver/Src/stm32h7xx_hal_cortex.o
                0x000000000800176e                HAL_NVIC_SetPriority
 .text.HAL_NVIC_EnableIRQ
                0x00000000080017a2       0x1c ./Drivers/STM32H7xx_HAL_Driver/Src/stm32h7xx_hal_cortex.o
                0x00000000080017a2                HAL_NVIC_EnableIRQ
 .text.HAL_SYSTICK_Config
                0x00000000080017be       0x18 ./Drivers/STM32H7xx_HAL_Driver/Src/stm32h7xx_hal_cortex.o
                0x00000000080017be                HAL_SYSTICK_Config
 *fill*         0x00000000080017d6        0x2 
 .text.HAL_FDCAN_Init
                0x00000000080017d8      0x3c4 ./Drivers/STM32H7xx_HAL_Driver/Src/stm32h7xx_hal_fdcan.o
                0x00000000080017d8                HAL_FDCAN_Init
 .text.HAL_FDCAN_IRQHandler
                0x0000000008001b9c      0x4bc ./Drivers/STM32H7xx_HAL_Driver/Src/stm32h7xx_hal_fdcan.o
                0x0000000008001b9c                HAL_FDCAN_IRQHandler
 .text.HAL_FDCAN_ClockCalibrationCallback
                0x0000000008002058       0x16 ./Drivers/STM32H7xx_HAL_Driver/Src/stm32h7xx_hal_fdcan.o
                0x0000000008002058                HAL_FDCAN_ClockCalibrationCallback
 .text.HAL_FDCAN_TxEventFifoCallback
                0x000000000800206e       0x16 ./Drivers/STM32H7xx_HAL_Driver/Src/stm32h7xx_hal_fdcan.o
                0x000000000800206e                HAL_FDCAN_TxEventFifoCallback
 .text.HAL_FDCAN_RxFifo0Callback
                0x0000000008002084       0x16 ./Drivers/STM32H7xx_HAL_Driver/Src/stm32h7xx_hal_fdcan.o
                0x0000000008002084                HAL_FDCAN_RxFifo0Callback
 .text.HAL_FDCAN_RxFifo1Callback
                0x000000000800209a       0x16 ./Drivers/STM32H7xx_HAL_Driver/Src/stm32h7xx_hal_fdcan.o
                0x000000000800209a                HAL_FDCAN_RxFifo1Callback
 .text.HAL_FDCAN_TxFifoEmptyCallback
                0x00000000080020b0       0x14 ./Drivers/STM32H7xx_HAL_Driver/Src/stm32h7xx_hal_fdcan.o
                0x00000000080020b0                HAL_FDCAN_TxFifoEmptyCallback
 .text.HAL_FDCAN_TxBufferCompleteCallback
                0x00000000080020c4       0x16 ./Drivers/STM32H7xx_HAL_Driver/Src/stm32h7xx_hal_fdcan.o
                0x00000000080020c4                HAL_FDCAN_TxBufferCompleteCallback
 .text.HAL_FDCAN_TxBufferAbortCallback
                0x00000000080020da       0x16 ./Drivers/STM32H7xx_HAL_Driver/Src/stm32h7xx_hal_fdcan.o
                0x00000000080020da                HAL_FDCAN_TxBufferAbortCallback
 .text.HAL_FDCAN_RxBufferNewMessageCallback
                0x00000000080020f0       0x14 ./Drivers/STM32H7xx_HAL_Driver/Src/stm32h7xx_hal_fdcan.o
                0x00000000080020f0                HAL_FDCAN_RxBufferNewMessageCallback
 .text.HAL_FDCAN_TimestampWraparoundCallback
                0x0000000008002104       0x14 ./Drivers/STM32H7xx_HAL_Driver/Src/stm32h7xx_hal_fdcan.o
                0x0000000008002104                HAL_FDCAN_TimestampWraparoundCallback
 .text.HAL_FDCAN_TimeoutOccurredCallback
                0x0000000008002118       0x14 ./Drivers/STM32H7xx_HAL_Driver/Src/stm32h7xx_hal_fdcan.o
                0x0000000008002118                HAL_FDCAN_TimeoutOccurredCallback
 .text.HAL_FDCAN_HighPriorityMessageCallback
                0x000000000800212c       0x14 ./Drivers/STM32H7xx_HAL_Driver/Src/stm32h7xx_hal_fdcan.o
                0x000000000800212c                HAL_FDCAN_HighPriorityMessageCallback
 .text.HAL_FDCAN_ErrorCallback
                0x0000000008002140       0x14 ./Drivers/STM32H7xx_HAL_Driver/Src/stm32h7xx_hal_fdcan.o
                0x0000000008002140                HAL_FDCAN_ErrorCallback
 .text.HAL_FDCAN_ErrorStatusCallback
                0x0000000008002154       0x16 ./Drivers/STM32H7xx_HAL_Driver/Src/stm32h7xx_hal_fdcan.o
                0x0000000008002154                HAL_FDCAN_ErrorStatusCallback
 .text.HAL_FDCAN_TT_ScheduleSyncCallback
                0x000000000800216a       0x16 ./Drivers/STM32H7xx_HAL_Driver/Src/stm32h7xx_hal_fdcan.o
                0x000000000800216a                HAL_FDCAN_TT_ScheduleSyncCallback
 .text.HAL_FDCAN_TT_TimeMarkCallback
                0x0000000008002180       0x16 ./Drivers/STM32H7xx_HAL_Driver/Src/stm32h7xx_hal_fdcan.o
                0x0000000008002180                HAL_FDCAN_TT_TimeMarkCallback
 .text.HAL_FDCAN_TT_StopWatchCallback
                0x0000000008002196       0x18 ./Drivers/STM32H7xx_HAL_Driver/Src/stm32h7xx_hal_fdcan.o
                0x0000000008002196                HAL_FDCAN_TT_StopWatchCallback
 .text.HAL_FDCAN_TT_GlobalTimeCallback
                0x00000000080021ae       0x16 ./Drivers/STM32H7xx_HAL_Driver/Src/stm32h7xx_hal_fdcan.o
                0x00000000080021ae                HAL_FDCAN_TT_GlobalTimeCallback
 .text.FDCAN_CalcultateRamBlockAddresses
                0x00000000080021c4      0x30c ./Drivers/STM32H7xx_HAL_Driver/Src/stm32h7xx_hal_fdcan.o
 .text.HAL_GPIO_Init
                0x00000000080024d0      0x360 ./Drivers/STM32H7xx_HAL_Driver/Src/stm32h7xx_hal_gpio.o
                0x00000000080024d0                HAL_GPIO_Init
 .text.HAL_GPIO_WritePin
                0x0000000008002830       0x32 ./Drivers/STM32H7xx_HAL_Driver/Src/stm32h7xx_hal_gpio.o
                0x0000000008002830                HAL_GPIO_WritePin
 *fill*         0x0000000008002862        0x2 
 .text.HAL_PWREx_ConfigSupply
                0x0000000008002864       0xb4 ./Drivers/STM32H7xx_HAL_Driver/Src/stm32h7xx_hal_pwr_ex.o
                0x0000000008002864                HAL_PWREx_ConfigSupply
 .text.HAL_RCC_OscConfig
                0x0000000008002918      0x808 ./Drivers/STM32H7xx_HAL_Driver/Src/stm32h7xx_hal_rcc.o
                0x0000000008002918                HAL_RCC_OscConfig
 .text.HAL_RCC_ClockConfig
                0x0000000008003120      0x36c ./Drivers/STM32H7xx_HAL_Driver/Src/stm32h7xx_hal_rcc.o
                0x0000000008003120                HAL_RCC_ClockConfig
 .text.HAL_RCC_GetSysClockFreq
                0x000000000800348c      0x2f4 ./Drivers/STM32H7xx_HAL_Driver/Src/stm32h7xx_hal_rcc.o
                0x000000000800348c                HAL_RCC_GetSysClockFreq
 .text.HAL_RCC_GetHCLKFreq
                0x0000000008003780       0x60 ./Drivers/STM32H7xx_HAL_Driver/Src/stm32h7xx_hal_rcc.o
                0x0000000008003780                HAL_RCC_GetHCLKFreq
 .text.HAL_RCC_GetPCLK1Freq
                0x00000000080037e0       0x2c ./Drivers/STM32H7xx_HAL_Driver/Src/stm32h7xx_hal_rcc.o
                0x00000000080037e0                HAL_RCC_GetPCLK1Freq
 .text.HAL_RCC_GetPCLK2Freq
                0x000000000800380c       0x2c ./Drivers/STM32H7xx_HAL_Driver/Src/stm32h7xx_hal_rcc.o
                0x000000000800380c                HAL_RCC_GetPCLK2Freq
 .text.HAL_RCCEx_PeriphCLKConfig
                0x0000000008003838      0xe18 ./Drivers/STM32H7xx_HAL_Driver/Src/stm32h7xx_hal_rcc_ex.o
                0x0000000008003838                HAL_RCCEx_PeriphCLKConfig
 .text.HAL_RCCEx_GetD3PCLK1Freq
                0x0000000008004650       0x2c ./Drivers/STM32H7xx_HAL_Driver/Src/stm32h7xx_hal_rcc_ex.o
                0x0000000008004650                HAL_RCCEx_GetD3PCLK1Freq
 .text.HAL_RCCEx_GetPLL2ClockFreq
                0x000000000800467c      0x2a8 ./Drivers/STM32H7xx_HAL_Driver/Src/stm32h7xx_hal_rcc_ex.o
                0x000000000800467c                HAL_RCCEx_GetPLL2ClockFreq
 .text.HAL_RCCEx_GetPLL3ClockFreq
                0x0000000008004924      0x2a8 ./Drivers/STM32H7xx_HAL_Driver/Src/stm32h7xx_hal_rcc_ex.o
                0x0000000008004924                HAL_RCCEx_GetPLL3ClockFreq
 .text.RCCEx_PLL2_Config
                0x0000000008004bcc      0x164 ./Drivers/STM32H7xx_HAL_Driver/Src/stm32h7xx_hal_rcc_ex.o
 .text.RCCEx_PLL3_Config
                0x0000000008004d30      0x164 ./Drivers/STM32H7xx_HAL_Driver/Src/stm32h7xx_hal_rcc_ex.o
 .text.HAL_TIM_Base_Init
                0x0000000008004e94       0xae ./Drivers/STM32H7xx_HAL_Driver/Src/stm32h7xx_hal_tim.o
                0x0000000008004e94                HAL_TIM_Base_Init
 .text.HAL_TIM_PWM_Init
                0x0000000008004f42       0xae ./Drivers/STM32H7xx_HAL_Driver/Src/stm32h7xx_hal_tim.o
                0x0000000008004f42                HAL_TIM_PWM_Init
 .text.HAL_TIM_PWM_Start
                0x0000000008004ff0      0x21c ./Drivers/STM32H7xx_HAL_Driver/Src/stm32h7xx_hal_tim.o
                0x0000000008004ff0                HAL_TIM_PWM_Start
 .text.HAL_TIM_IC_Init
                0x000000000800520c       0xae ./Drivers/STM32H7xx_HAL_Driver/Src/stm32h7xx_hal_tim.o
                0x000000000800520c                HAL_TIM_IC_Init
 .text.HAL_TIM_IC_MspInit
                0x00000000080052ba       0x14 ./Drivers/STM32H7xx_HAL_Driver/Src/stm32h7xx_hal_tim.o
                0x00000000080052ba                HAL_TIM_IC_MspInit
 *fill*         0x00000000080052ce        0x2 
 .text.HAL_TIM_IC_Start_IT
                0x00000000080052d0      0x2a0 ./Drivers/STM32H7xx_HAL_Driver/Src/stm32h7xx_hal_tim.o
                0x00000000080052d0                HAL_TIM_IC_Start_IT
 .text.HAL_TIM_IRQHandler
                0x0000000008005570      0x23e ./Drivers/STM32H7xx_HAL_Driver/Src/stm32h7xx_hal_tim.o
                0x0000000008005570                HAL_TIM_IRQHandler
 .text.HAL_TIM_IC_ConfigChannel
                0x00000000080057ae      0x138 ./Drivers/STM32H7xx_HAL_Driver/Src/stm32h7xx_hal_tim.o
                0x00000000080057ae                HAL_TIM_IC_ConfigChannel
 *fill*         0x00000000080058e6        0x2 
 .text.HAL_TIM_PWM_ConfigChannel
                0x00000000080058e8      0x228 ./Drivers/STM32H7xx_HAL_Driver/Src/stm32h7xx_hal_tim.o
                0x00000000080058e8                HAL_TIM_PWM_ConfigChannel
 .text.HAL_TIM_ConfigClockSource
                0x0000000008005b10      0x1f0 ./Drivers/STM32H7xx_HAL_Driver/Src/stm32h7xx_hal_tim.o
                0x0000000008005b10                HAL_TIM_ConfigClockSource
 .text.HAL_TIM_ReadCapturedValue
                0x0000000008005d00       0x88 ./Drivers/STM32H7xx_HAL_Driver/Src/stm32h7xx_hal_tim.o
                0x0000000008005d00                HAL_TIM_ReadCapturedValue
 .text.HAL_TIM_PeriodElapsedCallback
                0x0000000008005d88       0x14 ./Drivers/STM32H7xx_HAL_Driver/Src/stm32h7xx_hal_tim.o
                0x0000000008005d88                HAL_TIM_PeriodElapsedCallback
 .text.HAL_TIM_OC_DelayElapsedCallback
                0x0000000008005d9c       0x14 ./Drivers/STM32H7xx_HAL_Driver/Src/stm32h7xx_hal_tim.o
                0x0000000008005d9c                HAL_TIM_OC_DelayElapsedCallback
 .text.HAL_TIM_PWM_PulseFinishedCallback
                0x0000000008005db0       0x14 ./Drivers/STM32H7xx_HAL_Driver/Src/stm32h7xx_hal_tim.o
                0x0000000008005db0                HAL_TIM_PWM_PulseFinishedCallback
 .text.HAL_TIM_TriggerCallback
                0x0000000008005dc4       0x14 ./Drivers/STM32H7xx_HAL_Driver/Src/stm32h7xx_hal_tim.o
                0x0000000008005dc4                HAL_TIM_TriggerCallback
 .text.TIM_Base_SetConfig
                0x0000000008005dd8      0x134 ./Drivers/STM32H7xx_HAL_Driver/Src/stm32h7xx_hal_tim.o
                0x0000000008005dd8                TIM_Base_SetConfig
 .text.TIM_OC1_SetConfig
                0x0000000008005f0c      0x120 ./Drivers/STM32H7xx_HAL_Driver/Src/stm32h7xx_hal_tim.o
 .text.TIM_OC2_SetConfig
                0x000000000800602c      0x114 ./Drivers/STM32H7xx_HAL_Driver/Src/stm32h7xx_hal_tim.o
                0x000000000800602c                TIM_OC2_SetConfig
 .text.TIM_OC3_SetConfig
                0x0000000008006140      0x110 ./Drivers/STM32H7xx_HAL_Driver/Src/stm32h7xx_hal_tim.o
 .text.TIM_OC4_SetConfig
                0x0000000008006250       0xd4 ./Drivers/STM32H7xx_HAL_Driver/Src/stm32h7xx_hal_tim.o
 .text.TIM_OC5_SetConfig
                0x0000000008006324       0xc8 ./Drivers/STM32H7xx_HAL_Driver/Src/stm32h7xx_hal_tim.o
 .text.TIM_OC6_SetConfig
                0x00000000080063ec       0xcc ./Drivers/STM32H7xx_HAL_Driver/Src/stm32h7xx_hal_tim.o
 .text.TIM_TI1_SetConfig
                0x00000000080064b8       0xe8 ./Drivers/STM32H7xx_HAL_Driver/Src/stm32h7xx_hal_tim.o
                0x00000000080064b8                TIM_TI1_SetConfig
 .text.TIM_TI1_ConfigInputStage
                0x00000000080065a0       0x5e ./Drivers/STM32H7xx_HAL_Driver/Src/stm32h7xx_hal_tim.o
 .text.TIM_TI2_SetConfig
                0x00000000080065fe       0x7a ./Drivers/STM32H7xx_HAL_Driver/Src/stm32h7xx_hal_tim.o
 .text.TIM_TI2_ConfigInputStage
                0x0000000008006678       0x60 ./Drivers/STM32H7xx_HAL_Driver/Src/stm32h7xx_hal_tim.o
 .text.TIM_TI3_SetConfig
                0x00000000080066d8       0x78 ./Drivers/STM32H7xx_HAL_Driver/Src/stm32h7xx_hal_tim.o
 .text.TIM_TI4_SetConfig
                0x0000000008006750       0x7a ./Drivers/STM32H7xx_HAL_Driver/Src/stm32h7xx_hal_tim.o
 *fill*         0x00000000080067ca        0x2 
 .text.TIM_ITRx_SetConfig
                0x00000000080067cc       0x3c ./Drivers/STM32H7xx_HAL_Driver/Src/stm32h7xx_hal_tim.o
 .text.TIM_ETR_SetConfig
                0x0000000008006808       0x40 ./Drivers/STM32H7xx_HAL_Driver/Src/stm32h7xx_hal_tim.o
                0x0000000008006808                TIM_ETR_SetConfig
 .text.TIM_CCxChannelCmd
                0x0000000008006848       0x4a ./Drivers/STM32H7xx_HAL_Driver/Src/stm32h7xx_hal_tim.o
                0x0000000008006848                TIM_CCxChannelCmd
 *fill*         0x0000000008006892        0x2 
 .text.HAL_TIMEx_MasterConfigSynchronization
                0x0000000008006894      0x11c ./Drivers/STM32H7xx_HAL_Driver/Src/stm32h7xx_hal_tim_ex.o
                0x0000000008006894                HAL_TIMEx_MasterConfigSynchronization
 .text.HAL_TIMEx_ConfigBreakDeadTime
                0x00000000080069b0      0x140 ./Drivers/STM32H7xx_HAL_Driver/Src/stm32h7xx_hal_tim_ex.o
                0x00000000080069b0                HAL_TIMEx_ConfigBreakDeadTime
 .text.HAL_TIMEx_CommutCallback
                0x0000000008006af0       0x14 ./Drivers/STM32H7xx_HAL_Driver/Src/stm32h7xx_hal_tim_ex.o
                0x0000000008006af0                HAL_TIMEx_CommutCallback
 .text.HAL_TIMEx_BreakCallback
                0x0000000008006b04       0x14 ./Drivers/STM32H7xx_HAL_Driver/Src/stm32h7xx_hal_tim_ex.o
                0x0000000008006b04                HAL_TIMEx_BreakCallback
 .text.HAL_TIMEx_Break2Callback
                0x0000000008006b18       0x14 ./Drivers/STM32H7xx_HAL_Driver/Src/stm32h7xx_hal_tim_ex.o
                0x0000000008006b18                HAL_TIMEx_Break2Callback
 .text.HAL_UART_Init
                0x0000000008006b2c       0xa0 ./Drivers/STM32H7xx_HAL_Driver/Src/stm32h7xx_hal_uart.o
                0x0000000008006b2c                HAL_UART_Init
 .text.UART_SetConfig
                0x0000000008006bcc      0xcbc ./Drivers/STM32H7xx_HAL_Driver/Src/stm32h7xx_hal_uart.o
                0x0000000008006bcc                UART_SetConfig
 .text.UART_AdvFeatureConfig
                0x0000000008007888      0x144 ./Drivers/STM32H7xx_HAL_Driver/Src/stm32h7xx_hal_uart.o
                0x0000000008007888                UART_AdvFeatureConfig
 .text.UART_CheckIdleState
                0x00000000080079cc       0x96 ./Drivers/STM32H7xx_HAL_Driver/Src/stm32h7xx_hal_uart.o
                0x00000000080079cc                UART_CheckIdleState
 .text.UART_WaitOnFlagUntilTimeout
                0x0000000008007a62      0x190 ./Drivers/STM32H7xx_HAL_Driver/Src/stm32h7xx_hal_uart.o
                0x0000000008007a62                UART_WaitOnFlagUntilTimeout
 .text.HAL_UARTEx_DisableFifoMode
                0x0000000008007bf2       0x72 ./Drivers/STM32H7xx_HAL_Driver/Src/stm32h7xx_hal_uart_ex.o
                0x0000000008007bf2                HAL_UARTEx_DisableFifoMode
 .text.HAL_UARTEx_SetTxFifoThreshold
                0x0000000008007c64       0x7c ./Drivers/STM32H7xx_HAL_Driver/Src/stm32h7xx_hal_uart_ex.o
                0x0000000008007c64                HAL_UARTEx_SetTxFifoThreshold
 .text.HAL_UARTEx_SetRxFifoThreshold
                0x0000000008007ce0       0x7c ./Drivers/STM32H7xx_HAL_Driver/Src/stm32h7xx_hal_uart_ex.o
                0x0000000008007ce0                HAL_UARTEx_SetRxFifoThreshold
 .text.UARTEx_SetNbDataToProcess
                0x0000000008007d5c       0x9c ./Drivers/STM32H7xx_HAL_Driver/Src/stm32h7xx_hal_uart_ex.o
 .text.__libc_init_array
                0x0000000008007df8       0x48 c:/st/stm32cubeide_1.8.0/stm32cubeide/plugins/com.st.stm32cube.ide.mcu.externaltools.gnu-tools-for-stm32.9-2020-q2-update.win32_2.0.0.202105311346/tools/bin/../lib/gcc/arm-none-eabi/9.3.1/../../../../arm-none-eabi/lib/thumb/v7e-m+dp/hard\libc_nano.a(lib_a-init.o)
                0x0000000008007df8                __libc_init_array
 .text.memcpy   0x0000000008007e40       0x1c c:/st/stm32cubeide_1.8.0/stm32cubeide/plugins/com.st.stm32cube.ide.mcu.externaltools.gnu-tools-for-stm32.9-2020-q2-update.win32_2.0.0.202105311346/tools/bin/../lib/gcc/arm-none-eabi/9.3.1/../../../../arm-none-eabi/lib/thumb/v7e-m+dp/hard\libc_nano.a(lib_a-memcpy-stub.o)
                0x0000000008007e40                memcpy
 .text.memset   0x0000000008007e5c       0x10 c:/st/stm32cubeide_1.8.0/stm32cubeide/plugins/com.st.stm32cube.ide.mcu.externaltools.gnu-tools-for-stm32.9-2020-q2-update.win32_2.0.0.202105311346/tools/bin/../lib/gcc/arm-none-eabi/9.3.1/../../../../arm-none-eabi/lib/thumb/v7e-m+dp/hard\libc_nano.a(lib_a-memset.o)
                0x0000000008007e5c                memset
 *(.glue_7)
 .glue_7        0x0000000008007e6c        0x0 linker stubs
 *(.glue_7t)
 .glue_7t       0x0000000008007e6c        0x0 linker stubs
 *(.eh_frame)
 .eh_frame      0x0000000008007e6c        0x0 c:/st/stm32cubeide_1.8.0/stm32cubeide/plugins/com.st.stm32cube.ide.mcu.externaltools.gnu-tools-for-stm32.9-2020-q2-update.win32_2.0.0.202105311346/tools/bin/../lib/gcc/arm-none-eabi/9.3.1/thumb/v7e-m+dp/hard/crtbegin.o
 *(.init)
 .init          0x0000000008007e6c        0x4 c:/st/stm32cubeide_1.8.0/stm32cubeide/plugins/com.st.stm32cube.ide.mcu.externaltools.gnu-tools-for-stm32.9-2020-q2-update.win32_2.0.0.202105311346/tools/bin/../lib/gcc/arm-none-eabi/9.3.1/thumb/v7e-m+dp/hard/crti.o
                0x0000000008007e6c                _init
 .init          0x0000000008007e70        0x8 c:/st/stm32cubeide_1.8.0/stm32cubeide/plugins/com.st.stm32cube.ide.mcu.externaltools.gnu-tools-for-stm32.9-2020-q2-update.win32_2.0.0.202105311346/tools/bin/../lib/gcc/arm-none-eabi/9.3.1/thumb/v7e-m+dp/hard/crtn.o
 *(.fini)
 .fini          0x0000000008007e78        0x4 c:/st/stm32cubeide_1.8.0/stm32cubeide/plugins/com.st.stm32cube.ide.mcu.externaltools.gnu-tools-for-stm32.9-2020-q2-update.win32_2.0.0.202105311346/tools/bin/../lib/gcc/arm-none-eabi/9.3.1/thumb/v7e-m+dp/hard/crti.o
                0x0000000008007e78                _fini
 .fini          0x0000000008007e7c        0x8 c:/st/stm32cubeide_1.8.0/stm32cubeide/plugins/com.st.stm32cube.ide.mcu.externaltools.gnu-tools-for-stm32.9-2020-q2-update.win32_2.0.0.202105311346/tools/bin/../lib/gcc/arm-none-eabi/9.3.1/thumb/v7e-m+dp/hard/crtn.o
                0x0000000008007e84                . = ALIGN (0x4)
                0x0000000008007e84                _etext = .

.vfp11_veneer   0x0000000008007e84        0x0
 .vfp11_veneer  0x0000000008007e84        0x0 linker stubs

.v4_bx          0x0000000008007e84        0x0
 .v4_bx         0x0000000008007e84        0x0 linker stubs

.iplt           0x0000000008007e84        0x0
 .iplt          0x0000000008007e84        0x0 c:/st/stm32cubeide_1.8.0/stm32cubeide/plugins/com.st.stm32cube.ide.mcu.externaltools.gnu-tools-for-stm32.9-2020-q2-update.win32_2.0.0.202105311346/tools/bin/../lib/gcc/arm-none-eabi/9.3.1/thumb/v7e-m+dp/hard/crtbegin.o

.rodata         0x0000000008007e84       0x84
                0x0000000008007e84                . = ALIGN (0x4)
 *(.rodata)
 .rodata        0x0000000008007e84       0x4c ./Drivers/STM32H7xx_HAL_Driver/Src/stm32h7xx_hal_fdcan.o
 *(.rodata*)
 .rodata.D1CorePrescTable
                0x0000000008007ed0       0x10 ./Core/Src/system_stm32h7xx.o
                0x0000000008007ed0                D1CorePrescTable
 .rodata.UARTPrescTable
                0x0000000008007ee0       0x18 ./Drivers/STM32H7xx_HAL_Driver/Src/stm32h7xx_hal_uart.o
                0x0000000008007ee0                UARTPrescTable
 .rodata.numerator.11329
                0x0000000008007ef8        0x8 ./Drivers/STM32H7xx_HAL_Driver/Src/stm32h7xx_hal_uart_ex.o
 .rodata.denominator.11330
                0x0000000008007f00        0x8 ./Drivers/STM32H7xx_HAL_Driver/Src/stm32h7xx_hal_uart_ex.o
                0x0000000008007f08                . = ALIGN (0x4)

.ARM.extab
 *(.ARM.extab* .gnu.linkonce.armextab.*)

.ARM            0x0000000008007f08        0x8
                0x0000000008007f08                __exidx_start = .
 *(.ARM.exidx*)
 .ARM.exidx     0x0000000008007f08        0x8 c:/st/stm32cubeide_1.8.0/stm32cubeide/plugins/com.st.stm32cube.ide.mcu.externaltools.gnu-tools-for-stm32.9-2020-q2-update.win32_2.0.0.202105311346/tools/bin/../lib/gcc/arm-none-eabi/9.3.1/thumb/v7e-m+dp/hard\libgcc.a(_udivmoddi4.o)
                0x0000000008007f10                __exidx_end = .

.rel.dyn        0x0000000008007f10        0x0
 .rel.iplt      0x0000000008007f10        0x0 c:/st/stm32cubeide_1.8.0/stm32cubeide/plugins/com.st.stm32cube.ide.mcu.externaltools.gnu-tools-for-stm32.9-2020-q2-update.win32_2.0.0.202105311346/tools/bin/../lib/gcc/arm-none-eabi/9.3.1/thumb/v7e-m+dp/hard/crtbegin.o

.preinit_array  0x0000000008007f10        0x0
                0x0000000008007f10                PROVIDE (__preinit_array_start = .)
 *(.preinit_array*)
                0x0000000008007f10                PROVIDE (__preinit_array_end = .)

.init_array     0x0000000008007f10        0x4
                0x0000000008007f10                PROVIDE (__init_array_start = .)
 *(SORT_BY_NAME(.init_array.*))
 *(.init_array*)
 .init_array    0x0000000008007f10        0x4 c:/st/stm32cubeide_1.8.0/stm32cubeide/plugins/com.st.stm32cube.ide.mcu.externaltools.gnu-tools-for-stm32.9-2020-q2-update.win32_2.0.0.202105311346/tools/bin/../lib/gcc/arm-none-eabi/9.3.1/thumb/v7e-m+dp/hard/crtbegin.o
                0x0000000008007f14                PROVIDE (__init_array_end = .)

.fini_array     0x0000000008007f14        0x4
                [!provide]                        PROVIDE (__fini_array_start = .)
 *(SORT_BY_NAME(.fini_array.*))
 *(.fini_array*)
 .fini_array    0x0000000008007f14        0x4 c:/st/stm32cubeide_1.8.0/stm32cubeide/plugins/com.st.stm32cube.ide.mcu.externaltools.gnu-tools-for-stm32.9-2020-q2-update.win32_2.0.0.202105311346/tools/bin/../lib/gcc/arm-none-eabi/9.3.1/thumb/v7e-m+dp/hard/crtbegin.o
                [!provide]                        PROVIDE (__fini_array_end = .)
                0x0000000008007f18                _sidata = LOADADDR (.data)

.data           0x0000000024000000       0x10 load address 0x0000000008007f18
                0x0000000024000000                . = ALIGN (0x4)
                0x0000000024000000                _sdata = .
 *(.data)
 *(.data*)
 .data.SystemCoreClock
                0x0000000024000000        0x4 ./Core/Src/system_stm32h7xx.o
                0x0000000024000000                SystemCoreClock
 .data.SystemD2Clock
                0x0000000024000004        0x4 ./Core/Src/system_stm32h7xx.o
                0x0000000024000004                SystemD2Clock
 .data.uwTickPrio
                0x0000000024000008        0x4 ./Drivers/STM32H7xx_HAL_Driver/Src/stm32h7xx_hal.o
                0x0000000024000008                uwTickPrio
 .data.uwTickFreq
                0x000000002400000c        0x1 ./Drivers/STM32H7xx_HAL_Driver/Src/stm32h7xx_hal.o
                0x000000002400000c                uwTickFreq
 *(.RamFunc)
 *(.RamFunc*)
                0x0000000024000010                . = ALIGN (0x4)
 *fill*         0x000000002400000d        0x3 
                0x0000000024000010                _edata = .

.igot.plt       0x0000000024000010        0x0 load address 0x0000000008007f28
 .igot.plt      0x0000000024000010        0x0 c:/st/stm32cubeide_1.8.0/stm32cubeide/plugins/com.st.stm32cube.ide.mcu.externaltools.gnu-tools-for-stm32.9-2020-q2-update.win32_2.0.0.202105311346/tools/bin/../lib/gcc/arm-none-eabi/9.3.1/thumb/v7e-m+dp/hard/crtbegin.o
                0x0000000024000010                . = ALIGN (0x4)

.bss            0x0000000024000010      0x288 load address 0x0000000008007f28
                0x0000000024000010                _sbss = .
                0x0000000024000010                __bss_start__ = _sbss
 *(.bss)
 .bss           0x0000000024000010       0x1c c:/st/stm32cubeide_1.8.0/stm32cubeide/plugins/com.st.stm32cube.ide.mcu.externaltools.gnu-tools-for-stm32.9-2020-q2-update.win32_2.0.0.202105311346/tools/bin/../lib/gcc/arm-none-eabi/9.3.1/thumb/v7e-m+dp/hard/crtbegin.o
 *(.bss*)
 .bss.IC_Val1   0x000000002400002c        0x4 ./Core/Src/main.o
                0x000000002400002c                IC_Val1
 .bss.IC_Val2   0x0000000024000030        0x4 ./Core/Src/main.o
                0x0000000024000030                IC_Val2
 .bss.Difference
                0x0000000024000034        0x4 ./Core/Src/main.o
                0x0000000024000034                Difference
 .bss.Is_First_Captured
                0x0000000024000038        0x1 ./Core/Src/main.o
                0x0000000024000038                Is_First_Captured
 .bss.Distance  0x0000000024000039        0x1 ./Core/Src/main.o
                0x0000000024000039                Distance
 *(COMMON)
 *fill*         0x000000002400003a        0x2 
 COMMON         0x000000002400003c       0xa0 ./Core/Src/fdcan.o
                0x000000002400003c                hfdcan1
 COMMON         0x00000000240000dc       0x98 ./Core/Src/tim.o
                0x00000000240000dc                htim3
                0x0000000024000128                htim1
 COMMON         0x0000000024000174      0x120 ./Core/Src/usart.o
                0x0000000024000174                huart3
                0x0000000024000204                huart2
 COMMON         0x0000000024000294        0x4 ./Drivers/STM32H7xx_HAL_Driver/Src/stm32h7xx_hal.o
                0x0000000024000294                uwTick
                0x0000000024000298                . = ALIGN (0x4)
                0x0000000024000298                _ebss = .
                0x0000000024000298                __bss_end__ = _ebss

._user_heap_stack
                0x0000000024000298      0x600 load address 0x0000000008007f28
                0x0000000024000298                . = ALIGN (0x8)
                [!provide]                        PROVIDE (end = .)
                0x0000000024000298                PROVIDE (_end = .)
                0x0000000024000498                . = (. + _Min_Heap_Size)
 *fill*         0x0000000024000298      0x200 
                0x0000000024000898                . = (. + _Min_Stack_Size)
 *fill*         0x0000000024000498      0x400 
                0x0000000024000898                . = ALIGN (0x8)

/DISCARD/
 libc.a(*)
 libm.a(*)
 libgcc.a(*)

.ARM.attributes
                0x0000000000000000       0x2e
 *(.ARM.attributes)
 .ARM.attributes
                0x0000000000000000       0x1e c:/st/stm32cubeide_1.8.0/stm32cubeide/plugins/com.st.stm32cube.ide.mcu.externaltools.gnu-tools-for-stm32.9-2020-q2-update.win32_2.0.0.202105311346/tools/bin/../lib/gcc/arm-none-eabi/9.3.1/thumb/v7e-m+dp/hard/crti.o
 .ARM.attributes
                0x000000000000001e       0x32 c:/st/stm32cubeide_1.8.0/stm32cubeide/plugins/com.st.stm32cube.ide.mcu.externaltools.gnu-tools-for-stm32.9-2020-q2-update.win32_2.0.0.202105311346/tools/bin/../lib/gcc/arm-none-eabi/9.3.1/thumb/v7e-m+dp/hard/crtbegin.o
 .ARM.attributes
                0x0000000000000050       0x32 ./Core/Src/fdcan.o
 .ARM.attributes
                0x0000000000000082       0x32 ./Core/Src/gpio.o
 .ARM.attributes
                0x00000000000000b4       0x32 ./Core/Src/main.o
 .ARM.attributes
                0x00000000000000e6       0x32 ./Core/Src/stm32h7xx_hal_msp.o
 .ARM.attributes
                0x0000000000000118       0x32 ./Core/Src/stm32h7xx_it.o
 .ARM.attributes
                0x000000000000014a       0x32 ./Core/Src/system_stm32h7xx.o
 .ARM.attributes
                0x000000000000017c       0x32 ./Core/Src/tim.o
 .ARM.attributes
                0x00000000000001ae       0x32 ./Core/Src/usart.o
 .ARM.attributes
                0x00000000000001e0       0x32 ./Core/Src/usb_otg.o
 .ARM.attributes
                0x0000000000000212       0x21 ./Core/Startup/startup_stm32h7a3zitxq.o
 .ARM.attributes
                0x0000000000000233       0x32 ./Drivers/STM32H7xx_HAL_Driver/Src/stm32h7xx_hal.o
 .ARM.attributes
                0x0000000000000265       0x32 ./Drivers/STM32H7xx_HAL_Driver/Src/stm32h7xx_hal_cortex.o
 .ARM.attributes
                0x0000000000000297       0x32 ./Drivers/STM32H7xx_HAL_Driver/Src/stm32h7xx_hal_fdcan.o
 .ARM.attributes
                0x00000000000002c9       0x32 ./Drivers/STM32H7xx_HAL_Driver/Src/stm32h7xx_hal_gpio.o
 .ARM.attributes
                0x00000000000002fb       0x32 ./Drivers/STM32H7xx_HAL_Driver/Src/stm32h7xx_hal_pwr_ex.o
 .ARM.attributes
                0x000000000000032d       0x32 ./Drivers/STM32H7xx_HAL_Driver/Src/stm32h7xx_hal_rcc.o
 .ARM.attributes
                0x000000000000035f       0x32 ./Drivers/STM32H7xx_HAL_Driver/Src/stm32h7xx_hal_rcc_ex.o
 .ARM.attributes
                0x0000000000000391       0x32 ./Drivers/STM32H7xx_HAL_Driver/Src/stm32h7xx_hal_tim.o
 .ARM.attributes
                0x00000000000003c3       0x32 ./Drivers/STM32H7xx_HAL_Driver/Src/stm32h7xx_hal_tim_ex.o
 .ARM.attributes
                0x00000000000003f5       0x32 ./Drivers/STM32H7xx_HAL_Driver/Src/stm32h7xx_hal_uart.o
 .ARM.attributes
                0x0000000000000427       0x32 ./Drivers/STM32H7xx_HAL_Driver/Src/stm32h7xx_hal_uart_ex.o
 .ARM.attributes
                0x0000000000000459       0x32 c:/st/stm32cubeide_1.8.0/stm32cubeide/plugins/com.st.stm32cube.ide.mcu.externaltools.gnu-tools-for-stm32.9-2020-q2-update.win32_2.0.0.202105311346/tools/bin/../lib/gcc/arm-none-eabi/9.3.1/../../../../arm-none-eabi/lib/thumb/v7e-m+dp/hard\libc_nano.a(lib_a-init.o)
 .ARM.attributes
                0x000000000000048b       0x32 c:/st/stm32cubeide_1.8.0/stm32cubeide/plugins/com.st.stm32cube.ide.mcu.externaltools.gnu-tools-for-stm32.9-2020-q2-update.win32_2.0.0.202105311346/tools/bin/../lib/gcc/arm-none-eabi/9.3.1/../../../../arm-none-eabi/lib/thumb/v7e-m+dp/hard\libc_nano.a(lib_a-memcpy-stub.o)
 .ARM.attributes
                0x00000000000004bd       0x32 c:/st/stm32cubeide_1.8.0/stm32cubeide/plugins/com.st.stm32cube.ide.mcu.externaltools.gnu-tools-for-stm32.9-2020-q2-update.win32_2.0.0.202105311346/tools/bin/../lib/gcc/arm-none-eabi/9.3.1/../../../../arm-none-eabi/lib/thumb/v7e-m+dp/hard\libc_nano.a(lib_a-memset.o)
 .ARM.attributes
                0x00000000000004ef       0x1e c:/st/stm32cubeide_1.8.0/stm32cubeide/plugins/com.st.stm32cube.ide.mcu.externaltools.gnu-tools-for-stm32.9-2020-q2-update.win32_2.0.0.202105311346/tools/bin/../lib/gcc/arm-none-eabi/9.3.1/thumb/v7e-m+dp/hard\libgcc.a(_aeabi_uldivmod.o)
 .ARM.attributes
                0x000000000000050d       0x32 c:/st/stm32cubeide_1.8.0/stm32cubeide/plugins/com.st.stm32cube.ide.mcu.externaltools.gnu-tools-for-stm32.9-2020-q2-update.win32_2.0.0.202105311346/tools/bin/../lib/gcc/arm-none-eabi/9.3.1/thumb/v7e-m+dp/hard\libgcc.a(_udivmoddi4.o)
 .ARM.attributes
                0x000000000000053f       0x1e c:/st/stm32cubeide_1.8.0/stm32cubeide/plugins/com.st.stm32cube.ide.mcu.externaltools.gnu-tools-for-stm32.9-2020-q2-update.win32_2.0.0.202105311346/tools/bin/../lib/gcc/arm-none-eabi/9.3.1/thumb/v7e-m+dp/hard\libgcc.a(_dvmd_tls.o)
 .ARM.attributes
                0x000000000000055d       0x1e c:/st/stm32cubeide_1.8.0/stm32cubeide/plugins/com.st.stm32cube.ide.mcu.externaltools.gnu-tools-for-stm32.9-2020-q2-update.win32_2.0.0.202105311346/tools/bin/../lib/gcc/arm-none-eabi/9.3.1/thumb/v7e-m+dp/hard/crtn.o
OUTPUT(0110.elf elf32-littlearm)
LOAD linker stubs
LOAD c:/st/stm32cubeide_1.8.0/stm32cubeide/plugins/com.st.stm32cube.ide.mcu.externaltools.gnu-tools-for-stm32.9-2020-q2-update.win32_2.0.0.202105311346/tools/bin/../lib/gcc/arm-none-eabi/9.3.1/../../../../arm-none-eabi/lib/thumb/v7e-m+dp/hard\libc.a
LOAD c:/st/stm32cubeide_1.8.0/stm32cubeide/plugins/com.st.stm32cube.ide.mcu.externaltools.gnu-tools-for-stm32.9-2020-q2-update.win32_2.0.0.202105311346/tools/bin/../lib/gcc/arm-none-eabi/9.3.1/../../../../arm-none-eabi/lib/thumb/v7e-m+dp/hard\libm.a
LOAD c:/st/stm32cubeide_1.8.0/stm32cubeide/plugins/com.st.stm32cube.ide.mcu.externaltools.gnu-tools-for-stm32.9-2020-q2-update.win32_2.0.0.202105311346/tools/bin/../lib/gcc/arm-none-eabi/9.3.1/thumb/v7e-m+dp/hard\libgcc.a

.debug_info     0x0000000000000000    0x27d3c
 .debug_info    0x0000000000000000     0x1f01 ./Core/Src/fdcan.o
 .debug_info    0x0000000000001f01     0x1199 ./Core/Src/gpio.o
 .debug_info    0x000000000000309a     0x2213 ./Core/Src/main.o
 .debug_info    0x00000000000052ad      0xfa2 ./Core/Src/stm32h7xx_hal_msp.o
 .debug_info    0x000000000000624f     0x1aa1 ./Core/Src/stm32h7xx_it.o
 .debug_info    0x0000000000007cf0     0x170a ./Core/Src/system_stm32h7xx.o
 .debug_info    0x00000000000093fa     0x1ecc ./Core/Src/tim.o
 .debug_info    0x000000000000b2c6     0x1af9 ./Core/Src/usart.o
 .debug_info    0x000000000000cdbf      0xb91 ./Core/Src/usb_otg.o
 .debug_info    0x000000000000d950       0x22 ./Core/Startup/startup_stm32h7a3zitxq.o
 .debug_info    0x000000000000d972     0x1e3c ./Drivers/STM32H7xx_HAL_Driver/Src/stm32h7xx_hal.o
 .debug_info    0x000000000000f7ae     0x1bf5 ./Drivers/STM32H7xx_HAL_Driver/Src/stm32h7xx_hal_cortex.o
 .debug_info    0x00000000000113a3     0x37a7 ./Drivers/STM32H7xx_HAL_Driver/Src/stm32h7xx_hal_fdcan.o
 .debug_info    0x0000000000014b4a     0x16a5 ./Drivers/STM32H7xx_HAL_Driver/Src/stm32h7xx_hal_gpio.o
 .debug_info    0x00000000000161ef     0x1a62 ./Drivers/STM32H7xx_HAL_Driver/Src/stm32h7xx_hal_pwr_ex.o
 .debug_info    0x0000000000017c51     0x19a3 ./Drivers/STM32H7xx_HAL_Driver/Src/stm32h7xx_hal_rcc.o
 .debug_info    0x00000000000195f4     0x1cf0 ./Drivers/STM32H7xx_HAL_Driver/Src/stm32h7xx_hal_rcc_ex.o
 .debug_info    0x000000000001b2e4     0x37ca ./Drivers/STM32H7xx_HAL_Driver/Src/stm32h7xx_hal_tim.o
 .debug_info    0x000000000001eaae     0x2333 ./Drivers/STM32H7xx_HAL_Driver/Src/stm32h7xx_hal_tim_ex.o
 .debug_info    0x0000000000020de1     0x55b2 ./Drivers/STM32H7xx_HAL_Driver/Src/stm32h7xx_hal_uart.o
 .debug_info    0x0000000000026393     0x19a9 ./Drivers/STM32H7xx_HAL_Driver/Src/stm32h7xx_hal_uart_ex.o

.debug_abbrev   0x0000000000000000     0x3901
 .debug_abbrev  0x0000000000000000      0x276 ./Core/Src/fdcan.o
 .debug_abbrev  0x0000000000000276      0x23a ./Core/Src/gpio.o
 .debug_abbrev  0x00000000000004b0      0x316 ./Core/Src/main.o
 .debug_abbrev  0x00000000000007c6      0x220 ./Core/Src/stm32h7xx_hal_msp.o
 .debug_abbrev  0x00000000000009e6      0x231 ./Core/Src/stm32h7xx_it.o
 .debug_abbrev  0x0000000000000c17      0x262 ./Core/Src/system_stm32h7xx.o
 .debug_abbrev  0x0000000000000e79      0x2a5 ./Core/Src/tim.o
 .debug_abbrev  0x000000000000111e      0x276 ./Core/Src/usart.o
 .debug_abbrev  0x0000000000001394      0x1d5 ./Core/Src/usb_otg.o
 .debug_abbrev  0x0000000000001569       0x12 ./Core/Startup/startup_stm32h7a3zitxq.o
 .debug_abbrev  0x000000000000157b      0x31b ./Drivers/STM32H7xx_HAL_Driver/Src/stm32h7xx_hal.o
 .debug_abbrev  0x0000000000001896      0x409 ./Drivers/STM32H7xx_HAL_Driver/Src/stm32h7xx_hal_cortex.o
 .debug_abbrev  0x0000000000001c9f      0x343 ./Drivers/STM32H7xx_HAL_Driver/Src/stm32h7xx_hal_fdcan.o
 .debug_abbrev  0x0000000000001fe2      0x2cb ./Drivers/STM32H7xx_HAL_Driver/Src/stm32h7xx_hal_gpio.o
 .debug_abbrev  0x00000000000022ad      0x33f ./Drivers/STM32H7xx_HAL_Driver/Src/stm32h7xx_hal_pwr_ex.o
 .debug_abbrev  0x00000000000025ec      0x322 ./Drivers/STM32H7xx_HAL_Driver/Src/stm32h7xx_hal_rcc.o
 .debug_abbrev  0x000000000000290e      0x32e ./Drivers/STM32H7xx_HAL_Driver/Src/stm32h7xx_hal_rcc_ex.o
 .debug_abbrev  0x0000000000002c3c      0x2f9 ./Drivers/STM32H7xx_HAL_Driver/Src/stm32h7xx_hal_tim.o
 .debug_abbrev  0x0000000000002f35      0x301 ./Drivers/STM32H7xx_HAL_Driver/Src/stm32h7xx_hal_tim_ex.o
 .debug_abbrev  0x0000000000003236      0x38e ./Drivers/STM32H7xx_HAL_Driver/Src/stm32h7xx_hal_uart.o
 .debug_abbrev  0x00000000000035c4      0x33d ./Drivers/STM32H7xx_HAL_Driver/Src/stm32h7xx_hal_uart_ex.o

.debug_aranges  0x0000000000000000     0x13e0
 .debug_aranges
                0x0000000000000000       0x30 ./Core/Src/fdcan.o
 .debug_aranges
                0x0000000000000030       0x20 ./Core/Src/gpio.o
 .debug_aranges
                0x0000000000000050       0x50 ./Core/Src/main.o
 .debug_aranges
                0x00000000000000a0       0x20 ./Core/Src/stm32h7xx_hal_msp.o
 .debug_aranges
                0x00000000000000c0       0x78 ./Core/Src/stm32h7xx_it.o
 .debug_aranges
                0x0000000000000138       0x28 ./Core/Src/system_stm32h7xx.o
 .debug_aranges
                0x0000000000000160       0x50 ./Core/Src/tim.o
 .debug_aranges
                0x00000000000001b0       0x38 ./Core/Src/usart.o
 .debug_aranges
                0x00000000000001e8       0x20 ./Core/Src/usb_otg.o
 .debug_aranges
                0x0000000000000208       0x28 ./Core/Startup/startup_stm32h7a3zitxq.o
 .debug_aranges
                0x0000000000000230      0x1a0 ./Drivers/STM32H7xx_HAL_Driver/Src/stm32h7xx_hal.o
 .debug_aranges
                0x00000000000003d0      0x120 ./Drivers/STM32H7xx_HAL_Driver/Src/stm32h7xx_hal_cortex.o
 .debug_aranges
                0x00000000000004f0      0x338 ./Drivers/STM32H7xx_HAL_Driver/Src/stm32h7xx_hal_fdcan.o
 .debug_aranges
                0x0000000000000828       0x58 ./Drivers/STM32H7xx_HAL_Driver/Src/stm32h7xx_hal_gpio.o
 .debug_aranges
                0x0000000000000880      0x188 ./Drivers/STM32H7xx_HAL_Driver/Src/stm32h7xx_hal_pwr_ex.o
 .debug_aranges
                0x0000000000000a08       0x88 ./Drivers/STM32H7xx_HAL_Driver/Src/stm32h7xx_hal_rcc.o
 .debug_aranges
                0x0000000000000a90       0xf0 ./Drivers/STM32H7xx_HAL_Driver/Src/stm32h7xx_hal_rcc_ex.o
 .debug_aranges
                0x0000000000000b80      0x3e0 ./Drivers/STM32H7xx_HAL_Driver/Src/stm32h7xx_hal_tim.o
 .debug_aranges
                0x0000000000000f60      0x198 ./Drivers/STM32H7xx_HAL_Driver/Src/stm32h7xx_hal_tim_ex.o
 .debug_aranges
                0x00000000000010f8      0x248 ./Drivers/STM32H7xx_HAL_Driver/Src/stm32h7xx_hal_uart.o
 .debug_aranges
                0x0000000000001340       0xa0 ./Drivers/STM32H7xx_HAL_Driver/Src/stm32h7xx_hal_uart_ex.o

.debug_ranges   0x0000000000000000     0x12c8
 .debug_ranges  0x0000000000000000       0x20 ./Core/Src/fdcan.o
 .debug_ranges  0x0000000000000020       0x10 ./Core/Src/gpio.o
 .debug_ranges  0x0000000000000030       0x40 ./Core/Src/main.o
 .debug_ranges  0x0000000000000070       0x10 ./Core/Src/stm32h7xx_hal_msp.o
 .debug_ranges  0x0000000000000080       0x68 ./Core/Src/stm32h7xx_it.o
 .debug_ranges  0x00000000000000e8       0x18 ./Core/Src/system_stm32h7xx.o
 .debug_ranges  0x0000000000000100       0x40 ./Core/Src/tim.o
 .debug_ranges  0x0000000000000140       0x28 ./Core/Src/usart.o
 .debug_ranges  0x0000000000000168       0x10 ./Core/Src/usb_otg.o
 .debug_ranges  0x0000000000000178       0x20 ./Core/Startup/startup_stm32h7a3zitxq.o
 .debug_ranges  0x0000000000000198      0x190 ./Drivers/STM32H7xx_HAL_Driver/Src/stm32h7xx_hal.o
 .debug_ranges  0x0000000000000328      0x110 ./Drivers/STM32H7xx_HAL_Driver/Src/stm32h7xx_hal_cortex.o
 .debug_ranges  0x0000000000000438      0x328 ./Drivers/STM32H7xx_HAL_Driver/Src/stm32h7xx_hal_fdcan.o
 .debug_ranges  0x0000000000000760       0x48 ./Drivers/STM32H7xx_HAL_Driver/Src/stm32h7xx_hal_gpio.o
 .debug_ranges  0x00000000000007a8      0x178 ./Drivers/STM32H7xx_HAL_Driver/Src/stm32h7xx_hal_pwr_ex.o
 .debug_ranges  0x0000000000000920       0x78 ./Drivers/STM32H7xx_HAL_Driver/Src/stm32h7xx_hal_rcc.o
 .debug_ranges  0x0000000000000998       0xe0 ./Drivers/STM32H7xx_HAL_Driver/Src/stm32h7xx_hal_rcc_ex.o
 .debug_ranges  0x0000000000000a78      0x3d0 ./Drivers/STM32H7xx_HAL_Driver/Src/stm32h7xx_hal_tim.o
 .debug_ranges  0x0000000000000e48      0x188 ./Drivers/STM32H7xx_HAL_Driver/Src/stm32h7xx_hal_tim_ex.o
 .debug_ranges  0x0000000000000fd0      0x268 ./Drivers/STM32H7xx_HAL_Driver/Src/stm32h7xx_hal_uart.o
 .debug_ranges  0x0000000000001238       0x90 ./Drivers/STM32H7xx_HAL_Driver/Src/stm32h7xx_hal_uart_ex.o

.debug_macro    0x0000000000000000    0x32269
 .debug_macro   0x0000000000000000      0x2cb ./Core/Src/fdcan.o
 .debug_macro   0x00000000000002cb      0xac0 ./Core/Src/fdcan.o
 .debug_macro   0x0000000000000d8b      0x23e ./Core/Src/fdcan.o
 .debug_macro   0x0000000000000fc9       0x2e ./Core/Src/fdcan.o
 .debug_macro   0x0000000000000ff7       0x42 ./Core/Src/fdcan.o
 .debug_macro   0x0000000000001039       0x22 ./Core/Src/fdcan.o
 .debug_macro   0x000000000000105b       0x8e ./Core/Src/fdcan.o
 .debug_macro   0x00000000000010e9       0x51 ./Core/Src/fdcan.o
 .debug_macro   0x000000000000113a      0x103 ./Core/Src/fdcan.o
 .debug_macro   0x000000000000123d       0x6a ./Core/Src/fdcan.o
 .debug_macro   0x00000000000012a7      0x1df ./Core/Src/fdcan.o
 .debug_macro   0x0000000000001486       0x1c ./Core/Src/fdcan.o
 .debug_macro   0x00000000000014a2       0x22 ./Core/Src/fdcan.o
 .debug_macro   0x00000000000014c4      0x101 ./Core/Src/fdcan.o
 .debug_macro   0x00000000000015c5     0x1305 ./Core/Src/fdcan.o
 .debug_macro   0x00000000000028ca      0x11f ./Core/Src/fdcan.o
 .debug_macro   0x00000000000029e9       0x27 ./Core/Src/fdcan.o
 .debug_macro   0x0000000000002a10    0x1e8b9 ./Core/Src/fdcan.o
 .debug_macro   0x00000000000212c9       0x6d ./Core/Src/fdcan.o
 .debug_macro   0x0000000000021336     0x3d25 ./Core/Src/fdcan.o
 .debug_macro   0x000000000002505b      0x174 ./Core/Src/fdcan.o
 .debug_macro   0x00000000000251cf       0x52 ./Core/Src/fdcan.o
 .debug_macro   0x0000000000025221       0x17 ./Core/Src/fdcan.o
 .debug_macro   0x0000000000025238       0x3c ./Core/Src/fdcan.o
 .debug_macro   0x0000000000025274       0x34 ./Core/Src/fdcan.o
 .debug_macro   0x00000000000252a8       0x16 ./Core/Src/fdcan.o
 .debug_macro   0x00000000000252be       0x43 ./Core/Src/fdcan.o
 .debug_macro   0x0000000000025301       0x34 ./Core/Src/fdcan.o
 .debug_macro   0x0000000000025335       0x10 ./Core/Src/fdcan.o
 .debug_macro   0x0000000000025345       0x58 ./Core/Src/fdcan.o
 .debug_macro   0x000000000002539d       0x71 ./Core/Src/fdcan.o
 .debug_macro   0x000000000002540e       0x1c ./Core/Src/fdcan.o
 .debug_macro   0x000000000002542a      0x12a ./Core/Src/fdcan.o
 .debug_macro   0x0000000000025554      0x333 ./Core/Src/fdcan.o
 .debug_macro   0x0000000000025887      0x1a9 ./Core/Src/fdcan.o
 .debug_macro   0x0000000000025a30       0x5d ./Core/Src/fdcan.o
 .debug_macro   0x0000000000025a8d     0x24ee ./Core/Src/fdcan.o
 .debug_macro   0x0000000000027f7b     0x1010 ./Core/Src/fdcan.o
 .debug_macro   0x0000000000028f8b      0x14d ./Core/Src/fdcan.o
 .debug_macro   0x00000000000290d8      0x114 ./Core/Src/fdcan.o
 .debug_macro   0x00000000000291ec      0x3bf ./Core/Src/fdcan.o
 .debug_macro   0x00000000000295ab       0xac ./Core/Src/fdcan.o
 .debug_macro   0x0000000000029657      0x70a ./Core/Src/fdcan.o
 .debug_macro   0x0000000000029d61      0x20c ./Core/Src/fdcan.o
 .debug_macro   0x0000000000029f6d       0x66 ./Core/Src/fdcan.o
 .debug_macro   0x0000000000029fd3      0x3c9 ./Core/Src/fdcan.o
 .debug_macro   0x000000000002a39c      0x3eb ./Core/Src/fdcan.o
 .debug_macro   0x000000000002a787      0x275 ./Core/Src/fdcan.o
 .debug_macro   0x000000000002a9fc      0xe34 ./Core/Src/fdcan.o
 .debug_macro   0x000000000002b830      0x6c8 ./Core/Src/fdcan.o
 .debug_macro   0x000000000002bef8      0x520 ./Core/Src/fdcan.o
 .debug_macro   0x000000000002c418       0x58 ./Core/Src/fdcan.o
 .debug_macro   0x000000000002c470       0x4a ./Core/Src/fdcan.o
 .debug_macro   0x000000000002c4ba      0x22c ./Core/Src/fdcan.o
 .debug_macro   0x000000000002c6e6       0x67 ./Core/Src/fdcan.o
 .debug_macro   0x000000000002c74d       0xa5 ./Core/Src/fdcan.o
 .debug_macro   0x000000000002c7f2      0x1bd ./Core/Src/fdcan.o
 .debug_macro   0x000000000002c9af      0x2dc ./Core/Src/fdcan.o
 .debug_macro   0x000000000002cc8b       0x35 ./Core/Src/fdcan.o
 .debug_macro   0x000000000002ccc0      0xb01 ./Core/Src/fdcan.o
 .debug_macro   0x000000000002d7c1      0x29f ./Core/Src/fdcan.o
 .debug_macro   0x000000000002da60      0x67e ./Core/Src/fdcan.o
 .debug_macro   0x000000000002e0de       0xa6 ./Core/Src/fdcan.o
 .debug_macro   0x000000000002e184      0x5be ./Core/Src/fdcan.o
 .debug_macro   0x000000000002e742       0xc4 ./Core/Src/fdcan.o
 .debug_macro   0x000000000002e806      0x2cb ./Core/Src/gpio.o
 .debug_macro   0x000000000002ead1      0x3ca ./Core/Src/main.o
 .debug_macro   0x000000000002ee9b       0x1c ./Core/Src/main.o
 .debug_macro   0x000000000002eeb7       0x35 ./Core/Src/main.o
 .debug_macro   0x000000000002eeec       0x10 ./Core/Src/main.o
 .debug_macro   0x000000000002eefc       0x10 ./Core/Src/main.o
 .debug_macro   0x000000000002ef0c       0x1c ./Core/Src/main.o
 .debug_macro   0x000000000002ef28       0x52 ./Core/Src/main.o
 .debug_macro   0x000000000002ef7a       0x22 ./Core/Src/main.o
 .debug_macro   0x000000000002ef9c       0x10 ./Core/Src/main.o
 .debug_macro   0x000000000002efac       0x40 ./Core/Src/main.o
 .debug_macro   0x000000000002efec       0xd5 ./Core/Src/main.o
 .debug_macro   0x000000000002f0c1       0x1c ./Core/Src/main.o
 .debug_macro   0x000000000002f0dd       0x3d ./Core/Src/main.o
 .debug_macro   0x000000000002f11a       0x16 ./Core/Src/main.o
 .debug_macro   0x000000000002f130      0x145 ./Core/Src/main.o
 .debug_macro   0x000000000002f275      0x2c1 ./Core/Src/stm32h7xx_hal_msp.o
 .debug_macro   0x000000000002f536      0x2cb ./Core/Src/stm32h7xx_it.o
 .debug_macro   0x000000000002f801      0x2b2 ./Core/Src/system_stm32h7xx.o
 .debug_macro   0x000000000002fab3      0x2cb ./Core/Src/tim.o
 .debug_macro   0x000000000002fd7e      0x2cb ./Core/Src/usart.o
 .debug_macro   0x0000000000030049      0x2cb ./Core/Src/usb_otg.o
 .debug_macro   0x0000000000030314      0x2dc ./Drivers/STM32H7xx_HAL_Driver/Src/stm32h7xx_hal.o
 .debug_macro   0x00000000000305f0      0x2b2 ./Drivers/STM32H7xx_HAL_Driver/Src/stm32h7xx_hal_cortex.o
 .debug_macro   0x00000000000308a2      0x377 ./Drivers/STM32H7xx_HAL_Driver/Src/stm32h7xx_hal_fdcan.o
 .debug_macro   0x0000000000030c19      0x2b9 ./Drivers/STM32H7xx_HAL_Driver/Src/stm32h7xx_hal_gpio.o
 .debug_macro   0x0000000000030ed2      0x2eb ./Drivers/STM32H7xx_HAL_Driver/Src/stm32h7xx_hal_pwr_ex.o
 .debug_macro   0x00000000000311bd      0x2d6 ./Drivers/STM32H7xx_HAL_Driver/Src/stm32h7xx_hal_rcc.o
 .debug_macro   0x0000000000031493      0x2d0 ./Drivers/STM32H7xx_HAL_Driver/Src/stm32h7xx_hal_rcc_ex.o
 .debug_macro   0x0000000000031763      0x2b3 ./Drivers/STM32H7xx_HAL_Driver/Src/stm32h7xx_hal_tim.o
 .debug_macro   0x0000000000031a16      0x2b8 ./Drivers/STM32H7xx_HAL_Driver/Src/stm32h7xx_hal_tim_ex.o
 .debug_macro   0x0000000000031cce      0x2dd ./Drivers/STM32H7xx_HAL_Driver/Src/stm32h7xx_hal_uart.o
 .debug_macro   0x0000000000031fab      0x2be ./Drivers/STM32H7xx_HAL_Driver/Src/stm32h7xx_hal_uart_ex.o

.debug_line     0x0000000000000000    0x18f12
 .debug_line    0x0000000000000000      0x926 ./Core/Src/fdcan.o
 .debug_line    0x0000000000000926      0x8ec ./Core/Src/gpio.o
 .debug_line    0x0000000000001212      0xace ./Core/Src/main.o
 .debug_line    0x0000000000001ce0      0x872 ./Core/Src/stm32h7xx_hal_msp.o
 .debug_line    0x0000000000002552      0x97e ./Core/Src/stm32h7xx_it.o
 .debug_line    0x0000000000002ed0      0xa1b ./Core/Src/system_stm32h7xx.o
 .debug_line    0x00000000000038eb      0xa1e ./Core/Src/tim.o
 .debug_line    0x0000000000004309      0x9af ./Core/Src/usart.o
 .debug_line    0x0000000000004cb8      0x872 ./Core/Src/usb_otg.o
 .debug_line    0x000000000000552a       0x89 ./Core/Startup/startup_stm32h7a3zitxq.o
 .debug_line    0x00000000000055b3      0xe2e ./Drivers/STM32H7xx_HAL_Driver/Src/stm32h7xx_hal.o
 .debug_line    0x00000000000063e1      0xe27 ./Drivers/STM32H7xx_HAL_Driver/Src/stm32h7xx_hal_cortex.o
 .debug_line    0x0000000000007208     0x276a ./Drivers/STM32H7xx_HAL_Driver/Src/stm32h7xx_hal_fdcan.o
 .debug_line    0x0000000000009972      0xce4 ./Drivers/STM32H7xx_HAL_Driver/Src/stm32h7xx_hal_gpio.o
 .debug_line    0x000000000000a656      0xfaf ./Drivers/STM32H7xx_HAL_Driver/Src/stm32h7xx_hal_pwr_ex.o
 .debug_line    0x000000000000b605     0x132b ./Drivers/STM32H7xx_HAL_Driver/Src/stm32h7xx_hal_rcc.o
 .debug_line    0x000000000000c930     0x1a59 ./Drivers/STM32H7xx_HAL_Driver/Src/stm32h7xx_hal_rcc_ex.o
 .debug_line    0x000000000000e389     0x3edf ./Drivers/STM32H7xx_HAL_Driver/Src/stm32h7xx_hal_tim.o
 .debug_line    0x0000000000012268     0x1ec0 ./Drivers/STM32H7xx_HAL_Driver/Src/stm32h7xx_hal_tim_ex.o
 .debug_line    0x0000000000014128     0x3eeb ./Drivers/STM32H7xx_HAL_Driver/Src/stm32h7xx_hal_uart.o
 .debug_line    0x0000000000018013      0xeff ./Drivers/STM32H7xx_HAL_Driver/Src/stm32h7xx_hal_uart_ex.o

.debug_str      0x0000000000000000   0x149d04
 .debug_str     0x0000000000000000   0x142421 ./Core/Src/fdcan.o
                                     0x142aed (size before relaxing)
 .debug_str     0x0000000000142421       0x48 ./Core/Src/gpio.o
                                     0x141b29 (size before relaxing)
 .debug_str     0x0000000000142469     0x1993 ./Core/Src/main.o
                                     0x1437f5 (size before relaxing)
 .debug_str     0x0000000000143dfc       0x2c ./Core/Src/stm32h7xx_hal_msp.o
                                     0x141aa0 (size before relaxing)
 .debug_str     0x0000000000143e28       0xf9 ./Core/Src/stm32h7xx_it.o
                                     0x1423ce (size before relaxing)
 .debug_str     0x0000000000143f21      0x2df ./Core/Src/system_stm32h7xx.o
                                     0x141a5d (size before relaxing)
 .debug_str     0x0000000000144200      0x2bd ./Core/Src/tim.o
                                     0x142bf9 (size before relaxing)
 .debug_str     0x00000000001444bd       0x6b ./Core/Src/usart.o
                                     0x1423d4 (size before relaxing)
 .debug_str     0x0000000000144528       0x2d ./Core/Src/usb_otg.o
                                     0x141865 (size before relaxing)
 .debug_str     0x0000000000144555       0x37 ./Core/Startup/startup_stm32h7a3zitxq.o
                                         0x6e (size before relaxing)
 .debug_str     0x000000000014458c      0x750 ./Drivers/STM32H7xx_HAL_Driver/Src/stm32h7xx_hal.o
                                     0x142849 (size before relaxing)
 .debug_str     0x0000000000144cdc      0x398 ./Drivers/STM32H7xx_HAL_Driver/Src/stm32h7xx_hal_cortex.o
                                     0x14235e (size before relaxing)
 .debug_str     0x0000000000145074     0x1bbc ./Drivers/STM32H7xx_HAL_Driver/Src/stm32h7xx_hal_fdcan.o
                                     0x1436fd (size before relaxing)
 .debug_str     0x0000000000146c30      0x12a ./Drivers/STM32H7xx_HAL_Driver/Src/stm32h7xx_hal_gpio.o
                                     0x141a3b (size before relaxing)
 .debug_str     0x0000000000146d5a      0x745 ./Drivers/STM32H7xx_HAL_Driver/Src/stm32h7xx_hal_pwr_ex.o
                                     0x141fa2 (size before relaxing)
 .debug_str     0x000000000014749f      0x26c ./Drivers/STM32H7xx_HAL_Driver/Src/stm32h7xx_hal_rcc.o
                                     0x141df0 (size before relaxing)
 .debug_str     0x000000000014770b      0x63d ./Drivers/STM32H7xx_HAL_Driver/Src/stm32h7xx_hal_rcc_ex.o
                                     0x14225d (size before relaxing)
 .debug_str     0x0000000000147d48      0xd38 ./Drivers/STM32H7xx_HAL_Driver/Src/stm32h7xx_hal_tim.o
                                     0x142ae7 (size before relaxing)
 .debug_str     0x0000000000148a80      0x59e ./Drivers/STM32H7xx_HAL_Driver/Src/stm32h7xx_hal_tim_ex.o
                                     0x142446 (size before relaxing)
 .debug_str     0x000000000014901e      0xa06 ./Drivers/STM32H7xx_HAL_Driver/Src/stm32h7xx_hal_uart.o
                                     0x1427ee (size before relaxing)
 .debug_str     0x0000000000149a24      0x2e0 ./Drivers/STM32H7xx_HAL_Driver/Src/stm32h7xx_hal_uart_ex.o
                                     0x141df5 (size before relaxing)

.comment        0x0000000000000000       0x53
 .comment       0x0000000000000000       0x53 ./Core/Src/fdcan.o
                                         0x54 (size before relaxing)
 .comment       0x0000000000000053       0x54 ./Core/Src/gpio.o
 .comment       0x0000000000000053       0x54 ./Core/Src/main.o
 .comment       0x0000000000000053       0x54 ./Core/Src/stm32h7xx_hal_msp.o
 .comment       0x0000000000000053       0x54 ./Core/Src/stm32h7xx_it.o
 .comment       0x0000000000000053       0x54 ./Core/Src/system_stm32h7xx.o
 .comment       0x0000000000000053       0x54 ./Core/Src/tim.o
 .comment       0x0000000000000053       0x54 ./Core/Src/usart.o
 .comment       0x0000000000000053       0x54 ./Core/Src/usb_otg.o
 .comment       0x0000000000000053       0x54 ./Drivers/STM32H7xx_HAL_Driver/Src/stm32h7xx_hal.o
 .comment       0x0000000000000053       0x54 ./Drivers/STM32H7xx_HAL_Driver/Src/stm32h7xx_hal_cortex.o
 .comment       0x0000000000000053       0x54 ./Drivers/STM32H7xx_HAL_Driver/Src/stm32h7xx_hal_fdcan.o
 .comment       0x0000000000000053       0x54 ./Drivers/STM32H7xx_HAL_Driver/Src/stm32h7xx_hal_gpio.o
 .comment       0x0000000000000053       0x54 ./Drivers/STM32H7xx_HAL_Driver/Src/stm32h7xx_hal_pwr_ex.o
 .comment       0x0000000000000053       0x54 ./Drivers/STM32H7xx_HAL_Driver/Src/stm32h7xx_hal_rcc.o
 .comment       0x0000000000000053       0x54 ./Drivers/STM32H7xx_HAL_Driver/Src/stm32h7xx_hal_rcc_ex.o
 .comment       0x0000000000000053       0x54 ./Drivers/STM32H7xx_HAL_Driver/Src/stm32h7xx_hal_tim.o
 .comment       0x0000000000000053       0x54 ./Drivers/STM32H7xx_HAL_Driver/Src/stm32h7xx_hal_tim_ex.o
 .comment       0x0000000000000053       0x54 ./Drivers/STM32H7xx_HAL_Driver/Src/stm32h7xx_hal_uart.o
 .comment       0x0000000000000053       0x54 ./Drivers/STM32H7xx_HAL_Driver/Src/stm32h7xx_hal_uart_ex.o

.debug_frame    0x0000000000000000     0x5510
 .debug_frame   0x0000000000000000       0x78 ./Core/Src/fdcan.o
 .debug_frame   0x0000000000000078       0x38 ./Core/Src/gpio.o
 .debug_frame   0x00000000000000b0       0xf4 ./Core/Src/main.o
 .debug_frame   0x00000000000001a4       0x38 ./Core/Src/stm32h7xx_hal_msp.o
 .debug_frame   0x00000000000001dc      0x158 ./Core/Src/stm32h7xx_it.o
 .debug_frame   0x0000000000000334       0x58 ./Core/Src/system_stm32h7xx.o
 .debug_frame   0x000000000000038c      0x114 ./Core/Src/tim.o
 .debug_frame   0x00000000000004a0       0x94 ./Core/Src/usart.o
 .debug_frame   0x0000000000000534       0x30 ./Core/Src/usb_otg.o
 .debug_frame   0x0000000000000564      0x6a8 ./Drivers/STM32H7xx_HAL_Driver/Src/stm32h7xx_hal.o
 .debug_frame   0x0000000000000c0c      0x4b8 ./Drivers/STM32H7xx_HAL_Driver/Src/stm32h7xx_hal_cortex.o
 .debug_frame   0x00000000000010c4      0xf9c ./Drivers/STM32H7xx_HAL_Driver/Src/stm32h7xx_hal_fdcan.o
 .debug_frame   0x0000000000002060      0x14c ./Drivers/STM32H7xx_HAL_Driver/Src/stm32h7xx_hal_gpio.o
 .debug_frame   0x00000000000021ac      0x660 ./Drivers/STM32H7xx_HAL_Driver/Src/stm32h7xx_hal_pwr_ex.o
 .debug_frame   0x000000000000280c      0x1fc ./Drivers/STM32H7xx_HAL_Driver/Src/stm32h7xx_hal_rcc.o
 .debug_frame   0x0000000000002a08      0x3cc ./Drivers/STM32H7xx_HAL_Driver/Src/stm32h7xx_hal_rcc_ex.o
 .debug_frame   0x0000000000002dd4     0x121c ./Drivers/STM32H7xx_HAL_Driver/Src/stm32h7xx_hal_tim.o
 .debug_frame   0x0000000000003ff0      0x724 ./Drivers/STM32H7xx_HAL_Driver/Src/stm32h7xx_hal_tim_ex.o
 .debug_frame   0x0000000000004714      0xa8c ./Drivers/STM32H7xx_HAL_Driver/Src/stm32h7xx_hal_uart.o
 .debug_frame   0x00000000000051a0      0x29c ./Drivers/STM32H7xx_HAL_Driver/Src/stm32h7xx_hal_uart_ex.o
 .debug_frame   0x000000000000543c       0x2c c:/st/stm32cubeide_1.8.0/stm32cubeide/plugins/com.st.stm32cube.ide.mcu.externaltools.gnu-tools-for-stm32.9-2020-q2-update.win32_2.0.0.202105311346/tools/bin/../lib/gcc/arm-none-eabi/9.3.1/../../../../arm-none-eabi/lib/thumb/v7e-m+dp/hard\libc_nano.a(lib_a-init.o)
 .debug_frame   0x0000000000005468       0x28 c:/st/stm32cubeide_1.8.0/stm32cubeide/plugins/com.st.stm32cube.ide.mcu.externaltools.gnu-tools-for-stm32.9-2020-q2-update.win32_2.0.0.202105311346/tools/bin/../lib/gcc/arm-none-eabi/9.3.1/../../../../arm-none-eabi/lib/thumb/v7e-m+dp/hard\libc_nano.a(lib_a-memcpy-stub.o)
 .debug_frame   0x0000000000005490       0x20 c:/st/stm32cubeide_1.8.0/stm32cubeide/plugins/com.st.stm32cube.ide.mcu.externaltools.gnu-tools-for-stm32.9-2020-q2-update.win32_2.0.0.202105311346/tools/bin/../lib/gcc/arm-none-eabi/9.3.1/../../../../arm-none-eabi/lib/thumb/v7e-m+dp/hard\libc_nano.a(lib_a-memset.o)
 .debug_frame   0x00000000000054b0       0x2c c:/st/stm32cubeide_1.8.0/stm32cubeide/plugins/com.st.stm32cube.ide.mcu.externaltools.gnu-tools-for-stm32.9-2020-q2-update.win32_2.0.0.202105311346/tools/bin/../lib/gcc/arm-none-eabi/9.3.1/thumb/v7e-m+dp/hard\libgcc.a(_aeabi_uldivmod.o)
 .debug_frame   0x00000000000054dc       0x34 c:/st/stm32cubeide_1.8.0/stm32cubeide/plugins/com.st.stm32cube.ide.mcu.externaltools.gnu-tools-for-stm32.9-2020-q2-update.win32_2.0.0.202105311346/tools/bin/../lib/gcc/arm-none-eabi/9.3.1/thumb/v7e-m+dp/hard\libgcc.a(_udivmoddi4.o)
